06-29 17:42:08.789  2599  4421 I VRI[LauncherActivity]@9b4dae5: mWNT: t=0xb400007459f8c9d0 mBlastBufferQueue=0xb4000074ba06cb40 fn= 12 HdrRenderState mRenderHdrSdrRatio=1.0 caller= com.android.systemui.shared.launcher.ViewRootImplCompat.mergeWithNextTransaction:4 com.honeyspace.transition.utils.SurfaceTransactionApplier.scheduleApply$lambda$1:16 com.honeyspace.transition.utils.SurfaceTransactionApplier.b:0 
06-29 17:42:08.789  1140  1140 E SurfaceFlinger: Out of order buffers detected for RequestedLayerState{View root of ReusableWindowDecorViewHost#1#66 parentId=65} producedId=135 frameNumber=93 -> producedId=135 frameNumber=14
06-29 17:42:08.797  2599  2599 I HoneySpace.FloatingAnimator: [Player:A(8.682)] container x: 1049.4336, y: 313.74817, scale : 0.28258783
06-29 17:42:08.798  2599  4423 I VRI[LauncherActivity]@9b4dae5: mWNT: t=0xb400007459f9e390 mBlastBufferQueue=0xb4000074ba06cb40 fn= 13 HdrRenderState mRenderHdrSdrRatio=1.0 caller= com.android.systemui.shared.launcher.ViewRootImplCompat.mergeWithNextTransaction:4 com.honeyspace.transition.utils.SurfaceTransactionApplier.scheduleApply$lambda$1:16 com.honeyspace.transition.utils.SurfaceTransactionApplier.b:0 
06-29 17:42:08.800  1140  1140 E SurfaceFlinger: Out of order buffers detected for RequestedLayerState{View root of ReusableWindowDecorViewHost#1#66 parentId=65} producedId=135 frameNumber=93 -> producedId=135 frameNumber=15
06-29 17:42:08.808  2599  2599 I HoneySpace.FloatingAnimator: [Player:A(8.682)] container x: 1114.0015, y: 330.92398, scale : 0.23952764
06-29 17:42:08.809  2599  4421 I VRI[LauncherActivity]@9b4dae5: mWNT: t=0xb400007459fb77d0 mBlastBufferQueue=0xb4000074ba06cb40 fn= 14 HdrRenderState mRenderHdrSdrRatio=1.0 caller= com.android.systemui.shared.launcher.ViewRootImplCompat.mergeWithNextTransaction:4 com.honeyspace.transition.utils.SurfaceTransactionApplier.scheduleApply$lambda$1:16 com.honeyspace.transition.utils.SurfaceTransactionApplier.b:0 
06-29 17:42:08.811  1140  1140 E SurfaceFlinger: Out of order buffers detected for RequestedLayerState{View root of ReusableWindowDecorViewHost#1#66 parentId=65} producedId=135 frameNumber=93 -> producedId=135 frameNumber=16
06-29 17:42:08.819  2599  2599 I HoneySpace.FloatingAnimator: [Player:A(8.682)] container x: 1166.8187, y: 345.5018, scale : 0.20414959
06-29 17:42:08.820  2599  4423 I VRI[LauncherActivity]@9b4dae5: mWNT: t=0xb400007459f58c50 mBlastBufferQueue=0xb4000074ba06cb40 fn= 15 HdrRenderState mRenderHdrSdrRatio=1.0 caller= com.android.systemui.shared.launcher.ViewRootImplCompat.mergeWithNextTransaction:4 com.honeyspace.transition.utils.SurfaceTransactionApplier.scheduleApply$lambda$1:16 com.honeyspace.transition.utils.SurfaceTransactionApplier.b:0 
06-29 17:42:08.822  1140  1140 E SurfaceFlinger: Out of order buffers detected for RequestedLayerState{View root of ReusableWindowDecorViewHost#1#66 parentId=65} producedId=135 frameNumber=93 -> producedId=135 frameNumber=17
06-29 17:42:08.825  1611  1908 V MdnieScenarioControlService: mAclOffEnabled : false
06-29 17:42:08.830  2599  2599 I HoneySpace.FloatingAnimator: [Player:A(8.682)] container x: 1211.4954, y: 358.2044, scale : 0.17482427
06-29 17:42:08.832  2599  4421 I VRI[LauncherActivity]@9b4dae5: mWNT: t=0xb400007459fc6090 mBlastBufferQueue=0xb4000074ba06cb40 fn= 16 HdrRenderState mRenderHdrSdrRatio=1.0 caller= com.android.systemui.shared.launcher.ViewRootImplCompat.mergeWithNextTransaction:4 com.honeyspace.transition.utils.SurfaceTransactionApplier.scheduleApply$lambda$1:16 com.honeyspace.transition.utils.SurfaceTransactionApplier.b:0 
06-29 17:42:08.833  1140  1140 E SurfaceFlinger: Out of order buffers detected for RequestedLayerState{View root of ReusableWindowDecorViewHost#1#66 parentId=65} producedId=135 frameNumber=93 -> producedId=135 frameNumber=18
06-29 17:42:08.835  1064  1084 I hwcomposer: [HWCDisplay] [Display_0 (type:1, mode:2)] fps:84.688240,dur:1003.68,max:34.05,min:9.86  
06-29 17:42:08.841  2599  2599 I HoneySpace.FloatingAnimator: [Player:A(8.682)] container x: 1247.942, y: 367.79526, scale : 0.1506214
06-29 17:42:08.842  2599  4423 I VRI[LauncherActivity]@9b4dae5: mWNT: t=0xb400007459fa7bd0 mBlastBufferQueue=0xb4000074ba06cb40 fn= 17 HdrRenderState mRenderHdrSdrRatio=1.0 caller= com.android.systemui.shared.launcher.ViewRootImplCompat.mergeWithNextTransaction:4 com.honeyspace.transition.utils.SurfaceTransactionApplier.scheduleApply$lambda$1:16 com.honeyspace.transition.utils.SurfaceTransactionApplier.b:0 
06-29 17:42:08.844  1140  1140 E SurfaceFlinger: Out of order buffers detected for RequestedLayerState{View root of ReusableWindowDecorViewHost#1#66 parentId=65} producedId=135 frameNumber=93 -> producedId=135 frameNumber=19
06-29 17:42:08.849  2599 11071 I HoneySpace.HistoryRepositoryImpl88344969@OneUI: loadHistoryItems() displayId:0, deskId:-1, rawTasks:8
06-29 17:42:08.850  2599 11071 I HoneySpace.GroupTask: userId:0, isDeviceLocked:false
06-29 17:42:08.852  2599  2599 E SurfaceComposerClient: SurfaceComposerClient::Transaction::setAlpha: invalid alpha -0.014483, clamping
06-29 17:42:08.853  2599  2599 I HoneySpace.FloatingAnimator: [Player:A(8.682)] container x: 1277.478, y: 376.50012, scale : 0.13053884
06-29 17:42:08.854  2599  4421 I VRI[LauncherActivity]@9b4dae5: mWNT: t=0xb400007459f44dd0 mBlastBufferQueue=0xb4000074ba06cb40 fn= 18 HdrRenderState mRenderHdrSdrRatio=1.0 caller= com.android.systemui.shared.launcher.ViewRootImplCompat.mergeWithNextTransaction:4 com.honeyspace.transition.utils.SurfaceTransactionApplier.scheduleApply$lambda$1:16 com.honeyspace.transition.utils.SurfaceTransactionApplier.b:0 
06-29 17:42:08.857  2599 11071 I HoneySpace.BadgeDataSourceImpl: Get notification count. PK(p='com.android.vending', u=UserHandle{0}) - forceBadgeCount: false, notification listener: 1, badge provider: 0
06-29 17:42:08.859  2599 11071 I HoneySpace.HistoryRepositoryImpl88344969@OneUI: [Add] displayId:0, deskId:-1 item:[0], (#0,#-1,#1), item=id:-2 label:Nexium Health componnet:com.aistudio.nexiumhealth.qptwyx/com.example.MainActivity#UserHandle{0} badgeCount:0  drag:false iconState:NONE, tasks=[[id=215 windowingMode=1 user=0 lastActiveTime=9795463] null], [RecentApp], showRunningCue=false, isRunning=false, isMinimized=false, [215]
06-29 17:42:08.859  2599 11071 I HoneySpace.HistoryRepositoryImpl88344969@OneUI: [Add] displayId:0, deskId:-1 item:[0], (#0,#-1,#1), item=id:-2 label:Bluetooth componnet:com.android.settings/.Settings$BluetoothSettingsActivity#UserHandle{0} badgeCount:0  drag:false iconState:NONE, tasks=[[id=192 windowingMode=1 user=0 lastActiveTime=5469733] null], [RecentApp], showRunningCue=false, isRunning=true, isMinimized=false, [192]
06-29 17:42:08.859  2599 11071 I HoneySpace.HistoryRepositoryImpl88344969@OneUI: [Add] displayId:-1, deskId:-1 item:[0], (#-1,#-1,#1), item=id:-2 label:Browser componnet:com.sec.android.app.sbrowser/.SBrowserMainActivity#UserHandle{0} badgeCount:0  drag:false iconState:NONE, tasks=[[id=195 windowingMode=1 user=0 lastActiveTime=3443064] null], [RecentApp], showRunningCue=false, isRunning=false, isMinimized=false, [195]
06-29 17:42:08.859  2599 11071 I HoneySpace.HistoryRepositoryImpl88344969@OneUI: [Add] displayId:-1, deskId:-1 item:[0], (#-1,#-1,#1), item=id:-2 label:YouTube componnet:com.google.android.youtube/.app.honeycomb.Shell$HomeActivity#UserHandle{0} badgeCount:0  drag:false iconState:NONE, tasks=[[id=188 windowingMode=0 user=0 lastActiveTime=21972] null], [RecentApp], showRunningCue=false, isRunning=false, isMinimized=false, [188]
06-29 17:42:08.859  2599 11071 I HoneySpace.HistoryRepositoryImpl88344969@OneUI: [Add] displayId:-1, deskId:-1 item:[0], (#-1,#-1,#1), item=id:-2 label:Google Play componnet:com.android.vending/.AssetBrowserActivity#UserHandle{0} badgeCount:1  drag:false iconState:NONE, tasks=[[id=161 windowingMode=0 user=0 lastActiveTime=21970] null], [RecentApp], showRunningCue=false, isRunning=false, isMinimized=false, [161]
06-29 17:42:08.859  2599 11071 I HoneySpace.HistoryRepositoryImpl88344969@OneUI: result : 5
06-29 17:42:08.859  2599 11071 I HoneySpace.HistoryViewModel@264438248@OneUI: getSuggestedAppsData
06-29 17:42:08.859  2599 11071 I HoneySpace.SuggestedAppsRepositoryImpl: fetchSuggestedApps()
06-29 17:42:08.860  2599 11071 I HoneySpace.GroupTask: userId:0, isDeviceLocked:false
06-29 17:42:08.860  2599 11071 I HoneySpace.SuggestedAppsRepositoryImpl: getTaskListData() collected: 8
06-29 17:42:08.860  2599 11071 I HoneySpace.SuggestedItemsFacade: updateTaskList : 8
06-29 17:42:08.860  2599 11071 I HoneySpace.BadgeDataSourceImpl: Get notification count. PK(p='com.android.vending', u=UserHandle{0}) - forceBadgeCount: false, notification listener: 1, badge provider: 0
06-29 17:42:08.860  2599 11071 I HoneySpace.SuggestedAppsRepositoryImpl: getDPSData() collected: 9
06-29 17:42:08.860  2599 11071 I HoneySpace.SuggestedItemsFacade: updateItems :  9
06-29 17:42:08.861  2599 11071 I HoneySpace.SuggestedItemsFacade: DPS items : Chrome, com.android.chrome/com.google.android.apps.chrome.Main#UserHandle{0}
06-29 17:42:08.861  2599 11071 I HoneySpace.SuggestedItemsFacade: DPS items : ╨б╨╛╨╛╨▒╤Й╨╡╨╜╨╕╤П, com.google.android.apps.messaging/.ui.ConversationListActivity#UserHandle{0}
06-29 17:42:08.861  2599 11071 I HoneySpace.SuggestedItemsFacade: DPS items : Google Play, com.android.vending/.AssetBrowserActivity#UserHandle{0}
06-29 17:42:08.861  2599 11071 I HoneySpace.SuggestedItemsFacade: DPS items : Gmail, com.google.android.gm/.ConversationListActivityGmail#UserHandle{0}
06-29 17:42:08.861  2599 11071 I HoneySpace.SuggestedItemsFacade: DPS items : YouTube, com.google.android.youtube/.app.honeycomb.Shell$HomeActivity#UserHandle{0}
06-29 17:42:08.861  2599 11071 I HoneySpace.SuggestedItemsFacade: DPS items : ╨Э╨░╤Б╤В╤А╨╛╨╣╨║╨╕, com.android.settings/.Settings#UserHandle{0}
06-29 17:42:08.861  2599 11071 I HoneySpace.SuggestedItemsFacade: DPS items : ╨д╨╛╤В╨╛, com.google.android.apps.photos/.home.HomeActivity#UserHandle{0}
06-29 17:42:08.861  2599 11071 I HoneySpace.SuggestedItemsFacade: DPS items : Outlook, com.microsoft.office.outlook/.MainActivity#UserHandle{0}
06-29 17:42:08.861  2599 11071 I HoneySpace.SuggestedItemsFacade: DPS items : ╨Ъ╨░╤А╤В╤Л, com.google.android.apps.maps/com.google.android.maps.MapsActivity#UserHandle{0}
06-29 17:42:08.861  2599 11071 I HoneySpace.FilteredItemProvider: collect filtered items o, [PK(p='com.aistudio.nexiumhealth.qptwyx', u=UserHandle{0}), PK(p='com.google.android.gms', u=UserHandle{0}), PK(p='com.android.settings', u=UserHandle{0}), PK(p='com.sec.android.app.sbrowser', u=UserHandle{0})]
06-29 17:42:08.861  2599 11071 I HoneySpace.FilteredItemProvider: collect filtered items i, [PK(p='com.sec.android.app.camera', u=UserHandle{0}), PK(p='com.samsung.android.app.notes', u=UserHandle{0}), PK(p='com.sec.android.app.sbrowser', u=UserHandle{0}), PK(p='com.google.android.apps.messaging', u=UserHandle{0}), PK(p='com.sec.android.app.myfiles', u=UserHandle{0})]
06-29 17:42:08.861  2599 11071 I HoneySpace.FilteredItemProvider: collect filtered items e, [PK(p='com.samsung.android.appseparation', u=UserHandle{0})]
06-29 17:42:08.861  2599 11071 I HoneySpace.FilteredItemProvider: collect filtered items g, []
06-29 17:42:08.861  2599 11071 I HoneySpace.FilteredItemProvider: collect filtered items m, []
06-29 17:42:08.861  2599 11071 I HoneySpace.FilteredItemProvider: collect filtered items b, []
06-29 17:42:08.861  2599 11071 I HoneySpace.FilteredItemProvider: collect filtered items d, []
06-29 17:42:08.861  2599 11071 I HoneySpace.SuggestedItemsFacade: filteredItem : PK(p='com.aistudio.nexiumhealth.qptwyx', u=UserHandle{0})
06-29 17:42:08.861  2599 11071 I HoneySpace.SuggestedItemsFacade: filteredItem : PK(p='com.google.android.gms', u=UserHandle{0})
06-29 17:42:08.861  2599 11071 I HoneySpace.SuggestedItemsFacade: filteredItem : PK(p='com.android.settings', u=UserHandle{0})
06-29 17:42:08.861  2599 11071 I HoneySpace.SuggestedItemsFacade: item removed by filter - PK(p='com.android.settings', u=UserHandle{0})
06-29 17:42:08.861  2599 11071 I HoneySpace.SuggestedItemsFacade: filteredItem : PK(p='com.sec.android.app.sbrowser', u=UserHandle{0})
06-29 17:42:08.861  2599 11071 I HoneySpace.SuggestedItemsFacade: filteredItem : PK(p='com.sec.android.app.camera', u=UserHandle{0})
06-29 17:42:08.861  2599 11071 I HoneySpace.SuggestedItemsFacade: filteredItem : PK(p='com.samsung.android.app.notes', u=UserHandle{0})
06-29 17:42:08.861  2599 11071 I HoneySpace.SuggestedItemsFacade: filteredItem : PK(p='com.google.android.apps.messaging', u=UserHandle{0})
06-29 17:42:08.861  2599 11071 I HoneySpace.SuggestedItemsFacade: item removed by filter - PK(p='com.google.android.apps.messaging', u=UserHandle{0})
06-29 17:42:08.861  2599 11071 I HoneySpace.SuggestedItemsFacade: filteredItem : PK(p='com.sec.android.app.myfiles', u=UserHandle{0})
06-29 17:42:08.861  2599 11071 I HoneySpace.SuggestedItemsFacade: filteredItem : PK(p='com.samsung.android.appseparation', u=UserHandle{0})
06-29 17:42:08.861  2599 11071 I HoneySpace.BadgeDataSourceImpl: Get notification count. PK(p='com.android.vending', u=UserHandle{0}) - forceBadgeCount: false, notification listener: 1, badge provider: 0
06-29 17:42:08.861  2599 11071 I HoneySpace.SuggestedItemsFacade: after getFilteredDPSItems: 7 / max: 18
06-29 17:42:08.862  2599 11071 I HoneySpace.SuggestedAppsProvider[InstalledItems]: Initialized time=Mon Apr 13 17:03:39 GMT+05:00 2026
06-29 17:42:08.863  2599  2599 E SurfaceComposerClient: SurfaceComposerClient::Transaction::setAlpha: invalid alpha -0.035080, clamping
06-29 17:42:08.863  2599  2599 I HoneySpace.FloatingAnimator: [Player:A(8.682)] container x: 1301.9741, y: 382.4847, scale : 0.114550866
06-29 17:42:08.863  2599  5317 I Kumiho-Kumiho: getPackageName: com.sec.android.app.launcher
06-29 17:42:08.864  2599  5317 I Kumiho-Kumiho: getPackageName: com.sec.android.app.launcher
06-29 17:42:08.864  2599  4423 I VRI[LauncherActivity]@9b4dae5: mWNT: t=0xb400007459ff7b10 mBlastBufferQueue=0xb4000074ba06cb40 fn= 19 HdrRenderState mRenderHdrSdrRatio=1.0 caller= com.android.systemui.shared.launcher.ViewRootImplCompat.mergeWithNextTransaction:4 com.honeyspace.transition.utils.SurfaceTransactionApplier.scheduleApply$lambda$1:16 com.honeyspace.transition.utils.SurfaceTransactionApplier.b:0 
06-29 17:42:08.864  2599  5317 I Kumiho-Kumiho: getPackageName: com.sec.android.app.launcher
06-29 17:42:08.865  2599  5317 I Kumiho-Kumiho: getPackageName: com.sec.android.app.launcher
06-29 17:42:08.865  2599  5317 I Kumiho-Kumiho: getPackageName: com.sec.android.app.launcher
06-29 17:42:08.866  2599  5317 I Kumiho-Kumiho: getPackageName: com.sec.android.app.launcher
06-29 17:42:08.866  2599  5317 I Kumiho-Kumiho: getPackageName: com.sec.android.app.launcher
06-29 17:42:08.866  1140  1140 E SurfaceFlinger: alpha changed 0.021 -> 0.000 - Surface(name=Task=215)/@0x8943380_transition-leash#1443
06-29 17:42:08.867  2599  5317 I Kumiho-Kumiho: getPackageName: com.sec.android.app.launcher
06-29 17:42:08.867  2599  5317 I Kumiho-Kumiho: getPackageName: com.sec.android.app.launcher
06-29 17:42:08.867  1611  1650 I DisplayDeviceRepository: Display device changed render timings: "╨Т╤Б╤В╤А╨╛╨╡╨╜╨╜╤Л╨╣ ╤Н╨║╤А╨░╨╜", renderFrameRate=90.0, presentationDeadlineNanos=14100000, appVsyncOffsetNanos=5633333, frameRateOverrides=[{uid=10060 frameRateHz=90.0}, {uid=10134 frameRateHz=90.0}]
06-29 17:42:08.868  2599  5317 I Kumiho-Kumiho: getPackageName: com.sec.android.app.launcher
06-29 17:42:08.868  2599  5317 I Kumiho-Kumiho: getPackageName: com.sec.android.app.launcher
06-29 17:42:08.868  2599  5317 I Kumiho-Kumiho: getPackageName: com.sec.android.app.launcher
06-29 17:42:08.869  2599  5317 I Kumiho-Kumiho: getPackageName: com.sec.android.app.launcher
06-29 17:42:08.870  2599  5317 I Kumiho-Kumiho: getPackageName: com.sec.android.app.launcher
06-29 17:42:08.871  2599  5317 I Kumiho-Kumiho: getPackageName: com.sec.android.app.launcher
06-29 17:42:08.872  1140  1140 D SurfaceFlinger: Display 4627039422300187648 HWC layers:
06-29 17:42:08.872  1140  1140 D SurfaceFlinger:        CLIENT |            8955006812172 | 00000100 | RGBA_8888    |   11.0   17.0 1189.0 1903.0 |    0    0 1200 1920 | Wallpaper BBQ wrapper 5_system#83 (1)
06-29 17:42:08.872  1140  1140 D SurfaceFlinger:        DEVICE |           11162620002870 | 00002100 | RGBA_8888    |    0.0    0.0 1200.0 1920.0 |    0    0 1200 1920 | com.sec.android.app.launcher/com.sec[...]tivities.LauncherActivity$_2599#1438 (18)
06-29 17:42:08.872  1140  1140 D SurfaceFlinger:        DEVICE |            8955006812231 | 00002100 | RGBA_8888    |    3.0    0.0   45.0 1920.0 |    0    0   42 1920 | StatusBar$_2085#100 (3616)
06-29 17:42:08.872  1140  1140 D SurfaceFlinger:        DEVICE |           11162620002861 | 00002100 | RGBA_8888    |    0.0    0.0  120.0   67.0 |  309    0  429   67 | com.sec.android.app.launcher/com.sam[...]el.app.CocktailBarService$_2599#1444 (1)
06-29 17:42:08.872  1140  1140 D SurfaceFlinger:        DEVICE |           11162620002319 | 00002100 | RGBA_8888    |    0.0    0.0   68.0 1920.0 | 1132    0 1200 1920 | TaskbarWindow$_2599#123 (1865)
06-29 17:42:08.872  1140  1140 D SurfaceFlinger: 
06-29 17:42:08.872  2599  5317 I Kumiho-Kumiho: getPackageName: com.sec.android.app.launcher
06-29 17:42:08.874  2599  5317 I Kumiho-Kumiho: getPackageName: com.sec.android.app.launcher
06-29 17:42:08.874  2599  2599 E SurfaceComposerClient: SurfaceComposerClient::Transaction::setAlpha: invalid alpha -0.045866, clamping
06-29 17:42:08.874  2599  2599 I HoneySpace.FloatingAnimator: [Player:A(8.682)] container x: 1320.4913, y: 387.92456, scale : 0.10195901
06-29 17:42:08.874  2599  5317 I Kumiho-Kumiho: getPackageName: com.sec.android.app.launcher
06-29 17:42:08.875  2599  5317 I Kumiho-Kumiho: getPackageName: com.sec.android.app.launcher
06-29 17:42:08.876  2599  4421 I VRI[LauncherActivity]@9b4dae5: mWNT: t=0xb400007459fe9410 mBlastBufferQueue=0xb4000074ba06cb40 fn= 20 HdrRenderState mRenderHdrSdrRatio=1.0 caller= com.android.systemui.shared.launcher.ViewRootImplCompat.mergeWithNextTransaction:4 com.honeyspace.transition.utils.SurfaceTransactionApplier.scheduleApply$lambda$1:16 com.honeyspace.transition.utils.SurfaceTransactionApplier.b:0 
06-29 17:42:08.876  2599  5317 I Kumiho-Kumiho: getPackageName: com.sec.android.app.launcher
06-29 17:42:08.876  2599  5317 I Kumiho-Kumiho: getPackageName: com.sec.android.app.launcher
06-29 17:42:08.877  2599  5317 I Kumiho-Kumiho: getPackageName: com.sec.android.app.launcher
06-29 17:42:08.877  2599  5317 I Kumiho-Kumiho: getPackageName: com.sec.android.app.launcher
06-29 17:42:08.879  2599  5317 I Kumiho-Kumiho: getPackageName: com.sec.android.app.launcher
06-29 17:42:08.879  2599  5317 I Kumiho-Kumiho: getPackageName: com.sec.android.app.launcher
06-29 17:42:08.879  2599  5317 I Kumiho-Kumiho: getPackageName: com.sec.android.app.launcher
06-29 17:42:08.880  2599  5317 I Kumiho-Kumiho: getPackageName: com.sec.android.app.launcher
06-29 17:42:08.880  2599  5317 I Kumiho-Kumiho: getPackageName: com.sec.android.app.launcher
06-29 17:42:08.881  2599  5317 I Kumiho-Kumiho: getPackageName: com.sec.android.app.launcher
06-29 17:42:08.881  2599  5317 I Kumiho-Kumiho: getPackageName: com.sec.android.app.launcher
06-29 17:42:08.881  2599  5317 I Kumiho-Kumiho: getPackageName: com.sec.android.app.launcher
06-29 17:42:08.882  2599  5317 I Kumiho-Kumiho: getPackageName: com.sec.android.app.launcher
06-29 17:42:08.882  2599  5317 I Kumiho-Kumiho: getPackageName: com.sec.android.app.launcher
06-29 17:42:08.882  2599  5317 I Kumiho-Kumiho: getPackageName: com.sec.android.app.launcher
06-29 17:42:08.882  2599  5317 I Kumiho-Kumiho: getPackageName: com.sec.android.app.launcher
06-29 17:42:08.883  2599  5317 I Kumiho-Kumiho: getPackageName: com.sec.android.app.launcher
06-29 17:42:08.883  2599  5317 I Kumiho-Kumiho: getPackageName: com.sec.android.app.launcher
06-29 17:42:08.883  2599  5317 I Kumiho-Kumiho: getPackageName: com.sec.android.app.launcher
06-29 17:42:08.884  2599  5317 I Kumiho-Kumiho: getPackageName: com.sec.android.app.launcher
06-29 17:42:08.884  2599  5317 I Kumiho-Kumiho: getPackageName: com.sec.android.app.launcher
06-29 17:42:08.884  2599  5317 I Kumiho-Kumiho: getPackageName: com.sec.android.app.launcher
06-29 17:42:08.885  2599  5317 I Kumiho-Kumiho: getPackageName: com.sec.android.app.launcher
06-29 17:42:08.885  2599  2599 E SurfaceComposerClient: SurfaceComposerClient::Transaction::setAlpha: invalid alpha -0.049551, clamping
06-29 17:42:08.885  2599  2599 I HoneySpace.FloatingAnimator: [Player:A(8.682)] container x: 1336.712, y: 392.40225, scale : 0.09154293
06-29 17:42:08.885  2599  5317 I Kumiho-Kumiho: getPackageName: com.sec.android.app.launcher
06-29 17:42:08.886  2599  5317 I Kumiho-Kumiho: getPackageName: com.sec.android.app.launcher
06-29 17:42:08.886  2599  5317 I Kumiho-Kumiho: getPackageName: com.sec.android.app.launcher
06-29 17:42:08.886  2599  5317 I Kumiho-Kumiho: getPackageName: com.sec.android.app.launcher
06-29 17:42:08.886  2599  4423 I VRI[LauncherActivity]@9b4dae5: mWNT: t=0xb40000745a001510 mBlastBufferQueue=0xb4000074ba06cb40 fn= 21 HdrRenderState mRenderHdrSdrRatio=1.0 caller= com.android.systemui.shared.launcher.ViewRootImplCompat.mergeWithNextTransaction:4 com.honeyspace.transition.utils.SurfaceTransactionApplier.scheduleApply$lambda$1:16 com.honeyspace.transition.utils.SurfaceTransactionApplier.b:0 
06-29 17:42:08.888  2599 11071 I HoneySpace.FilteredItemProvider: collect filtered items o, [PK(p='com.aistudio.nexiumhealth.qptwyx', u=UserHandle{0}), PK(p='com.google.android.gms', u=UserHandle{0}), PK(p='com.android.settings', u=UserHandle{0}), PK(p='com.sec.android.app.sbrowser', u=UserHandle{0})]
06-29 17:42:08.888  2599 11071 I HoneySpace.FilteredItemProvider: collect filtered items i, [PK(p='com.sec.android.app.camera', u=UserHandle{0}), PK(p='com.samsung.android.app.notes', u=UserHandle{0}), PK(p='com.sec.android.app.sbrowser', u=UserHandle{0}), PK(p='com.google.android.apps.messaging', u=UserHandle{0}), PK(p='com.sec.android.app.myfiles', u=UserHandle{0})]
06-29 17:42:08.888  2599 11071 I HoneySpace.FilteredItemProvider: collect filtered items e, [PK(p='com.samsung.android.appseparation', u=UserHandle{0})]
06-29 17:42:08.888  2599 11071 I HoneySpace.FilteredItemProvider: collect filtered items g, []
06-29 17:42:08.888  2599 11071 I HoneySpace.FilteredItemProvider: collect filtered items m, []
06-29 17:42:08.888  2599 11071 I HoneySpace.FilteredItemProvider: collect filtered items b, []
06-29 17:42:08.888  2599 11071 I HoneySpace.FilteredItemProvider: collect filtered items d, []
06-29 17:42:08.888  2599 11071 I HoneySpace.SuggestedAppsProvider: Collecting Start : Q5.f@31a8b62
06-29 17:42:08.893  2599 11071 I HoneySpace.SuggestedAppsProvider: Collecting Start : Q5.z@89164f3
06-29 17:42:08.895  2599 11071 I HoneySpace.SuggestedAppsProvider[UsedCountItems]: usageStats: 5, filter: 9, 18
06-29 17:42:08.895  2599 11071 W HoneySpace.SuggestedAppsItemMaker: Fail to create ItemInfo from com.wssyncmldm
06-29 17:42:08.895  2599 11071 W HoneySpace.SuggestedAppsItemMaker: Fail to get item com.wssyncmldm
06-29 17:42:08.895  2599 11071 I HoneySpace.SuggestedAppsProvider: Collecting Start : Q5.j@99c35b0
06-29 17:42:08.895  2599 11071 I HoneySpace.SuggestedAppsProvider: Collecting Start : Q5.n@5feac29
06-29 17:42:08.896  2599 11071 I HoneySpace.SuggestedItemsFacade: getFinalItems() : 15 / 17, 18
06-29 17:42:08.896  2599 11071 I HoneySpace.SuggestedItemsFacade: getFinalItems : Chrome, com.android.chrome/com.google.android.apps.chrome.Main#UserHandle{0}
06-29 17:42:08.896  2599 11071 I HoneySpace.SuggestedItemsFacade: getFinalItems : Google Play, com.android.vending/.AssetBrowserActivity#UserHandle{0}
06-29 17:42:08.896  2599 11071 I HoneySpace.SuggestedItemsFacade: getFinalItems : ╨д╨╛╤В╨╛, com.google.android.apps.photos/.home.HomeActivity#UserHandle{0}
06-29 17:42:08.896  2599 11071 I HoneySpace.SuggestedItemsFacade: getFinalItems : Outlook, com.microsoft.office.outlook/.MainActivity#UserHandle{0}
06-29 17:42:08.896  2599 11071 I HoneySpace.SuggestedItemsFacade: getFinalItems : ╨Ъ╨░╤А╤В╤Л, com.google.android.apps.maps/com.google.android.maps.MapsActivity#UserHandle{0}
06-29 17:42:08.896  2599 11071 I HoneySpace.SuggestedItemsFacade: getFinalItems : ╨Ъ╨░╨╗╤М╨║╤Г╨╗╤П╤В╨╛╤А, com.sec.android.app.popupcalculator/.Calculator#UserHandle{0}
06-29 17:42:08.896  2599 11071 I HoneySpace.SuggestedItemsFacade: getFinalItems : ╨У╨░╨╗╨╡╤А╨╡╤П, com.sec.android.gallery3d/com.samsung.android.gallery.app.activity.GalleryActivity#UserHandle{0}
06-29 17:42:08.896  2599 11071 I HoneySpace.SuggestedItemsFacade: getFinalItems : ╨Ъ╨░╨╗╨╡╨╜╨┤╨░╤А╤М, com.samsung.android.calendar/com.samsung.android.app.calendar.activity.MainActivity#UserHandle{0}
06-29 17:42:08.896  2599 11071 I HoneySpace.SuggestedItemsFacade: getFinalItems : ╨з╨░╤Б╤Л, com.sec.android.app.clockpackage/.ClockPackage#UserHandle{0}
06-29 17:42:08.896  2599 11071 I HoneySpace.SuggestedItemsFacade: getFinalItems : Health, com.sec.android.app.shealth/com.samsung.android.app.shealth.home.HomeMainActivity#UserHandle{0}
06-29 17:42:08.896  2599 11071 I HoneySpace.SuggestedItemsFacade: getFinalItems : ╨Ъ╨╛╨╜╤В╨░╨║╤В╤Л, com.samsung.android.app.contacts/com.samsung.android.contacts.contactslist.PeopleActivity#UserHandle{0}
06-29 17:42:08.896  2599 11071 I HoneySpace.SuggestedItemsFacade: getFinalItems : Store, com.sec.android.app.samsungapps/.SamsungAppsMainActivity#UserHandle{0}
06-29 17:42:08.896  2599 11071 I HoneySpace.SuggestedItemsFacade: getFinalItems : Gmail, com.google.android.gm/.ConversationListActivityGmail#UserHandle{0}
06-29 17:42:08.896  2599 11071 I HoneySpace.SuggestedItemsFacade: getFinalItems : ╨в╨╡╨╗╨╡╤Д╨╛╨╜, com.samsung.android.dialer/.DialtactsActivity#UserHandle{0}
06-29 17:42:08.896  2599 11071 I HoneySpace.SuggestedItemsFacade: getFinalItems : YouTube, com.google.android.youtube/.app.honeycomb.Shell$HomeActivity#UserHandle{0}
06-29 17:42:08.896  2599 11071 I HoneySpace.SuggestedAppsRepositoryImpl: fetchSuggestedApps() end: 15, isDPSAvailable: true
06-29 17:42:08.896  2599  2599 E SurfaceComposerClient: SurfaceComposerClient::Transaction::setAlpha: invalid alpha -0.048655, clamping
06-29 17:42:08.896  2599  2599 I HoneySpace.FloatingAnimator: [Player:A(8.682)] container x: 1348.4955, y: 395.8614, scale : 0.08358909
06-29 17:42:08.896  2599 11071 I HoneySpace.HistoryViewModel@264438248@OneUI: classify subHotseat items, mode:Base
06-29 17:42:08.898  2599  4421 I VRI[LauncherActivity]@9b4dae5: mWNT: t=0xb400007459ffdb50 mBlastBufferQueue=0xb4000074ba06cb40 fn= 22 HdrRenderState mRenderHdrSdrRatio=1.0 caller= com.android.systemui.shared.launcher.ViewRootImplCompat.mergeWithNextTransaction:4 com.honeyspace.transition.utils.SurfaceTransactionApplier.scheduleApply$lambda$1:16 com.honeyspace.transition.utils.SurfaceTransactionApplier.b:0 
06-29 17:42:08.901  2599 11071 I HoneySpace.BadgeDataSourceImpl: Get notification count. PK(p='com.android.vending', u=UserHandle{0}) - forceBadgeCount: false, notification listener: 1, badge provider: 0
06-29 17:42:08.905  2599 11071 I HoneySpace.MultiWindowUtils: isMultiInstanceComponent() isSingleInstancePerTask = true
06-29 17:42:08.907  2599  2599 E SurfaceComposerClient: SurfaceComposerClient::Transaction::setAlpha: invalid alpha -0.044616, clamping
06-29 17:42:08.907  2599  2599 I HoneySpace.FloatingAnimator: [Player:A(8.682)] container x: 1356.144, y: 398.1067, scale : 0.078382835
06-29 17:42:08.909  2599  4423 I VRI[LauncherActivity]@9b4dae5: mWNT: t=0xb400007459fe8290 mBlastBufferQueue=0xb4000074ba06cb40 fn= 23 HdrRenderState mRenderHdrSdrRatio=1.0 caller= com.android.systemui.shared.launcher.ViewRootImplCompat.mergeWithNextTransaction:4 com.honeyspace.transition.utils.SurfaceTransactionApplier.scheduleApply$lambda$1:16 com.honeyspace.transition.utils.SurfaceTransactionApplier.b:0 
06-29 17:42:08.914  8891  8895 I android.vending: Background young concurrent mark compact GC freed 7744KB AllocSpace bytes, 0(0B) LOS objects, 34% free, 9924KB/14MB, paused 2.678ms,4.398ms total 114.945ms
06-29 17:42:08.918  2599  2599 E SurfaceComposerClient: SurfaceComposerClient::Transaction::setAlpha: invalid alpha -0.035116, clamping
06-29 17:42:08.918  2599  2599 I HoneySpace.FloatingAnimator: [Player:A(8.682)] container x: 1362.3285, y: 399.9222, scale : 0.07416757
06-29 17:42:08.919  2599  4421 I VRI[LauncherActivity]@9b4dae5: mWNT: t=0xb40000745a00d590 mBlastBufferQueue=0xb4000074ba06cb40 fn= 24 HdrRenderState mRenderHdrSdrRatio=1.0 caller= com.android.systemui.shared.launcher.ViewRootImplCompat.mergeWithNextTransaction:4 com.honeyspace.transition.utils.SurfaceTransactionApplier.scheduleApply$lambda$1:16 com.honeyspace.transition.utils.SurfaceTransactionApplier.b:0 
06-29 17:42:08.920  2599  2599 I HoneySpace.HistoryViewModel@264438248@OneUI: loadItem(HOTSEATBAR) : recentApp=id:-1025 label:Nexium Health componnet:com.aistudio.nexiumhealth.qptwyx/com.example.MainActivity#UserHandle{0} badgeCount:0  drag:false iconState:NONE, displayId:0, deskId:-1, taskInfo=[[id=215 windowingMode=1 user=0 lastActiveTime=9795463] null], isRunning=false, isMinimized=false, [215]
06-29 17:42:08.920  2599  2599 I HoneySpace.HistoryViewModel@264438248@OneUI: loadItem(HOTSEATBAR) : recentApp=id:-1037 label:Bluetooth componnet:com.android.settings/.Settings$BluetoothSettingsActivity#UserHandle{0} badgeCount:0  drag:false iconState:NONE, displayId:0, deskId:-1, taskInfo=[[id=192 windowingMode=1 user=0 lastActiveTime=5469733] null], isRunning=true, isMinimized=false, [192]
06-29 17:42:08.920  2599  2599 I HoneySpace.HistoryViewModel@264438248@OneUI: loadItem(HOTSEATBAR) : recentApp=id:-1024 label:YouTube componnet:com.google.android.youtube/.app.honeycomb.Shell$HomeActivity#UserHandle{0} badgeCount:0  drag:false iconState:NONE, displayId:-1, deskId:-1, taskInfo=[[id=188 windowingMode=0 user=0 lastActiveTime=21972] null], isRunning=false, isMinimized=false, [188]
06-29 17:42:08.920  2599  2599 I HoneySpace.HistoryTaskView@35327792@OneUI: loading ? false
06-29 17:42:08.920  2599  2599 I HoneySpace.HistoryTaskView@35327792@OneUI: current state com.honeyspace.sdk.HomeScreen$Normal@d82e63e
06-29 17:42:08.929  2599  2599 E SurfaceComposerClient: SurfaceComposerClient::Transaction::setAlpha: invalid alpha -0.024444, clamping
06-29 17:42:08.929  2599  2599 I HoneySpace.FloatingAnimator: [Player:A(8.682)] container x: 1364.4541, y: 400.5462, scale : 0.07272951
06-29 17:42:08.930  2599  4423 I VRI[LauncherActivity]@9b4dae5: mWNT: t=0xb400007459fedf50 mBlastBufferQueue=0xb4000074ba06cb40 fn= 25 HdrRenderState mRenderHdrSdrRatio=1.0 caller= com.android.systemui.shared.launcher.ViewRootImplCompat.mergeWithNextTransaction:4 com.honeyspace.transition.utils.SurfaceTransactionApplier.scheduleApply$lambda$1:16 com.honeyspace.transition.utils.SurfaceTransactionApplier.b:0 
06-29 17:42:08.933  8891  8891 W Finsky  : [2] STU: Failed to get storage stats for package 'com.android.wifi' (1601: Error getting stats: android.content.pm.PackageManager.NameNotFoundException)
06-29 17:42:08.937  8891  8891 W Finsky  : [2] STU: Failed to get storage stats for package 'com.google.android.widevine.nonupdatable' (1601: Error getting stats: android.content.pm.PackageManager.NameNotFoundException)
06-29 17:42:08.938  8891  8891 W Finsky  : [2] STU: Failed to get storage stats for package 'com.samsung.android.camera.unihal' (1601: Error getting stats: android.content.pm.PackageManager.NameNotFoundException)
06-29 17:42:08.940  2599  2599 E SurfaceComposerClient: SurfaceComposerClient::Transaction::setAlpha: invalid alpha -0.010292, clamping
06-29 17:42:08.940  2599  2599 I HoneySpace.FloatingAnimator: [Player:A(8.682)] container x: 1366.0, y: 401.0, scale : 0.071666665
06-29 17:42:08.940  2599  2599 I HoneySpace.FloatingAnimator: [Player:A(8.682)] value animator:[234075100] end
06-29 17:42:08.940  2599  2599 I HoneySpace.FloatingAnimator: reset containerView, com.honeyspace.transition.anim.floating.ContainerView{77e0261 V.E...... ......ID 0,0-1211,1200}
06-29 17:42:08.940  2599  2599 I HoneySpace.FloatingAnimator: remove positionListener - com.honeyspace.transition.anim.floating.c@bb567f3
06-29 17:42:08.940  2599  2599 I HoneySpace.FloatingAnimator: [Player:A(8.682)] reset
06-29 17:42:08.940  2599  2599 I HoneySpace.IconView: setIconVisible : visible-true, currentForceHideBadge-true
06-29 17:42:08.940  2599  2599 I HoneySpace.IconView: updateInvisibleState true APP_CLOSING current:2 new:0
06-29 17:42:08.941  2599  2599 I HoneySpace.FloatingAnimator: playerCount : 0
06-29 17:42:08.941  2599  2599 I HoneySpace.FloatingFinishHelper: finishInProgress: true
06-29 17:42:08.941  2599  2599 I HoneySpace.AppCloseAnimationDelegate: animatorSet end
06-29 17:42:08.941  2599  2599 I HoneySpace.DeJankUtils: postAfterTraversal is called com.honeyspace.common.performance.JankWrapper$addCujInstrumentation$1$4$1@feef2bf, immediate : true detail : app transition end
06-29 17:42:08.941  2599  2599 I HoneySpace.AnimationResult: finish, false
06-29 17:42:08.941  2599  2599 I HoneySpace.FloatingFinishHelper: isAppShow reset, immediate
06-29 17:42:08.941  2599  2599 I HoneySpace.AppscreenViewModel: endGestureHint
06-29 17:42:08.941  2599  2599 I HoneySpace.AppscreenViewModel: resetAnimatedValues
06-29 17:42:08.941  2599  2599 I HoneySpace.HoneyScreenManagerImpl: transitionAnimator is ended, onCancel: false
06-29 17:42:08.941  2599  2599 I HoneySpace.ContentsAnimator: ContentsAnimator end [163106021]
06-29 17:42:08.943  2599  2599 I InsetsController: cancelAnimation: types=statusBars navigationBars, animType=0, host=com.sec.android.app.launcher/com.sec.android.app.launcher.activities.LauncherActivity, from=android.view.InsetsController.notifyFinished:2018 android.view.InsetsAnimationThreadControlRunner$1.lambda$notifyFinished$0:82 android.view.InsetsAnimationThreadControlRunner$1.$r8$lambda$cDFF0h4Ncq-8EXdGszv69jrUu7c:0 
06-29 17:42:08.943  2599  4421 I VRI[LauncherActivity]@9b4dae5: mWNT: t=0xb400007459ff3f90 mBlastBufferQueue=0xb4000074ba06cb40 fn= 26 HdrRenderState mRenderHdrSdrRatio=1.0 caller= com.android.systemui.shared.launcher.ViewRootImplCompat.mergeWithNextTransaction:4 com.honeyspace.transition.utils.SurfaceTransactionApplier.scheduleApply$lambda$1:16 com.honeyspace.transition.utils.SurfaceTransactionApplier.b:0 
06-29 17:42:08.943  2599 31129 I HoneySpace.AnimationResult: asyncFinishRunnable run
06-29 17:42:08.943  2599  2599 I HoneySpace.AnimationResult: completeCallback run
06-29 17:42:08.943  2599  2599 I HoneySpace.RunnableList: executeAllAndClear() called, size: 1
06-29 17:42:08.944  2085  2190 D DesktopModeWindowDecorViewModel: destroyWindowDecoration: DesktopModeWindowDecoration{b829088, p=Point(0, 0), d=0, tid=215, w=fullscreen, focused=false, vh=false}, decors=[192, 210]
06-29 17:42:08.944  2085  2190 V WindowManagerShell: Transition animation finished (aborted=false), notifying core (#81) android.os.BinderProxy@412b36b@0
06-29 17:42:08.945  2085  2190 I SurfaceControlRegistry: apply, t=FinishTransaction_SyncId<81>, caller=android.view.SurfaceControl$Transaction.apply:3459 android.view.SurfaceControl$Transaction.apply:3447 android.view.SurfaceControl$Transaction.apply:3397 com.android.wm.shell.transition.Transitions.onFinish:315 com.android.wm.shell.transition.Transitions$$ExternalSyntheticLambda7.onTransitionFinished:12 com.android.wm.shell.transition.RemoteTransitionHandler$1$$ExternalSyntheticLambda0.run:78 
06-29 17:42:08.945  1611  1767 V WindowManager: Finish Transition: TransitionRecord{49420b8 id=81 type=CLOSE flags=0x10 c=[
06-29 17:42:08.945  1611  1767 V WindowManager:    ChangeInfo{360cbdd container=Display{#0 state=ON size=1920x1200 ROTATION_90} flags=0x0}
06-29 17:42:08.945  1611  1767 V WindowManager:    ChangeInfo{8425352 container=ActivityRecord{125129199 u0 com.aistudio.nexiumhealth.qptwyx/com.example.MainActivity t215 f} isExiting} flags=0x0}
06-29 17:42:08.945  1611  1767 V WindowManager:    ChangeInfo{d0ca623 container=WallpaperWindowToken{78976e0 showWhenLocked=false}_<system> flags=0x0}
06-29 17:42:08.945  1611  1767 V WindowManager:    ChangeInfo{b139720 container=DefaultTaskDisplayArea_d0@142855759 flags=0x0}
06-29 17:42:08.945  1611  1767 V WindowManager:    ChangeInfo{22348d9 container=Task{9c4e4fc #215 type=standard A=10329:com.aistudio.nexiumhealth.qptwyx} flags=0x10}
06-29 17:42:08.945  1611  1767 V WindowManager:    ChangeInfo{a0e529e container=Task{b8fe154 #200 type=home} flags=0x30}
06-29 17:42:08.945  1611  1767 V WindowManager:    ChangeInfo{979817f container=RemoteWallpaperAnim:1:1@225897422 flags=0x0}
06-29 17:42:08.945  1611  1767 V WindowManager:    ChangeInfo{56b054c container=ActivityRecord{231188647 u0 com.sec.android.app.launcher/.activities.LauncherActivity t201} flags=0x0}
06-29 17:42:08.945  1611  1767 V WindowManager:    ChangeInfo{ef69995 container=Task{de2b8fd #201 type=home I=com.sec.android.app.launcher/.activities.LauncherActivity} flags=0x30}
06-29 17:42:08.945  1611  1767 V WindowManager: ]
06-29 17:42:08.945  1611  1767 V WindowManager: }, caller=com.android.server.wm.WindowOrganizerController.finishTransitionInner:31 com.android.server.wm.WindowOrganizerController.finishAllTransitions:60 android.window.IWindowOrganizerController$Stub.onTransact:283 
06-29 17:42:08.946  1611  1767 V WindowManager: Setting visibility of Window{3e74c76 u0 com.aistudio.nexiumhealth.qptwyx/com.example.MainActivity EXITING}: false, caller=com.android.server.wm.WindowContainer.sendAppVisibilityToClients:19 com.android.server.wm.WindowToken.setClientVisible:91 com.android.server.wm.ActivityRecord.commitVisibility:186 com.android.server.wm.TransitionController.finishTransition:846 com.android.server.wm.WindowOrganizerController.finishTransitionInner:31 
06-29 17:42:08.946  1611  1767 E IPCThreadState: Binder transaction failure. id: 4628498, BR_*: 29189, error: -22 (Invalid argument)
06-29 17:42:08.946  1611  1767 W ActivityManager: pid 1611 system sent binder code 7 with flags 1 to frozen apps and got error -32
06-29 17:42:08.947  1611  1767 W WindowManager: Exception thrown during dispatchAppVisibility Window{3e74c76 u0 com.aistudio.nexiumhealth.qptwyx/com.example.MainActivity EXITING}
06-29 17:42:08.947  1611  1767 W WindowManager: android.os.DeadObjectException
06-29 17:42:08.947  1611  1767 W WindowManager: 	at android.os.BinderProxy.transactNative(Native Method)
06-29 17:42:08.947  1611  1767 W WindowManager: 	at android.os.BinderProxy.transact(BinderProxy.java:661)
06-29 17:42:08.947  1611  1767 W WindowManager: 	at android.view.IWindow$Stub$Proxy.dispatchAppVisibility(IWindow.java:659)
06-29 17:42:08.947  1611  1767 W WindowManager: 	at com.android.server.wm.WindowState.sendAppVisibilityToClients(qb/108765395 3595209c3d06e0da429c32c8744070529b60d90e9db9b4f8e63f791b3afad322:63)
06-29 17:42:08.947  1611  1767 W WindowManager: 	at com.android.server.wm.WindowContainer.sendAppVisibilityToClients(qb/108765395 3595209c3d06e0da429c32c8744070529b60d90e9db9b4f8e63f791b3afad322:19)
06-29 17:42:08.947  1611  1767 W WindowManager: 	at com.android.server.wm.WindowToken.setClientVisible(qb/108765395 3595209c3d06e0da429c32c8744070529b60d90e9db9b4f8e63f791b3afad322:91)
06-29 17:42:08.947  1611  1767 W WindowManager: 	at com.android.server.wm.ActivityRecord.commitVisibility(qb/108765395 3595209c3d06e0da429c32c8744070529b60d90e9db9b4f8e63f791b3afad322:186)
06-29 17:42:08.947  1611  1767 W WindowManager: 	at com.android.server.wm.TransitionController.finishTransition(qb/108765395 3595209c3d06e0da429c32c8744070529b60d90e9db9b4f8e63f791b3afad322:846)
06-29 17:42:08.947  1611  1767 W WindowManager: 	at com.android.server.wm.WindowOrganizerController.finishTransitionInner(qb/108765395 3595209c3d06e0da429c32c8744070529b60d90e9db9b4f8e63f791b3afad322:31)
06-29 17:42:08.947  1611  1767 W WindowManager: 	at com.android.server.wm.WindowOrganizerController.finishAllTransitions(qb/108765395 3595209c3d06e0da429c32c8744070529b60d90e9db9b4f8e63f791b3afad322:60)
06-29 17:42:08.947  1611  1767 W WindowManager: 	at android.window.IWindowOrganizerController$Stub.onTransact(IWindowOrganizerController.java:283)
06-29 17:42:08.947  1611  1767 W WindowManager: 	at com.android.server.wm.WindowOrganizerController.onTransact(qb/108765395 3595209c3d06e0da429c32c8744070529b60d90e9db9b4f8e63f791b3afad322:1)
06-29 17:42:08.947  1611  1767 W WindowManager: 	at android.os.Binder.execTransactInternal(Binder.java:1462)
06-29 17:42:08.947  1611  1767 W WindowManager: 	at android.os.Binder.execTransact(Binder.java:1401)
06-29 17:42:08.947  1611  1767 W Process : Unable to open /proc/11117/status
06-29 17:42:08.947  1611  1767 W Process : Unable to open /proc/11117/status
06-29 17:42:08.947  1611  1647 V WindowManager: Finish Transition (#81): created at 06-29 17:42:08.507 collect-started=0.492ms request-sent=0.886ms started=7.186ms ready=78.562ms sent=137.294ms commit=25.316ms finished=438.83ms
06-29 17:42:08.947  1611  1767 V WindowManager: Remove Window{3e74c76 u0 com.aistudio.nexiumhealth.qptwyx/com.example.MainActivity EXITING}: mSurfaceControl=Surface(name=com.aistudio.nexiumhealth.qptwyx/com.example.MainActivity$_11117)/@0x14e4971 mAnimatingExit=true mRemoveOnExit=true mHasSurface=true surfaceShowing=true animating=false app-animation=false callers=com.android.server.wm.WindowToken.removeAllWindowsIfPossible:45 com.android.server.wm.WindowToken.removeIfPossible:16 com.android.server.wm.WindowToken.handleCompleteDeferredRemoval:5 com.android.server.wm.WindowContainer.handleCompleteDeferredRemoval:21 com.android.server.wm.TaskFragment.handleCompleteDeferredRemoval:17 com.android.server.wm.WindowContainer.handleCompleteDeferredRemoval:21 
06-29 17:42:08.948  1611  1767 D PowerManagerService: [api] release WakeLock SCREEN_BRIGHT_WAKE_LOCK           'WindowManager/displayId:0' ON_AFTER_RELEASE ACQ=-18s207ms (uid=1000 pid=1611 ws=WorkSource{10329 com.aistudio.nexiumhealth.qptwyx} displayId=0 lock=5cbd9bc)
06-29 17:42:08.948  2599  2599 I HoneySpace.Launcher: onEnterAnimationComplete
06-29 17:42:08.948  1611  1767 D EdgeLightingManager: hideForWakeLock packageName=android
06-29 17:42:08.948  1611  1767 D EdgeLightingManager: hideForWakeLock is no more used
06-29 17:42:08.948  1611  1767 D PowerManagerService: [api] applyWakeLockFlagsOnReleaseLocked : userActivityNoUpdateLocked is called : SCREEN_BRIGHT_WAKE_LOCK           'WindowManager/displayId:0' ON_AFTER_RELEASE DISABLED (uid=1000 pid=1611 ws=WorkSource{10329 com.aistudio.nexiumhealth.qptwyx} displayId=0 lock=5cbd9bc)
06-29 17:42:08.949  1611  1767 V WindowManager: Remove Window{3e74c76 u0 com.aistudio.nexiumhealth.qptwyx/com.example.MainActivity EXITING}: mSurfaceControl=Surface(name=com.aistudio.nexiumhealth.qptwyx/com.example.MainActivity$_11117)/@0x14e4971 mAnimatingExit=true mRemoveOnExit=true mHasSurface=true surfaceShowing=true animating=false app-animation=false callers=com.android.server.wm.WindowToken.removeAllWindowsIfPossible:45 com.android.server.wm.WindowToken.removeIfPossible:16 com.android.server.wm.ActivityRecord.onRemovedFromDisplay:407 com.android.server.wm.ActivityRecord.removeImmediately:46 com.android.server.wm.WindowToken.removeIfPossible:19 com.android.server.wm.WindowToken.handleCompleteDeferredRemoval:5 
06-29 17:42:08.949  1140  1225 I SurfaceFlinger: onHandleDestroyed: layerId=1417, name=c2827c9 ActivityRecordInputSink com.aistudio.nexiumhealth.qptwyx/com.example.MainActivity#1417
06-29 17:42:08.949  1140  1225 I SurfaceFlinger: id=1417 Removed c2827c9 ActivityRecordInputSink com.aistudio.nexiumhealth.qptwyx/com.example.MainActivity#1417 (141)
06-29 17:42:08.949  1611  1767 D RestrictionPolicy: isScreenCaptureEnabled : ret=true userId=0
06-29 17:42:08.951  1140  1225 I SurfaceFlinger: id=1447 createSurf, flag=24004, Task=215#1447
06-29 17:42:08.951  2599  2599 I HoneySpace.DeJankUtils: traversals callback's received
06-29 17:42:08.951  2599  2599 I HoneySpace.DeJankUtils: doActionRunnable is called com.honeyspace.common.performance.JankWrapper$addCujInstrumentation$1$4$1@feef2bf, immediate = true, detail : app transition end
06-29 17:42:08.951  2599  2599 I HoneySpace.AppTransitionAnimationAwait: proceed 1
06-29 17:42:08.951  2599  2599 I HoneySpace.FloatingFinishHelper: finishInProgress: false
06-29 17:42:08.951  1611  1767 D CompatChangeReporter: Compat change id reported: 357141415; UID 10329; state: ENABLED
06-29 17:42:08.952  1611  1767 D ChangeTransitionController: onTransitionFinished: TransitionRecord{49420b8 id=81 type=CLOSE flags=0x10 c=[
06-29 17:42:08.952  1611  1767 D ChangeTransitionController:    ChangeInfo{360cbdd container=Display{#0 state=ON size=1920x1200 ROTATION_90} flags=0x0}
06-29 17:42:08.952  1611  1767 D ChangeTransitionController:    ChangeInfo{8425352 container=ActivityRecord{125129199 u0 com.aistudio.nexiumhealth.qptwyx/com.example.MainActivity t-1 f}} flags=0x0}
06-29 17:42:08.952  1611  1767 D ChangeTransitionController:    ChangeInfo{d0ca623 container=WallpaperWindowToken{78976e0 showWhenLocked=false}_<system> flags=0x0}
06-29 17:42:08.952  1611  1767 D ChangeTransitionController:    ChangeInfo{b139720 container=DefaultTaskDisplayArea_d0@142855759 flags=0x0}
06-29 17:42:08.952  1611  1767 D ChangeTransitionController:    ChangeInfo{22348d9 container=Task{9c4e4fc #215 type=standard A=10329:com.aistudio.nexiumhealth.qptwyx} flags=0x10}
06-29 17:42:08.952  1611  1767 D ChangeTransitionController:    ChangeInfo{a0e529e container=Task{b8fe154 #200 type=home} flags=0x30}
06-29 17:42:08.952  1611  1767 D ChangeTransitionController:    ChangeInfo{979817f container=RemoteWallpaperAnim:1:1@225897422 flags=0x0}
06-29 17:42:08.952  1611  1767 D ChangeTransitionController:    ChangeInfo{56b054c container=ActivityRecord{231188647 u0 com.sec.android.app.launcher/.activities.LauncherActivity t201} flags=0x0}
06-29 17:42:08.952  1611  1767 D ChangeTransitionController:    ChangeInfo{ef69995 container=Task{de2b8fd #201 type=home I=com.sec.android.app.launcher/.activities.LauncherActivity} flags=0x30}
06-29 17:42:08.952  1611  1767 D ChangeTransitionController: ]
06-29 17:42:08.952  1611  1767 D ChangeTransitionController: }
06-29 17:42:08.952  2085  2190 V WindowManagerShell: Track 0 became idle
06-29 17:42:08.952  2085  2190 V WindowManagerShell: All active transition animations finished
06-29 17:42:08.954  2599  2599 I HoneySpace.HistoryViewModel@264438248@OneUI: loadItemJob canceled
06-29 17:42:08.954  1140  1140 I SurfaceFlinger: RequestedLayer [Task=215#1412] hidden!! flag  from(0) --> to(1)
06-29 17:42:08.954  1140  1140 I SurfaceFlinger: [Display 0 name="╨Т╤Б╤В╤А╨╛╨╡╨╜╨╜╤Л╨╣ ╤Н╨║╤А╨░╨╜"#49] setFrameRateCategory: Default
06-29 17:42:08.954  1140  1140 I SurfaceFlinger: [LayerHierarchy{RequestedLayerState{Task=200#588 parentId=10} 2 children}] reparent to LayerHierarchy{RequestedLayerState{DefaultTaskDisplayArea_d0#10 parentId=9} 10 children}
06-29 17:42:08.954  1140  1140 I SurfaceFlinger: [LayerHierarchy{RequestedLayerState{WallpaperWindowToken{78976e0 showWhenLocked=false}#79 parentId=8 z=1} 1 children}] reparent to LayerHierarchy{RequestedLayerState{Leaf:1:1#8 parentId=7} 2 children}
06-29 17:42:08.954  1140  1140 I SurfaceFlinger: [LayerHierarchy{RequestedLayerState{Task=215#1412 parentId=10 z=7} 2 children}] reparent to LayerHierarchy{RequestedLayerState{DefaultTaskDisplayArea_d0#10 parentId=9} 11 children}
06-29 17:42:08.954  1140  1140 I SurfaceFlinger: [LayerHierarchy{RequestedLayerState{Decor container of Task=215#1418 z=30000} 1 children}] reparent to OffscreenRoot
06-29 17:42:08.954  1140  1140 I SurfaceFlinger: [LayerHierarchy{RequestedLayerState{Decor container of Task=215#1418 z=30000} 1 children}] RelativeParent to null
06-29 17:42:08.954  1140  1140 I SurfaceFlinger: [LayerHierarchy{RequestedLayerState{Transition Root: Task=200#1441} 2 children}] reparent to OffscreenRoot
06-29 17:42:08.954  1140  1140 I SurfaceFlinger: [LayerHierarchy{RequestedLayerState{Transition Root: Task=200#1441} 2 children}] RelativeParent to null
06-29 17:42:08.954  1140  1140 I SurfaceFlinger: [Task=215#1447] attach to parent Root
06-29 17:42:08.954  2599  2599 I HoneySpace.TaskStackChangeRepositoryImpl: onTaskRemoved : 215
06-29 17:42:08.954  2599  2599 I HoneySpace.HistoryViewModel@30801294@OneUI: task bar is not showing. skip load history items
06-29 17:42:08.955  2599  3241 I HoneySpace.HistoryViewModel@264438248@OneUI: loadItems(HOTSEATBAR) called - delay=200, reason=Update
06-29 17:42:08.955  8891  8891 W Finsky  : [2] STU: Failed to get storage stats for package 'com.samsung.android.shell' (1601: Error getting stats: android.content.pm.PackageManager.NameNotFoundException)
06-29 17:42:08.955  1140  1140 I SurfaceFlinger: onHandleDestroyed: layerId=1441, name=Transition Root: Task=200#1441
06-29 17:42:08.955  1140  1140 I SurfaceFlinger: id=1441 Removed Transition Root: Task=200#1441 (142)
06-29 17:42:08.955  1140  1140 I SurfaceFlinger: onHandleDestroyed: layerId=1418, name=Decor container of Task=215#1418
06-29 17:42:08.955  1140  1140 I SurfaceFlinger: id=1418 Removed Decor container of Task=215#1418 (142)
06-29 17:42:08.955  2599  2599 I HoneySpace.HistoryViewModel@30801294@OneUI: launcherShowing : true, recentShowing : false, isInteractive : true, state : 0, minusOne : false
06-29 17:42:08.956  2599  2599 I HoneySpace.HistoryViewModel@264438248@OneUI: loadItemJob canceled
06-29 17:42:08.956  1611  1650 I DisplayDeviceRepository: Display device changed render timings: "╨Т╤Б╤В╤А╨╛╨╡╨╜╨╜╤Л╨╣ ╤Н╨║╤А╨░╨╜", renderFrameRate=90.0, presentationDeadlineNanos=14100000, appVsyncOffsetNanos=5633333, frameRateOverrides=[]
06-29 17:42:08.956  2599  2762 I HoneySpace.TopTaskSource: onTaskRemoved: 215
06-29 17:42:08.957  2599  2599 I HoneySpace.TaskStackChangeRepositoryImpl: onTaskRemoved : 215
