06-29 17:42:09.819  1064  1084 I hwcomposer: [DPY] HFR match - Display config: 0, base: 0, try: 0  
06-29 17:42:09.826  1140  1140 I BufferQueueProducer: [FramebufferSurface](this:0xb4000070c5651e10,id:-1,api:1,p:1140,c:1140) queueBuffer: fps=20.70 dur=1111.13 max=759.45 min=8.85
06-29 17:42:09.828  1140  1226 I VSyncReactor: Current= 60, Period= 90, hwcPeriod= 90
06-29 17:42:09.832  1140  1140 D SurfaceFlinger: backpressure when mode change
06-29 17:42:09.845  1064  1299 I hwcomposer: [HWCDisplay] updateAppliedConfigState: applied config complete[idx:1558, config:0]  
06-29 17:42:09.848  1140  1140 I PowerHalWrapper: updateFps(): 90
06-29 17:42:09.848  1140  1140 D SurfaceFlinger: finalizeDisplayModeChange: display size = 1
06-29 17:42:09.848  1140  1140 I PowerHalWrapper: mEnableMultiDisplayMode enable=0 fps=90
06-29 17:42:09.848  1140  1140 I mtkpower_client: PowerHal_Wrap_EnableMultiDisplayMode, enable:0 fps:90 CurMultiDisplayMode:-1
06-29 17:42:09.849  1140  1140 I PowerHalWrapper: updateFps(): 90
06-29 17:42:09.851  1064  1084 I hwcomposer: [HWCDisplay] [Display_0 (type:1, mode:2)] fps:18.703768,dur:1015.84,max:521.95,min:8.72  
06-29 17:42:09.853  1140  1230 E SfCpu   :  sched_setaffinity return fail 1140
06-29 17:42:09.853  1140  1230 E SfCpu   :  sched_setaffinity return fail 1234
06-29 17:42:09.853  1140  1230 E SfCpu   :  sched_setaffinity return fail 1230
06-29 17:42:09.853  1140  1230 E SfCpu   :  sched_setaffinity return fail 1084
06-29 17:42:09.853  1140  1230 E SfCpu   :  sched_setaffinity return fail 1064
06-29 17:42:09.854  2117  2117 I wpa_supplicant: Heartbeat 977
06-29 17:42:09.958  1064  1273 I hwcomposer: [HWC] (0)fire a callback of refresh to SF[4]  
06-29 17:42:10.406  1140  1294 D DisplayModeController: setDesiredMode 4627039422300187648 {mode={fps=60.00 Hz, modePtr={id=1, vsyncRate=60.00 Hz, peakRefreshRate=60.00 Hz}}, emitEvent=false, force=false}
06-29 17:42:10.407  1140  1294 D Scheduler: MtkOverrideDuration: update vsync 60
06-29 17:42:10.407  1140  1294 E SurfaceFlinger: MtkDuration override mode is disabled
06-29 17:42:10.407  1140  1294 D Scheduler: MtkOverrideDuration: reset override duration
06-29 17:42:10.407  1140  1294 I PowerHalWrapper: updateFps(): 60
06-29 17:42:10.408  1140  1140 I LayerHistory: StatusBar$_2085#100 voted NoVote (0.00 Hz)
06-29 17:42:10.409  1140  1140 I SurfaceFlinger: Idle - choose 60.00 Hz
06-29 17:42:10.409  1140  1140 I HWComposer: [4627039422300187648] ActiveConfigToHWC, ID : 1
06-29 17:42:10.410 21745  8806 I enyd    : (REDACTED) HDM. appOpsListener %s %s
06-29 17:42:10.410  1064  1084 I hwcomposer: [HWCDisplay] (0) setActiveConfigWithConstraints config:1  
06-29 17:42:10.410  1064  1084 I hwcomposer: [HWCDisplay] setActiveConfigWithConstraints(), now 9797364250352, diff 1465153, estimated_applied_time 11111111 queued_size:0  
06-29 17:42:10.410  1064  1084 I hwcomposer: [HWCDisplay] Current VRR MODE is 1 | config=1  
06-29 17:42:10.410 21745  8806 I enyd    : (REDACTED) HDM. Ignoring irrelevant audio permission changes for package %s
06-29 17:42:10.410  1064  1084 I hwcomposer: [DPY] HFR match - Display config: 1, base: 1, try: 0  
06-29 17:42:10.412  2996  3045 I RequestManager_FLP: onOpChanged, op=0 / packageName=com.android.vending
06-29 17:42:10.415  1140  1230 E SfCpu   :  sched_setaffinity return fail 1140
06-29 17:42:10.415  1140  1230 E SfCpu   :  sched_setaffinity return fail 1234
06-29 17:42:10.415  1140  1230 E SfCpu   :  sched_setaffinity return fail 1230
06-29 17:42:10.415  1140  1230 E SfCpu   :  sched_setaffinity return fail 1084
06-29 17:42:10.415  1140  1230 E SfCpu   :  sched_setaffinity return fail 1064
06-29 17:42:10.417  1140  1140 I PowerHalWrapper: updateFps(): 60
06-29 17:42:10.417  1140  1140 D SurfaceFlinger: finalizeDisplayModeChange: display size = 1
06-29 17:42:10.417  1140  1140 I PowerHalWrapper: mEnableMultiDisplayMode enable=0 fps=60
06-29 17:42:10.417  1140  1140 I mtkpower_client: PowerHal_Wrap_EnableMultiDisplayMode, enable:0 fps:60 CurMultiDisplayMode:-1
06-29 17:42:10.417  1140  1140 I PowerHalWrapper: updateFps(): 60
06-29 17:42:10.418  1140  2809 I VSyncReactor: Current= 90, Period= 60, hwcPeriod= 60
06-29 17:42:10.418  1064  1299 I hwcomposer: [HWCDisplay] updateAppliedConfigState: applied config complete[idx:1559, config:1]  
06-29 17:42:10.570  1064  1273 I hwcomposer: [HWC] (0)fire a callback of refresh to SF[4]  
06-29 17:42:10.596  1611  1953 I ChimeraAggressivePolicyHandler: executePolicy() - triggerSource: TRIGGER_SOURCE_HOME_IDLE
06-29 17:42:10.600  1611  1953 I ChimeraAggressivePolicyHandler: available memory: 2591036, free memory target: 1382400, quit chimera
06-29 17:42:10.655  2060  2346 D SatelliteController: isInCarrierRoamingNbIotNtn: satellite is disabled
06-29 17:42:10.724  3035  3198 E frs     : Failed to open /sys/kernel/thermal/frs_nl_id: No such file or directory
06-29 17:42:10.725  3035  3198 I frs     : read netlink id fail, reason:No such file or directory
06-29 17:42:11.023 10933 10942 W ndroid.game.gos: userfaultfd: MOVE ioctl seems unsupported: Connection timed out
06-29 17:42:11.102 11303 11303 I vtservice_aidl: [VT][SRV]before VTService_AiDL_instantiate
06-29 17:42:11.103 11303 11303 E vtservice_aidl: [VT][SRV] VideoTelephony AIDL add service failed!!
06-29 17:42:11.103 11303 11303 I vtservice_aidl: [VT][SRV] VideoTelephony : aidl service is terminating...
06-29 17:42:11.134   673   673 D io_stats: !@   8,32 r 564403 21073752 w 305052 11374664 d 37144 7445688 f 13883 34168 iot 120680 0 th 0 0 0 pt 0 inp 0 0 9798.088
06-29 17:42:11.135   673   673 D io_stats: !@ Read_top(KB): roid.honeyboard(7120) 1228 .gms.persistent(2615) 544 system_server(1611) 248
06-29 17:42:11.135   673   673 D io_stats: !@ Write_top(KB): kworker/u16:2(6870) 4180 android.vending(8891) 116 f2fs_ckpt-254:7(854) 92
06-29 17:42:12.596  1611  1833 D SemInputMotionEventDispatcher: registerMotionEventListener: already registered: com.samsung.android.hardware.secinputdev.taas.ExternalApi$5@cdd00c6
06-29 17:42:12.782  2039  2040 D WifiHAL : WifiRequest::create vendor command to iface 50, vendor_id=0x1a11, subcmd=0x1200, res=0
06-29 17:42:12.793  2039  2040 I WifiHAL : LLS RSP: data=0xb40000711530b240, len=4500
06-29 17:42:12.793  2039  2040 I WifiHAL : LLS check_data_sanity: 1819: current_radio_stat->num_channels=38
06-29 17:42:12.793  2039  2040 I WifiHAL : LLS check_data_sanity: 1819: current_radio_stat->num_channels=0
06-29 17:42:12.793  2039  2040 I WifiHAL : LLS check_data_sanity: confirmed_size=4500, len=4500
06-29 17:42:12.810  1611  3840 D SemWifiUsabilityStatsMonitor: onWifiUsabilityStats - seqNum 3229, isSameBssidAndFreq true
06-29 17:42:12.815  2599  2760 I HoneySpace.StatusIconTracker: invokeEvent() called with: event = Wifi(visible=true, resId=2131236020, activityId=2131236055)
06-29 17:42:12.827  1140  1294 D DisplayModeController: setDesiredMode 4627039422300187648 {mode={fps=90.00 Hz, modePtr={id=0, vsyncRate=90.00 Hz, peakRefreshRate=90.00 Hz}}, emitEvent=true, force=false}
06-29 17:42:12.827  1140  1294 D Scheduler: MtkOverrideDuration: update vsync 90
06-29 17:42:12.827  1140  1294 E SurfaceFlinger: MtkDuration override mode is disabled
06-29 17:42:12.827  1140  1294 D Scheduler: MtkOverrideDuration: reset override duration
06-29 17:42:12.827  1140  1294 I PowerHalWrapper: updateFps(): 90
06-29 17:42:12.832  1140  2809 I VSyncReactor: Current= 60, Period= 90, hwcPeriod= 60
06-29 17:42:12.838  1140  1140 I BufferQueueProducer: [StatusBar$_2085#100](this:0xb4000070f58188f8,id:-1,api:0,p:-1,c:1140) queueBuffer: fps=0.33 dur=3021.34 max=3021.34 min=3021.34
06-29 17:42:12.839  1140  1140 I LayerHistory: StatusBar$_2085#100 voted NoVote (0.00 Hz)
06-29 17:42:12.839  1140  1140 I SurfaceFlinger: No layers with votes - choose 90.00 Hz
06-29 17:42:12.840  1140  1140 I HWComposer: [4627039422300187648] ActiveConfigToHWC, ID : 0
06-29 17:42:12.840  1064  1084 I hwcomposer: [HWCDisplay] (0) setActiveConfigWithConstraints config:0  
06-29 17:42:12.840  1064  1084 I hwcomposer: [HWCDisplay] setActiveConfigWithConstraints(), now 9799794515045, diff 1656077, estimated_applied_time 16666667 queued_size:0  
06-29 17:42:12.840  1064  1084 I hwcomposer: [HWCDisplay] Current VRR MODE is 1 | config=0  
06-29 17:42:12.840  1064  1084 I hwcomposer: [DPY] HFR match - Display config: 0, base: 0, try: 0  
06-29 17:42:12.843  1064  1084 I hwcomposer: [HWCDisplay] [Display_0 (type:1, mode:2)] fps:1.670964,dur:2992.28,max:2251.12,min:5.55  
06-29 17:42:12.848  1140  2809 I VSyncReactor: Current= 60, Period= 90, hwcPeriod= 90
06-29 17:42:12.849  1064  1299 I hwcomposer: [HWCDisplay] updateAppliedConfigState: applied config complete[idx:1560, config:0]  
06-29 17:42:12.854  1140  1140 I PowerHalWrapper: updateFps(): 90
06-29 17:42:12.854  1140  1140 D SurfaceFlinger: finalizeDisplayModeChange: display size = 1
06-29 17:42:12.854  1140  1140 I PowerHalWrapper: mEnableMultiDisplayMode enable=0 fps=90
06-29 17:42:12.855  1140  1140 I mtkpower_client: PowerHal_Wrap_EnableMultiDisplayMode, enable:0 fps:90 CurMultiDisplayMode:-1
06-29 17:42:12.855  1140  1140 I PowerHalWrapper: updateFps(): 90
06-29 17:42:12.975  1064  1273 I hwcomposer: [HWC] (0)fire a callback of refresh to SF[4]  
06-29 17:42:12.985  1140  1140 I BufferQueueProducer: [FramebufferSurface](this:0xb4000070c5651e10,id:-1,api:1,p:1140,c:1140) queueBuffer: fps=0.95 dur=3158.83 max=2393.18 min=144.60
06-29 17:42:13.136   673   673 D io_stats: !@   8,32 r 564403 21073752 w 305055 11374672 d 37144 7445688 f 13884 34169 iot 120684 0 th 0 0 0 pt 0 inp 0 0 9800.090
06-29 17:42:13.428  1140  1294 D DisplayModeController: setDesiredMode 4627039422300187648 {mode={fps=60.00 Hz, modePtr={id=1, vsyncRate=60.00 Hz, peakRefreshRate=60.00 Hz}}, emitEvent=false, force=false}
06-29 17:42:13.429  1140  1294 D Scheduler: MtkOverrideDuration: update vsync 60
06-29 17:42:13.430  1140  1294 E SurfaceFlinger: MtkDuration override mode is disabled
06-29 17:42:13.430  1140  1294 D Scheduler: MtkOverrideDuration: reset override duration
06-29 17:42:13.430  1140  1294 I PowerHalWrapper: updateFps(): 60
06-29 17:42:13.432  1140  1140 I LayerHistory: StatusBar$_2085#100 voted NoVote (0.00 Hz)
06-29 17:42:13.432  1140  1140 I SurfaceFlinger: Idle - choose 60.00 Hz
06-29 17:42:13.433  1140  1140 I HWComposer: [4627039422300187648] ActiveConfigToHWC, ID : 1
06-29 17:42:13.433  1064  1084 I hwcomposer: [HWCDisplay] (0) setActiveConfigWithConstraints config:1  
06-29 17:42:13.434  1064  1084 I hwcomposer: [HWCDisplay] setActiveConfigWithConstraints(), now 9800387848583, diff 1391077, estimated_applied_time 11111111 queued_size:0  
06-29 17:42:13.434  1064  1084 I hwcomposer: [HWCDisplay] Current VRR MODE is 1 | config=1  
06-29 17:42:13.434  1064  1084 I hwcomposer: [DPY] HFR match - Display config: 1, base: 1, try: 0  
06-29 17:42:13.434  1140  1226 I VSyncReactor: Current= 90, Period= 60, hwcPeriod= 90
06-29 17:42:13.439  1140  1230 E SfCpu   :  sched_setaffinity return fail 1140
06-29 17:42:13.439  1140  1230 E SfCpu   :  sched_setaffinity return fail 1234
06-29 17:42:13.439  1140  1230 E SfCpu   :  sched_setaffinity return fail 1230
06-29 17:42:13.439  1140  1230 E SfCpu   :  sched_setaffinity return fail 1084
06-29 17:42:13.439  1140  1230 E SfCpu   :  sched_setaffinity return fail 1064
06-29 17:42:13.444  1140  1140 I PowerHalWrapper: updateFps(): 60
06-29 17:42:13.444  1064  1299 I hwcomposer: [HWCDisplay] updateAppliedConfigState: applied config complete[idx:1561, config:1]  
06-29 17:42:13.444  1140  1140 D SurfaceFlinger: finalizeDisplayModeChange: display size = 1
06-29 17:42:13.444  1140  1140 I PowerHalWrapper: mEnableMultiDisplayMode enable=0 fps=60
06-29 17:42:13.444  1140  1140 I mtkpower_client: PowerHal_Wrap_EnableMultiDisplayMode, enable:0 fps:60 CurMultiDisplayMode:-1
06-29 17:42:13.444  1140  1226 I VSyncReactor: Current= 90, Period= 60, hwcPeriod= 60
06-29 17:42:13.445  1140  1140 I PowerHalWrapper: updateFps(): 60
06-29 17:42:13.595  1064  1273 I hwcomposer: [HWC] (0)fire a callback of refresh to SF[4]  
06-29 17:42:13.623  1611 11286 I SystemUiVisibilityPolicyController: handleMessage: entry what = 101
06-29 17:42:14.857  8433  8433 W SmApplication: onTrimMemory : 40
06-29 17:42:14.857  8433  8433 I DC.AppIconCache: clear icon cache
06-29 17:42:15.137   673   673 D io_stats: !@   8,32 r 564406 21074520 w 305061 11374712 d 37144 7445688 f 13884 34169 iot 120688 0 th 0 0 0 pt 0 inp 0 0 9802.091
06-29 17:42:15.138   673   673 D io_stats: !@ Read_top(KB): kworker/u16:2(6870) 768
06-29 17:42:15.138   673   673 D io_stats: !@ Write_top(KB): sait.sohservice(11965) 40
06-29 17:42:15.220  1059  2721 D [BT]    : mtk_bt_op: BT_VND_OP_LPM_WAKE_SET_STATE
06-29 17:42:15.726  3035  3198 E frs     : Failed to open /sys/kernel/thermal/frs_nl_id: No such file or directory
06-29 17:42:15.727  3035  3198 I frs     : read netlink id fail, reason:No such file or directory
06-29 17:42:15.774  2060  2346 D SatelliteController: isInCarrierRoamingNbIotNtn: satellite is disabled
06-29 17:42:15.811  2615 10904 I NearbyMediums: No BLE Fast/GATT advertisements found in the latest cycle.
06-29 17:42:15.812  2039  2040 D WifiHAL : WifiRequest::create vendor command to iface 50, vendor_id=0x1a11, subcmd=0x1200, res=0
06-29 17:42:15.817  2039  2040 I WifiHAL : LLS RSP: data=0xb40000711530b240, len=4500
06-29 17:42:15.818  2039  2040 I WifiHAL : LLS check_data_sanity: 1819: current_radio_stat->num_channels=38
06-29 17:42:15.818  2039  2040 I WifiHAL : LLS check_data_sanity: 1819: current_radio_stat->num_channels=0
06-29 17:42:15.818  2039  2040 I WifiHAL : LLS check_data_sanity: confirmed_size=4500, len=4500
06-29 17:42:15.837  1611  3840 D SemWifiUsabilityStatsMonitor: onWifiUsabilityStats - seqNum 3230, isSameBssidAndFreq true
06-29 17:42:15.842  2599  2760 I HoneySpace.StatusIconTracker: invokeEvent() called with: event = Wifi(visible=true, resId=2131236020, activityId=2131236044)
06-29 17:42:15.867  1140  1294 D DisplayModeController: setDesiredMode 4627039422300187648 {mode={fps=90.00 Hz, modePtr={id=0, vsyncRate=90.00 Hz, peakRefreshRate=90.00 Hz}}, emitEvent=true, force=false}
06-29 17:42:15.867  1140  1294 D Scheduler: MtkOverrideDuration: update vsync 90
06-29 17:42:15.867  1140  1294 E SurfaceFlinger: MtkDuration override mode is disabled
06-29 17:42:15.867  1140  1294 D Scheduler: MtkOverrideDuration: reset override duration
06-29 17:42:15.868  1140  1294 I PowerHalWrapper: updateFps(): 90
06-29 17:42:15.875  1140  2809 I VSyncReactor: Current= 60, Period= 90, hwcPeriod= 60
06-29 17:42:15.881  1140  1140 I BufferQueueProducer: [StatusBar$_2085#100](this:0xb4000070f58188f8,id:-1,api:0,p:-1,c:1140) queueBuffer: fps=0.33 dur=3043.02 max=3043.02 min=3043.02
06-29 17:42:15.882  1140  1140 I LayerHistory: StatusBar$_2085#100 voted NoVote (0.00 Hz)
06-29 17:42:15.882  1140  1140 I SurfaceFlinger: No layers with votes - choose 90.00 Hz
06-29 17:42:15.883  1140  1140 I HWComposer: [4627039422300187648] ActiveConfigToHWC, ID : 0
06-29 17:42:15.883  1064  1084 I hwcomposer: [HWCDisplay] (0) setActiveConfigWithConstraints config:0  
06-29 17:42:15.883  1064  1084 I hwcomposer: [HWCDisplay] setActiveConfigWithConstraints(), now 9802837419276, diff 1472923, estimated_applied_time 16666667 queued_size:0  
06-29 17:42:15.883  1064  1084 I hwcomposer: [HWCDisplay] Current VRR MODE is 1 | config=0  
06-29 17:42:15.883  1064  1084 I hwcomposer: [DPY] HFR match - Display config: 0, base: 0, try: 0  
06-29 17:42:15.886  1064  1084 I hwcomposer: [HWCDisplay] [Display_0 (type:1, mode:2)] fps:1.972180,dur:3042.32,max:2267.26,min:9.44  
06-29 17:42:15.891  1064  1299 I hwcomposer: [HWCDisplay] updateAppliedConfigState: applied config complete[idx:1562, config:0]  
06-29 17:42:15.891  1140  2809 I VSyncReactor: Current= 60, Period= 90, hwcPeriod= 90
06-29 17:42:15.897  1140  1140 I PowerHalWrapper: updateFps(): 90
06-29 17:42:15.897  1140  1140 D SurfaceFlinger: finalizeDisplayModeChange: display size = 1
06-29 17:42:15.897  1140  1140 I PowerHalWrapper: mEnableMultiDisplayMode enable=0 fps=90
06-29 17:42:15.897  1140  1140 I mtkpower_client: PowerHal_Wrap_EnableMultiDisplayMode, enable:0 fps:90 CurMultiDisplayMode:-1
06-29 17:42:15.898  1140  1140 I PowerHalWrapper: updateFps(): 90
06-29 17:42:16.014  1064  1273 I hwcomposer: [HWC] (0)fire a callback of refresh to SF[4]  
06-29 17:42:16.028  1140  1140 I BufferQueueProducer: [FramebufferSurface](this:0xb4000070c5651e10,id:-1,api:1,p:1140,c:1140) queueBuffer: fps=0.66 dur=3042.81 max=2409.80 min=633.01
06-29 17:42:16.114 11304 11304 I vtservice_aidl: [VT][SRV]before VTService_AiDL_instantiate
06-29 17:42:16.115 11304 11304 E vtservice_aidl: [VT][SRV] VideoTelephony AIDL add service failed!!
06-29 17:42:16.115 11304 11304 I vtservice_aidl: [VT][SRV] VideoTelephony : aidl service is terminating...
06-29 17:42:16.284  2779  3506 V CpEventLog(u0): [P] cp_state: [                 contacts = {contacts=1065, raw_contacts=1065, data=5398, account={secphone(1)=0, sim(2)=0, agg(3)=0, google(4)=1065, duo(5)=0}, trash=0, trash_acc={}, trash_sync=0, database=contacts2.db} ]
06-29 17:42:16.284  2779  3506 V CpEventLog(u0): [P] cp_state: [               aggregated = {[4]=1065} ]
06-29 17:42:16.284  2779  3506 V CpEventLog(u0): [P] cp_state: [                  request = {} ]
06-29 17:42:16.284  2779  3506 V CpEventLog(u0): [P] cp_state: [                    calls = {types={}, database=calllog.db} ]
06-29 17:42:16.284  2779  3506 V CpEventLog(u0): [P] cp_state: [                  profile = {contacts=0, raw_contacts=0, data=0, account={secphone(1)=0, sim(2)=0, agg(3)=0, google(4)=0, duo(5)=0}, trash=0, trash_acc={}, trash_sync=0, database=profile.db} ]
06-29 17:42:16.284  2779  3506 V CpEventLog(u0): [P] cp_state: [               sa_profile = {contacts=0, raw_contacts=0, data=0, account={secphone(1)=0, sim(2)=0, agg(3)=0, google(4)=0, duo(5)=0}, trash=0, trash_acc={}, trash_sync=0, database=profile_sa.db} ]
06-29 17:42:16.284  2779  3506 V CpEventLog(u0): [P] cp_state: [                      etc = {binders=0, country_iso=KZ, version=15.6.28, db_version=2000, db_size=4, db_wal_size=0, csc=/, sec_enabled=false, is_roaming=false} ]
06-29 17:42:16.284  2779  3506 V CpEventLog(u0): [P] cp_state: ------------------------------------------------------------------------------
06-29 17:42:16.468  1140  1294 D DisplayModeController: setDesiredMode 4627039422300187648 {mode={fps=60.00 Hz, modePtr={id=1, vsyncRate=60.00 Hz, peakRefreshRate=60.00 Hz}}, emitEvent=false, force=false}
06-29 17:42:16.469  1140  1294 D Scheduler: MtkOverrideDuration: update vsync 60
06-29 17:42:16.469  1140  1294 E SurfaceFlinger: MtkDuration override mode is disabled
06-29 17:42:16.469  1140  1294 D Scheduler: MtkOverrideDuration: reset override duration
06-29 17:42:16.469  1140  1294 I PowerHalWrapper: updateFps(): 60
06-29 17:42:16.472  1140  1140 I LayerHistory: StatusBar$_2085#100 voted NoVote (0.00 Hz)
06-29 17:42:16.472  1140  1140 I SurfaceFlinger: Idle - choose 60.00 Hz
06-29 17:42:16.473  1140  1140 I HWComposer: [4627039422300187648] ActiveConfigToHWC, ID : 1
06-29 17:42:16.473  1064  1084 I hwcomposer: [HWCDisplay] (0) setActiveConfigWithConstraints config:1  
06-29 17:42:16.473  1064  1084 I hwcomposer: [HWCDisplay] setActiveConfigWithConstraints(), now 9803427661814, diff 1437538, estimated_applied_time 11111111 queued_size:0  
06-29 17:42:16.473  1064  1084 I hwcomposer: [HWCDisplay] Current VRR MODE is 1 | config=1  
06-29 17:42:16.473  1064  1084 I hwcomposer: [DPY] HFR match - Display config: 1, base: 1, try: 0  
06-29 17:42:16.479  1140  2809 I VSyncReactor: Current= 90, Period= 60, hwcPeriod= 90
06-29 17:42:16.479  1140  1230 E SfCpu   :  sched_setaffinity return fail 1140
06-29 17:42:16.479  1140  1230 E SfCpu   :  sched_setaffinity return fail 1234
06-29 17:42:16.479  1140  1230 E SfCpu   :  sched_setaffinity return fail 1230
06-29 17:42:16.479  1140  1230 E SfCpu   :  sched_setaffinity return fail 1084
06-29 17:42:16.479  1140  1230 E SfCpu   :  sched_setaffinity return fail 1064
06-29 17:42:16.487  1140  1140 I PowerHalWrapper: updateFps(): 60
06-29 17:42:16.487  1140  1140 D SurfaceFlinger: finalizeDisplayModeChange: display size = 1
06-29 17:42:16.487  1140  1140 I PowerHalWrapper: mEnableMultiDisplayMode enable=0 fps=60
06-29 17:42:16.487  1140  1140 I mtkpower_client: PowerHal_Wrap_EnableMultiDisplayMode, enable:0 fps:60 CurMultiDisplayMode:-1
06-29 17:42:16.487  1064  1299 I hwcomposer: [HWCDisplay] updateAppliedConfigState: applied config complete[idx:1563, config:1]  
06-29 17:42:16.487  1140  2809 I VSyncReactor: Current= 90, Period= 60, hwcPeriod= 60
06-29 17:42:16.488  1140  1140 I PowerHalWrapper: updateFps(): 60
06-29 17:42:16.589  1611  1930 D UsbStatsMonitor: 0 0 0 0 1 0 0 0 1 1 0 0 2 0 0 0 1 0 0 0 0 0 0 0 0 1 0 0 0 0 0 0 0 0 0 0 0 0 0 0 0 0 0 0 0 0 0 0 0 0 0 0 0 0 0 0 0 0
06-29 17:42:16.694  1064  1273 I hwcomposer: [HWC] (0)fire a callback of refresh to SF[4]  
06-29 17:42:16.966  3501  3501 I SDHMS:LOAD: type: LoadsFreqs, value: 25:18:8:854000:2400000:400000:854000:2400000:400000:51:439:0
06-29 17:42:17.058  1111  1111 I seh_thermal_service: getTemperaturesWithType SehTemperatureType: 3
06-29 17:42:17.059  1106  1106 I sehhealth-service: updateLrpSysfs: write: 365
06-29 17:42:17.062  1106  1147 E BatteryDump: !@new_battery_dump : 3741,-75,850,3150,18,325,327,383,0,345,362,383,0,Charging,NO_CHARGING,Normal,Good,USB,1,Normal,0,0,9900,0x8000,0x10010000,0x0,0,0,0,v0004,0,0/0-0-0-0,0x0000,0x0000,0x00000000,0,0,0,0,0,0,13,3741000,180,0,0,
06-29 17:42:17.139   673   673 D io_stats: !@   8,32 r 564410 21074544 w 305089 11376560 d 37144 7445688 f 13884 34169 iot 120700 0 th 0 0 0 pt 0 inp 0 0 9804.093
06-29 17:42:18.022  1611  2828 D NetdEventListenerService: CSC Feature value: true
06-29 17:42:18.271  2085  2270 D Tile.CustomTile: handleSetListening  true  initialized=true  isTileReady=true  getTileSpec() = custom(com.sec.android.app.camera/.service.QrTileService)
06-29 17:42:18.284  2085  2085 D SecQSCommonTileView: handleStateChanged state.spec = custom(com.sec.android.app.camera/.service.QrTileService), parent = LabelTileView{@18a4671, #7f0a0df1, app:id/tile_label V, label = @18a4671, #7f0a0df1, app:id/tile_label V, iconFrame = @5bc9c56 V, icon = @974f4d7 V, common = @eaff1c4}, labelContainer = @c582c18, #7f0a0661, app:id/label_group V, label = @18a4671, #7f0a0df1, app:id/tile_label V, iconFrame = @5bc9c56 V, icon = @974f4d7 V, common = @eaff1c4
06-29 17:42:18.286  2085  2085 D SecQSCommonTileView: handleStateChanged state.spec = custom(com.sec.android.app.camera/.service.QrTileService), parent = LabelTileView{@18a4671, #7f0a0df1, app:id/tile_label V, label = @18a4671, #7f0a0df1, app:id/tile_label V, iconFrame = @5bc9c56 V, icon = @974f4d7 V, common = @eaff1c4}, labelContainer = @c582c18, #7f0a0661, app:id/label_group V, label = @18a4671, #7f0a0df1, app:id/tile_label V, iconFrame = @5bc9c56 V, icon = @974f4d7 V, common = @eaff1c4
06-29 17:42:18.287  2085  2270 D Tile.CustomTile: handleSetListening  false  initialized=true  isTileReady=true  getTileSpec() = custom(com.sec.android.app.camera/.service.QrTileService)
06-29 17:42:18.287  2085  2270 D TileLifecycleManager: onStopListening ComponentInfo{com.sec.android.app.camera/com.sec.android.app.camera.service.QrTileService}
06-29 17:42:18.607  3501  4467 I SDHMS:x : SIOP:: AP:386 BAT:325 USB:327 CHG:383 PA:340 CP:353 WIFI:383 BLK:345 SUBBAT:0 LRPTHM:381 SKIN:360 SKINF:336 SKINB:360 LRP:360 LRF:336 LRB:360 APT:336 APR:360 CHGF:322 CHGB:355 AVGCUR:-128 AVGSYS:0 POWER:-478
06-29 17:42:18.840  2039  2040 D WifiHAL : WifiRequest::create vendor command to iface 50, vendor_id=0x1a11, subcmd=0x1200, res=0
06-29 17:42:18.852  2039  2040 I WifiHAL : LLS RSP: data=0xb40000711530b240, len=4500
06-29 17:42:18.852  2039  2040 I WifiHAL : LLS check_data_sanity: 1819: current_radio_stat->num_channels=38
06-29 17:42:18.852  2039  2040 I WifiHAL : LLS check_data_sanity: 1819: current_radio_stat->num_channels=0
06-29 17:42:18.852  2039  2040 I WifiHAL : LLS check_data_sanity: confirmed_size=4500, len=4500
06-29 17:42:18.865  1611  3840 D SemWifiUsabilityStatsMonitor: onWifiUsabilityStats - seqNum 3231, isSameBssidAndFreq true
06-29 17:42:18.871  2599  2760 I HoneySpace.StatusIconTracker: invokeEvent() called with: event = Wifi(visible=true, resId=2131236020, activityId=2131236055)
06-29 17:42:18.894  1140  1294 D DisplayModeController: setDesiredMode 4627039422300187648 {mode={fps=90.00 Hz, modePtr={id=0, vsyncRate=90.00 Hz, peakRefreshRate=90.00 Hz}}, emitEvent=true, force=false}
06-29 17:42:18.895  1140  1294 D Scheduler: MtkOverrideDuration: update vsync 90
06-29 17:42:18.895  1140  1294 E SurfaceFlinger: MtkDuration override mode is disabled
06-29 17:42:18.895  1140  1294 D Scheduler: MtkOverrideDuration: reset override duration
06-29 17:42:18.895  1140  1294 I PowerHalWrapper: updateFps(): 90
06-29 17:42:18.901  1140  1226 I VSyncReactor: Current= 60, Period= 90, hwcPeriod= 60
06-29 17:42:18.907  1140  1140 I BufferQueueProducer: [StatusBar$_2085#100](this:0xb4000070f58188f8,id:-1,api:0,p:-1,c:1140) queueBuffer: fps=0.33 dur=3026.24 max=3026.24 min=3026.24
06-29 17:42:18.908  1140  1140 I LayerHistory: StatusBar$_2085#100 voted NoVote (0.00 Hz)
06-29 17:42:18.908  1140  1140 I SurfaceFlinger: No layers with votes - choose 90.00 Hz
06-29 17:42:18.909  1140  1140 I HWComposer: [4627039422300187648] ActiveConfigToHWC, ID : 0
06-29 17:42:18.909  1064  1084 I hwcomposer: [HWCDisplay] (0) setActiveConfigWithConstraints config:0  
06-29 17:42:18.909  1064  1084 I hwcomposer: [HWCDisplay] setActiveConfigWithConstraints(), now 9805863764507, diff 1503000, estimated_applied_time 16666667 queued_size:0  
06-29 17:42:18.909  1064  1084 I hwcomposer: [HWCDisplay] Current VRR MODE is 1 | config=0  
06-29 17:42:18.910  1064  1084 I hwcomposer: [DPY] HFR match - Display config: 0, base: 0, try: 0  
06-29 17:42:18.913  1064  1084 I hwcomposer: [HWCDisplay] [Display_0 (type:1, mode:2)] fps:1.982168,dur:3026.99,max:2201.65,min:12.68  
06-29 17:42:18.918  1064  1299 I hwcomposer: [HWCDisplay] updateAppliedConfigState: applied config complete[idx:1564, config:0]  
06-29 17:42:18.919  1140  1226 I VSyncReactor: Current= 60, Period= 90, hwcPeriod= 90
06-29 17:42:18.923  1140  1140 I PowerHalWrapper: updateFps(): 90
06-29 17:42:18.923  1140  1140 D SurfaceFlinger: finalizeDisplayModeChange: display size = 1
06-29 17:42:18.923  1140  1140 I PowerHalWrapper: mEnableMultiDisplayMode enable=0 fps=90
06-29 17:42:18.924  1140  1140 I mtkpower_client: PowerHal_Wrap_EnableMultiDisplayMode, enable:0 fps:90 CurMultiDisplayMode:-1
06-29 17:42:18.924  1140  1140 I PowerHalWrapper: updateFps(): 90
06-29 17:42:19.047  1064  1273 I hwcomposer: [HWC] (0)fire a callback of refresh to SF[4]  
06-29 17:42:19.065  1140  1140 I BufferQueueProducer: [FramebufferSurface](this:0xb4000070c5651e10,id:-1,api:1,p:1140,c:1140) queueBuffer: fps=0.66 dur=3037.55 max=2354.74 min=682.81
06-29 17:42:19.141   673   673 D io_stats: !@ Read_top(KB): kworker/u16:2(6870) 24
06-29 17:42:19.141   673   673 D io_stats: !@ Write_top(KB): kworker/u16:2(6870) 1840 vendor.samsung.(1106) 8 martsuggestions(3190) 4
06-29 17:42:19.497  1140  1294 D DisplayModeController: setDesiredMode 4627039422300187648 {mode={fps=60.00 Hz, modePtr={id=1, vsyncRate=60.00 Hz, peakRefreshRate=60.00 Hz}}, emitEvent=false, force=false}
06-29 17:42:19.499  1140  1294 D Scheduler: MtkOverrideDuration: update vsync 60
06-29 17:42:19.499  1140  1294 E SurfaceFlinger: MtkDuration override mode is disabled
06-29 17:42:19.499  1140  1294 D Scheduler: MtkOverrideDuration: reset override duration
06-29 17:42:19.500  1140  1294 I PowerHalWrapper: updateFps(): 60
06-29 17:42:19.501  1140  1140 I LayerHistory: StatusBar$_2085#100 voted NoVote (0.00 Hz)
06-29 17:42:19.502  1140  1140 I SurfaceFlinger: Idle - choose 60.00 Hz
06-29 17:42:19.502  1140  1140 I HWComposer: [4627039422300187648] ActiveConfigToHWC, ID : 1
06-29 17:42:19.503  1064  1084 I hwcomposer: [HWCDisplay] (0) setActiveConfigWithConstraints config:1  
06-29 17:42:19.503  1064  1084 I hwcomposer: [HWCDisplay] setActiveConfigWithConstraints(), now 9806457360815, diff 1571000, estimated_applied_time 11111111 queued_size:0  
06-29 17:42:19.503  1064  1084 I hwcomposer: [HWCDisplay] Current VRR MODE is 1 | config=1  
06-29 17:42:19.503  1064  1084 I hwcomposer: [DPY] HFR match - Display config: 1, base: 1, try: 0  
06-29 17:42:19.504  1140  2809 I VSyncReactor: Current= 90, Period= 60, hwcPeriod= 90
06-29 17:42:19.508  1140  1230 E SfCpu   :  sched_setaffinity return fail 1140
06-29 17:42:19.508  1140  1230 E SfCpu   :  sched_setaffinity return fail 1234
06-29 17:42:19.508  1140  1230 E SfCpu   :  sched_setaffinity return fail 1230
06-29 17:42:19.508  1140  1230 E SfCpu   :  sched_setaffinity return fail 1084
06-29 17:42:19.509  1140  1230 E SfCpu   :  sched_setaffinity return fail 1064
06-29 17:42:19.513  1140  2809 I VSyncReactor: Current= 90, Period= 60, hwcPeriod= 60
06-29 17:42:19.514  1064  1299 I hwcomposer: [HWCDisplay] updateAppliedConfigState: applied config complete[idx:1565, config:1]  
06-29 17:42:19.514  1140  1140 I PowerHalWrapper: updateFps(): 60
06-29 17:42:19.514  1140  1140 D SurfaceFlinger: finalizeDisplayModeChange: display size = 1
06-29 17:42:19.514  1140  1140 I PowerHalWrapper: mEnableMultiDisplayMode enable=0 fps=60
06-29 17:42:19.514  1140  1140 I mtkpower_client: PowerHal_Wrap_EnableMultiDisplayMode, enable:0 fps:60 CurMultiDisplayMode:-1
06-29 17:42:19.514  1140  1140 I PowerHalWrapper: updateFps(): 60
06-29 17:42:19.723  1064  1273 I hwcomposer: [HWC] (0)fire a callback of refresh to SF[4]  
06-29 17:42:19.856  2117  2117 I wpa_supplicant: Heartbeat 978
06-29 17:42:20.035 11219 11235 W .app.soundalive: userfaultfd: MOVE ioctl seems unsupported: Connection timed out
06-29 17:42:20.347  2329  2648 I bluetooth: system/gd/hci/le_advertising_manager.cc:903 set_advertising_set_random_address_on_timer: Scheduling address rotation for advertiser_id=2
06-29 17:42:20.348  2329  2648 I bluetooth: system/gd/hci/le_address_manager.cc:581 GetNextPrivateAddressIntervalRange: client=advertising_set_2, nonwake=7m12s, wake=13m25s
06-29 17:42:20.349  1059  1059 D [BT]    : mtk_bt_op: BT_VND_OP_LPM_WAKE_SET_STATE
06-29 17:42:20.356  2329  2648 I bluetooth: system/gd/hci/le_advertising_manager.cc:1868 on_set_advertising_set_random_address_complete: update random address for advertising set 2 : xx:xx:xx:xx:cc:08
06-29 17:42:20.727  3035  3198 E frs     : Failed to open /sys/kernel/thermal/frs_nl_id: No such file or directory
06-29 17:42:20.727  3035  3198 I frs     : read netlink id fail, reason:No such file or directory
06-29 17:42:20.848  1611  1905 W DeviceStorageMonitorService: updateBroadcasts(/data) oldLevel:0, newLevel:0, seq:1
06-29 17:42:20.851  1611  1905 D DeviceStorageMonitorService: Available File Node Number is [13252745]
06-29 17:42:20.851  1611  1905 W DeviceStorageMonitorService: updateBroadcasts_filenode(/data) fn_oldLevel:0, fn_newLevel:0, seq:1
06-29 17:42:20.887  2060  2346 D SatelliteController: isInCarrierRoamingNbIotNtn: satellite is disabled
06-29 17:42:21.129 11305 11305 I vtservice_aidl: [VT][SRV]before VTService_AiDL_instantiate
06-29 17:42:21.130 11305 11305 E vtservice_aidl: [VT][SRV] VideoTelephony AIDL add service failed!!
06-29 17:42:21.130 11305 11305 I vtservice_aidl: [VT][SRV] VideoTelephony : aidl service is terminating...
06-29 17:42:21.622 11035 11042 W .devicesecurity: userfaultfd: MOVE ioctl seems unsupported: Connection timed out
06-29 17:42:21.868  2039  2040 D WifiHAL : WifiRequest::create vendor command to iface 50, vendor_id=0x1a11, subcmd=0x1200, res=0
06-29 17:42:21.879  2039  2040 I WifiHAL : LLS RSP: data=0xb40000711530b240, len=4500
06-29 17:42:21.879  2039  2040 I WifiHAL : LLS check_data_sanity: 1819: current_radio_stat->num_channels=38
06-29 17:42:21.879  2039  2040 I WifiHAL : LLS check_data_sanity: 1819: current_radio_stat->num_channels=0
06-29 17:42:21.879  2039  2040 I WifiHAL : LLS check_data_sanity: confirmed_size=4500, len=4500
06-29 17:42:21.896  1611  3840 D SemWifiUsabilityStatsMonitor: onWifiUsabilityStats - seqNum 3232, isSameBssidAndFreq true
06-29 17:42:23.143   673   673 D io_stats: !@ Write_top(KB): kworker/u16:5(10711) 160
06-29 17:42:24.893  1611  1800 D ActivityManager: freezing 2408 com.android.settings
06-29 17:42:24.897  2039  2040 D WifiHAL : WifiRequest::create vendor command to iface 50, vendor_id=0x1a11, subcmd=0x1200, res=0
06-29 17:42:24.899  1611  1800 D ActivityManager: freezing 6207 com.samsung.android.dqagent
06-29 17:42:24.900  1611  1800 D ActivityManager: freezing 8433 com.samsung.android.lool
06-29 17:42:24.901  1611  1800 D ActivityManager: FCA:FCA recordedFileRss = 62072, and changeinRss = 8076
06-29 17:42:24.901  1611  1800 D ActivityManager: freezing 10976 com.android.keychain
06-29 17:42:24.902  1611  1800 D ActivityManager: FCA:FCA recordedFileRss = 0, and changeinRss = 44948
06-29 17:42:24.902  1611  1800 D ActivityManager: freezing 8964 com.samsung.android.provider.filterprovider
06-29 17:42:24.903  1611  1800 D ActivityManager: freezing 11965 com.samsung.sait.sohservice
06-29 17:42:24.907  2039  2040 I WifiHAL : LLS RSP: data=0xb40000711530b240, len=4500
06-29 17:42:24.908  2039  2040 I WifiHAL : LLS check_data_sanity: 1819: current_radio_stat->num_channels=38
06-29 17:42:24.908  2039  2040 I WifiHAL : LLS check_data_sanity: 1819: current_radio_stat->num_channels=0
06-29 17:42:24.908  2039  2040 I WifiHAL : LLS check_data_sanity: confirmed_size=4500, len=4500
06-29 17:42:24.923  1611  3840 D SemWifiUsabilityStatsMonitor: onWifiUsabilityStats - seqNum 3233, isSameBssidAndFreq true
06-29 17:42:25.728  3035  3198 E frs     : Failed to open /sys/kernel/thermal/frs_nl_id: No such file or directory
06-29 17:42:25.728  3035  3198 I frs     : read netlink id fail, reason:No such file or directory
06-29 17:42:25.814  2615 10904 I NearbyMediums: No BLE Fast/GATT advertisements found in the latest cycle.
06-29 17:42:26.008  2060  2346 D SatelliteController: isInCarrierRoamingNbIotNtn: satellite is disabled
06-29 17:42:26.149 11307 11307 I vtservice_aidl: [VT][SRV]before VTService_AiDL_instantiate
06-29 17:42:26.150 11307 11307 E vtservice_aidl: [VT][SRV] VideoTelephony AIDL add service failed!!
06-29 17:42:26.150 11307 11307 I vtservice_aidl: [VT][SRV] VideoTelephony : aidl service is terminating...
06-29 17:42:26.906  1611  1800 D ActivityManager: FCA:Reclamation for pid: 8433
06-29 17:42:26.935  1611  1800 D ActivityManager: FCA:Reclamation for pid: 10976
06-29 17:42:27.118  3501  3501 I SDHMS:LOAD: type: LoadsFreqs, value: 0:0:0:404000:600000:400000:404000:600000:400000:0:0:0
06-29 17:42:27.140  1111  1111 I seh_thermal_service: getTemperaturesWithType SehTemperatureType: 3
06-29 17:42:27.141  1106  1106 I sehhealth-service: updateLrpSysfs: write: 360
06-29 17:42:27.142  1106  1147 E BatteryDump: !@new_battery_dump : 3738,-58,850,3150,18,325,327,384,0,345,365,384,0,Charging,NO_CHARGING,Normal,Good,USB,1,Normal,0,0,9900,0x8000,0x10010000,0x0,0,0,0,v0004,0,0/0-0-0-0,0x0000,0x0000,0x00000000,0,0,0,0,0,0,13,3738000,180,0,0,
06-29 17:42:27.145   673   673 D io_stats: !@   8,32 r 564410 21074544 w 305109 11376780 d 37144 7445688 f 13884 34169 iot 120704 0 th 0 0 0 pt 0 inp 0 0 9814.099
06-29 17:42:27.145   673   673 D io_stats: !@ Write_top(KB): sait.sohservice(11965) 40 kworker/u16:2(6870) 8 vendor.samsung.(1106) 8
06-29 17:42:27.749  1611  1673 I ActivityManager: Killing 6116:com.samsung.android.oneconnect:Core/u0a309 (adj 975): empty #25
06-29 17:42:27.789  1045  1045 I Zygote  : Process 6116 exited due to signal 9 (Killed)
06-29 17:42:27.789  1611  1675 I libprocessgroup: Removed cgroup /sys/fs/cgroup/apps/uid_10309/pid_6116
06-29 17:42:27.791  1611  1611 I WALLPAPER_SVC:SemWallpaperManagerService: isHomeActivityVisible : true 
06-29 17:42:27.792  1611  1611 D WALLPAPER_SVC:WallpaperData: getWallpaperFile: file = /data/system/users/0/wallpaper_orig 
06-29 17:42:27.792  1611  1611 D WALLPAPER_SVC:WallpaperData: getWallpaperFile: file = /data/system/users/0/wallpaper_orig 
06-29 17:42:27.792  1611  1611 D WALLPAPER_SVC:WallpaperManagerService: dispatchHomeVisibilityChanged: visible = true, connection = com.android.server.wallpaper.WallpaperManagerService$WallpaperConnection@f330c75, systemWallpaper = WallpaperData@dd7b068, id: 2, which: 5, file mod: 0, info: null, engine(s): Proxy@6717978, type = 0, userId = 0, uri= android.resource://com.samsung.android.wallpaper.res/drawable/wallpaper_001.png, allowBackup= false, wallpaperComponent = ComponentInfo{com.android.systemui/com.android.systemui.wallpapers.ImageWallpaper}, nextWallpaperComponent = ComponentInfo{com.android.systemui/com.android.systemui.wallpapers.ImageWallpaper} 
06-29 17:42:27.925  2039  2040 D WifiHAL : WifiRequest::create vendor command to iface 50, vendor_id=0x1a11, subcmd=0x1200, res=0
06-29 17:42:27.931  2039  2040 I WifiHAL : LLS RSP: data=0xb40000711530b240, len=4500
06-29 17:42:27.931  2039  2040 I WifiHAL : LLS check_data_sanity: 1819: current_radio_stat->num_channels=38
06-29 17:42:27.931  2039  2040 I WifiHAL : LLS check_data_sanity: 1819: current_radio_stat->num_channels=0
06-29 17:42:27.931  2039  2040 I WifiHAL : LLS check_data_sanity: confirmed_size=4500, len=4500
06-29 17:42:27.942  1611  3840 D SemWifiUsabilityStatsMonitor: onWifiUsabilityStats - seqNum 3234, isSameBssidAndFreq true
06-29 17:42:28.030  1611  2828 D WifiNl80211Manager: Scan result ready event
06-29 17:42:28.030  2228  2593 D IpClient/wlan0: interfaceLinkStateChanged: ifindex 50 up
06-29 17:42:28.033  1611  2828 D WifiNative: Scan result ready event
06-29 17:42:28.033  2243  2243 I EPDG -- SIM0 [EpdgIntfCont]: sendInterfaceMessage, not mobile, ignore
06-29 17:42:28.036  1611  1887 D WificondScannerImpl: Filtering out 2 scan results.
06-29 17:42:28.036  1611  1887 I WifiScanner: onFullResults
06-29 17:42:28.036  1611  1887 I WifiScanner: onFullResults
06-29 17:42:28.037  1611  1887 I WifiScanner: onFullResults
06-29 17:42:28.038  2615  6112 I WifiScanner: onFullResults
06-29 17:42:28.039  1611  1959 V SemWifiScanPool: updateScanResult, partial scan:3 configKeys: 9 pool_bssid:13 pool_configKeys:13
06-29 17:42:28.039  2039  2040 D WifiHAL : WifiRequest::create vendor command to iface 50, vendor_id=0x1a11, subcmd=0x1200, res=0
06-29 17:42:28.054  2039  2040 I WifiHAL : LLS RSP: data=0xb40000711530b240, len=4500
06-29 17:42:28.055  2039  2040 I WifiHAL : LLS check_data_sanity: 1819: current_radio_stat->num_channels=38
06-29 17:42:28.055  2039  2040 I WifiHAL : LLS check_data_sanity: 1819: current_radio_stat->num_channels=0
06-29 17:42:28.055  2039  2040 I WifiHAL : LLS check_data_sanity: confirmed_size=4500, len=4500
06-29 17:42:28.058  2039  2040 D WifiHAL : WifiRequest::create vendor command to iface 50, vendor_id=0x1a11, subcmd=0x0002, res=0
06-29 17:42:28.059  2039  2040 I WifiHAL : feature_set=0xd489341a
06-29 17:42:28.061  1611  1883 I HalDevMgr: bestIfaceCreationProposal is null, requestIface=STA, existingIface=[name=wlan0 type=STA]
06-29 17:42:28.574  2060  2346 D SatelliteController: isInCarrierRoamingNbIotNtn: satellite is disabled
06-29 17:42:28.651  3501  4467 I SDHMS:x : SIOP:: AP:375 BAT:325 USB:327 CHG:384 PA:340 CP:354 WIFI:379 BLK:345 SUBBAT:0 LRPTHM:373 SKIN:356 SKINF:337 SKINB:356 LRP:356 LRF:337 LRB:356 APT:337 APR:356 CHGF:324 CHGB:355 AVGCUR:-128 AVGSYS:0 POWER:-478
06-29 17:42:28.659  1611  1611 D SemWifiP2pGoPowerSave: GopsReceiver : received : com.samsung.intent.action.CHECK_SIOP_LEVEL
06-29 17:42:28.660  1611  1611 I SemWifiP2pGoPowerSave: siop_level = -1
06-29 17:42:28.769  1068  1068 I SensorsHub: queueBatch: handle=5 period=200000000 timeout=0
06-29 17:42:29.858  2117  2117 I wpa_supplicant: Heartbeat 979
06-29 17:42:30.356  1059  2721 D [BT]    : mtk_bt_op: BT_VND_OP_LPM_WAKE_SET_STATE
06-29 17:42:30.729  3035  3198 E frs     : Failed to open /sys/kernel/thermal/frs_nl_id: No such file or directory
06-29 17:42:30.729  3035  3198 I frs     : read netlink id fail, reason:No such file or directory
06-29 17:42:30.945  2039  2040 D WifiHAL : WifiRequest::create vendor command to iface 50, vendor_id=0x1a11, subcmd=0x1200, res=0
06-29 17:42:30.954  2039  2040 I WifiHAL : LLS RSP: data=0xb40000711530b240, len=4500
06-29 17:42:30.954  2039  2040 I WifiHAL : LLS check_data_sanity: 1819: current_radio_stat->num_channels=38
06-29 17:42:30.954  2039  2040 I WifiHAL : LLS check_data_sanity: 1819: current_radio_stat->num_channels=0
06-29 17:42:30.954  2039  2040 I WifiHAL : LLS check_data_sanity: confirmed_size=4500, len=4500
06-29 17:42:30.968  1611  3840 D SemWifiUsabilityStatsMonitor: onWifiUsabilityStats - seqNum 3235, isSameBssidAndFreq true
06-29 17:42:31.129  2060  2346 D SatelliteController: isInCarrierRoamingNbIotNtn: satellite is disabled
06-29 17:42:31.147   673   673 D io_stats: !@ Write_top(KB): jbd2/sdc52-8(592) 8 ccci_mdinit(1151) 4
06-29 17:42:31.152 11308 11308 I vtservice_aidl: [VT][SRV]before VTService_AiDL_instantiate
06-29 17:42:31.153 11308 11308 E vtservice_aidl: [VT][SRV] VideoTelephony AIDL add service failed!!
06-29 17:42:31.153 11308 11308 I vtservice_aidl: [VT][SRV] VideoTelephony : aidl service is terminating...
06-29 17:42:31.776  1276  1340 I thermal_core: "get control socket error, reason:Permission denied\n"
06-29 17:42:32.308  1151  1173 D ccci_mdinit: (1):monitor_time_update_thread round:328 ########
06-29 17:42:33.695  2060  2346 D SatelliteController: isInCarrierRoamingNbIotNtn: satellite is disabled
06-29 17:42:33.971  2039  2040 D WifiHAL : WifiRequest::create vendor command to iface 50, vendor_id=0x1a11, subcmd=0x1200, res=0
06-29 17:42:33.982  2039  2040 I WifiHAL : LLS RSP: data=0xb40000711530b240, len=4500
06-29 17:42:33.982  2039  2040 I WifiHAL : LLS check_data_sanity: 1819: current_radio_stat->num_channels=38
06-29 17:42:33.982  2039  2040 I WifiHAL : LLS check_data_sanity: 1819: current_radio_stat->num_channels=0
06-29 17:42:33.982  2039  2040 I WifiHAL : LLS check_data_sanity: confirmed_size=4500, len=4500
06-29 17:42:33.997  1611  3840 D SemWifiUsabilityStatsMonitor: onWifiUsabilityStats - seqNum 3236, isSameBssidAndFreq true
06-29 17:42:34.885  1611  1611 E AI::PermissionDataController: For input string: "6442450944"
06-29 17:42:34.904  1611  1611 E AI::PermissionDataController: For input string: "6442450944"
06-29 17:42:35.149   673   673 D io_stats: !@   8,32 r 564410 21074544 w 305113 11376800 d 37559 7480736 f 13885 34170 iot 120712 0 th 0 0 0 pt 0 inp 0 0 9822.103
06-29 17:42:35.149   673   673 D io_stats: !@ Write_top(KB): kworker/u16:2(6870) 4
06-29 17:42:35.730  3035  3198 E frs     : Failed to open /sys/kernel/thermal/frs_nl_id: No such file or directory
06-29 17:42:35.730  3035  3198 I frs     : read netlink id fail, reason:No such file or directory
06-29 17:42:35.817  2615 10904 I NearbyMediums: No BLE Fast/GATT advertisements found in the latest cycle.
06-29 17:42:36.173 11309 11309 I vtservice_aidl: [VT][SRV]before VTService_AiDL_instantiate
06-29 17:42:36.174 11309 11309 E vtservice_aidl: [VT][SRV] VideoTelephony AIDL add service failed!!
06-29 17:42:36.174 11309 11309 I vtservice_aidl: [VT][SRV] VideoTelephony : aidl service is terminating...
06-29 17:42:36.249  2060  2346 D SatelliteController: isInCarrierRoamingNbIotNtn: satellite is disabled
06-29 17:42:36.857  1611  1653 E Watchdog: !@Sync: 328 heap(MB): 85 / 102 FD: 1118 [2026-06-29 17:42:36.857]
06-29 17:42:37.001  2039  2040 D WifiHAL : WifiRequest::create vendor command to iface 50, vendor_id=0x1a11, subcmd=0x1200, res=0
06-29 17:42:37.007  2039  2040 I WifiHAL : LLS RSP: data=0xb40000711530b240, len=4500
06-29 17:42:37.008  2039  2040 I WifiHAL : LLS check_data_sanity: 1819: current_radio_stat->num_channels=38
06-29 17:42:37.008  2039  2040 I WifiHAL : LLS check_data_sanity: 1819: current_radio_stat->num_channels=0
06-29 17:42:37.008  2039  2040 I WifiHAL : LLS check_data_sanity: confirmed_size=4500, len=4500
06-29 17:42:37.024  1611  3840 D SemWifiUsabilityStatsMonitor: onWifiUsabilityStats - seqNum 3237, isSameBssidAndFreq true
06-29 17:42:37.225  1111  1111 I seh_thermal_service: getTemperaturesWithType SehTemperatureType: 3
06-29 17:42:37.225  1106  1106 I sehhealth-service: updateLrpSysfs: write: 356
06-29 17:42:37.231  1106  1147 E BatteryDump: !@new_battery_dump : 3738,-37,850,3150,18,325,327,384,0,345,360,384,0,Charging,NO_CHARGING,Normal,Good,USB,1,Normal,0,0,9900,0x8000,0x10010000,0x0,0,0,0,v0004,0,0/0-0-0-0,0x0000,0x0000,0x00000000,0,0,0,0,0,0,13,3738000,180,0,0,
06-29 17:42:37.277  3501  3501 I SDHMS:LOAD: type: LoadsFreqs, value: 0:0:0:415999:600000:400000:411999:600000:400000:0:0:0
06-29 17:42:38.695  3501  4467 I SDHMS:x : SIOP:: AP:370 BAT:325 USB:327 CHG:384 PA:340 CP:354 WIFI:375 BLK:345 SUBBAT:0 LRPTHM:369 SKIN:355 SKINF:336 SKINB:355 LRP:355 LRF:336 LRB:355 APT:336 APR:354 CHGF:324 CHGB:355 AVGCUR:-58 AVGSYS:0 POWER:-216
06-29 17:42:39.151   673   673 D io_stats: !@   8,32 r 564410 21074544 w 305115 11376808 d 37559 7480736 f 13885 34170 iot 120716 0 th 0 0 0 pt 0 inp 0 0 9826.105
06-29 17:42:39.152   673   673 D io_stats: !@ Write_top(KB): vendor.samsung.(1106) 8
06-29 17:42:39.861  2117  2117 I wpa_supplicant: Heartbeat 980
06-29 17:42:40.027  2039  2040 D WifiHAL : WifiRequest::create vendor command to iface 50, vendor_id=0x1a11, subcmd=0x1200, res=0
06-29 17:42:40.039  2039  2040 I WifiHAL : LLS RSP: data=0xb40000711530b240, len=4500
06-29 17:42:40.039  2039  2040 I WifiHAL : LLS check_data_sanity: 1819: current_radio_stat->num_channels=38
06-29 17:42:40.039  2039  2040 I WifiHAL : LLS check_data_sanity: 1819: current_radio_stat->num_channels=0
06-29 17:42:40.039  2039  2040 I WifiHAL : LLS check_data_sanity: confirmed_size=4500, len=4500
06-29 17:42:40.054  1611  3840 D SemWifiUsabilityStatsMonitor: onWifiUsabilityStats - seqNum 3238, isSameBssidAndFreq true
06-29 17:42:40.406  1611  3620 D CustomizedBinderCallsStatsInternal: reportCpuUsage() : 2%
06-29 17:42:40.407  1611  1672 I BinderCallsStats: Collected cpu time : 0us, collected call count : 0 for 9816409 ms
06-29 17:42:40.408  1611  3620 D ProcessCpuUsage: [0] 873, {500=31500, 700=4010, 800=2420, 900=1940, 1000=1600, 1100=1180, 1200=5280, 1300=710, 1400=380, 1500=3910, 1600=1110, 1700=280, 1800=180, 1900=1510, 2000=4160}
06-29 17:42:40.408  1611  3620 D ProcessCpuUsage: [4] 1036, {400=30930, 600=1450, 700=250, 800=1170, 900=2040, 1000=1490, 1100=2700, 1200=1050, 1300=200, 1400=430, 1500=820, 1600=930, 1700=1180, 1800=1550, 1900=790, 2000=1360, 2100=1190, 2200=1130, 2300=3270, 2400=2590, 2500=3670}
06-29 17:42:40.731  3035  3198 E frs     : Failed to open /sys/kernel/thermal/frs_nl_id: No such file or directory
06-29 17:42:40.731  3035  3198 I frs     : read netlink id fail, reason:No such file or directory
06-29 17:42:41.183 11310 11310 I vtservice_aidl: [VT][SRV]before VTService_AiDL_instantiate
06-29 17:42:41.184 11310 11310 E vtservice_aidl: [VT][SRV] VideoTelephony AIDL add service failed!!
06-29 17:42:41.184 11310 11310 I vtservice_aidl: [VT][SRV] VideoTelephony : aidl service is terminating...
06-29 17:42:42.902  1276  1336 E md_thermal: interval=40 temp: 39800 38100 34300 35900
06-29 17:42:43.057  2039  2040 D WifiHAL : WifiRequest::create vendor command to iface 50, vendor_id=0x1a11, subcmd=0x1200, res=0
06-29 17:42:43.063  2039  2040 I WifiHAL : LLS RSP: data=0xb40000711530b240, len=4500
06-29 17:42:43.063  2039  2040 I WifiHAL : LLS check_data_sanity: 1819: current_radio_stat->num_channels=38
06-29 17:42:43.063  2039  2040 I WifiHAL : LLS check_data_sanity: 1819: current_radio_stat->num_channels=0
06-29 17:42:43.063  2039  2040 I WifiHAL : LLS check_data_sanity: confirmed_size=4500, len=4500
06-29 17:42:43.085  1611  3840 D SemWifiUsabilityStatsMonitor: onWifiUsabilityStats - seqNum 3239, isSameBssidAndFreq true
06-29 17:42:43.932  2060  2346 D SatelliteController: isInCarrierRoamingNbIotNtn: satellite is disabled
06-29 17:42:45.231  1611  8263 I AppSearchIcing: icing-search-engine.cc:2327: Persisting data to disk with mode 3
06-29 17:42:45.243  1611  8263 I AppSearchIcing: icing-search-engine.cc:2340: PersistToDisk completed.
06-29 17:42:45.300  3083  3083 D BoundBrokerSvc: onUnbind: Intent { act=com.google.android.gms.common.BIND_SHARED_PREFS xflg=0x4 pkg=com.google.android.gms }
06-29 17:42:45.732  3035  3198 E frs     : Failed to open /sys/kernel/thermal/frs_nl_id: No such file or directory
06-29 17:42:45.732  3035  3198 I frs     : read netlink id fail, reason:No such file or directory
06-29 17:42:45.819  2615 10904 I NearbyMediums: No BLE Fast/GATT advertisements found in the latest cycle.
06-29 17:42:46.088  2039  2040 D WifiHAL : WifiRequest::create vendor command to iface 50, vendor_id=0x1a11, subcmd=0x1200, res=0
06-29 17:42:46.092  2039  2040 I WifiHAL : LLS RSP: data=0xb40000711530b240, len=4500
06-29 17:42:46.092  2039  2040 I WifiHAL : LLS check_data_sanity: 1819: current_radio_stat->num_channels=38
06-29 17:42:46.092  2039  2040 I WifiHAL : LLS check_data_sanity: 1819: current_radio_stat->num_channels=0
06-29 17:42:46.092  2039  2040 I WifiHAL : LLS check_data_sanity: confirmed_size=4500, len=4500
06-29 17:42:46.110  1611  3840 D SemWifiUsabilityStatsMonitor: onWifiUsabilityStats - seqNum 3240, isSameBssidAndFreq true
06-29 17:42:46.117  2599  2760 I HoneySpace.StatusIconTracker: invokeEvent() called with: event = Wifi(visible=true, resId=2131236020, activityId=2131236045)
06-29 17:42:46.133  1140  1294 D DisplayModeController: setDesiredMode 4627039422300187648 {mode={fps=90.00 Hz, modePtr={id=0, vsyncRate=90.00 Hz, peakRefreshRate=90.00 Hz}}, emitEvent=true, force=false}
06-29 17:42:46.133  1140  1294 D Scheduler: MtkOverrideDuration: update vsync 90
06-29 17:42:46.134  1140  1294 E SurfaceFlinger: MtkDuration override mode is disabled
06-29 17:42:46.134  1140  1294 D Scheduler: MtkOverrideDuration: reset override duration
