06-29 17:42:08.583  1332  5905 I ResourceManagerMetrics: pushConcurrentUsageReport: Concurrent Codec Usage Report for the Process[pid(11117): uid(10329)] is Peak { AudioDec[ SW: 1 ] VideoDec[ HW: 1 ] } Peak Pixels: 921600
06-29 17:42:08.583  2599  2760 I HoneySpace.TaskbarEventTracker: invokeEvent() called with: event = HandleNavigationBarEvent(eventData=NavBarEvents(eventType=ON_APPEARANCE_CHANGED, iconType=null, remoteViewBundle=null, iconBitmapBundle=null, orderDefault=true, position=0, rotationLocked=false, transientShowing=false, appearance=8, pluginBundle=null, hiddenByKnox=false, insetsBundle=null, displayId=0))
06-29 17:42:08.583  1611  1895 D InetDiagMessage: Destroyed 0 sockets, proto=IPPROTO_TCP, family=AF_INET, states=14
06-29 17:42:08.584  1611  3656 V WindowManager: Computed rotation=ROTATION_90 (1) for display id=0 based on lastOrientation=SCREEN_ORIENTATION_UNSPECIFIED (-1) and oldRotation=ROTATION_90 (1), caller=com.android.server.wm.DisplayRotation.updateOrientation:79 com.android.server.wm.DisplayContent.updateOrientation:41 com.android.server.wm.DisplayContent.updateOrientationAndComputeConfig:48 com.android.server.wm.RootWindowContainer.ensureVisibilityAndConfig:7 com.android.server.wm.TaskFragment.resumeTopActivity:1885 com.android.server.wm.Task.resumeTopActivityInnerLocked:119 
06-29 17:42:08.585  1611  1895 D InetDiagMessage: Destroyed 0 sockets, proto=IPPROTO_TCP, family=AF_INET6, states=14
06-29 17:42:08.585  1611  1895 D InetDiagMessage: Destroyed live tcp sockets for uids={10329} in 4ms
06-29 17:42:08.585  2599  2599 I HoneySpace.TaskbarPot@216916408@OneUI: HandleNavigationBarEvent: ON_APPEARANCE_CHANGED
06-29 17:42:08.585  2599  2599 I HoneySpace.TaskbarPot@216916408@OneUI: updateAppearance appearance:8
06-29 17:42:08.585  2599  2599 I HoneySpace.TaskbarPot@216916408@OneUI: setTaskbarBGAlpha default : true, fixAlpha : 0
06-29 17:42:08.585  1611  3656 D BLASTSyncEngine: SyncGroup 81: Set ready true, caller=com.android.server.wm.BLASTSyncEngine.setReady:32 com.android.server.wm.Transition.applyReady:54 com.android.server.wm.Transition.setReady:72 com.android.server.wm.TransitionController.setReady:6 com.android.server.wm.DisplayContent.executeAppTransition:4 com.android.server.wm.ActivityRecord.completeResumeLocked:115 
06-29 17:42:08.585  1611  3656 D WindowManagerServiceExt: updateTaskbarTargetIfNeeded: reset
06-29 17:42:08.586  1611  1895 D InetDiagMessage: Destroyed 0 sockets, proto=IPPROTO_TCP, family=AF_INET, states=14
06-29 17:42:08.587  1611  1895 D InetDiagMessage: Destroyed 0 sockets, proto=IPPROTO_TCP, family=AF_INET6, states=14
06-29 17:42:08.587  1611  3656 D BLASTSyncEngine: SyncGroup 81:  Unfinished container: ActivityRecord{231188647 u0 com.sec.android.app.launcher/.activities.LauncherActivity t201} mSyncState=2
06-29 17:42:08.587  1611  1895 D InetDiagMessage: Destroyed live tcp sockets for uids={20329} in 2ms
06-29 17:42:08.588  1611  1650 W ActivityManager: setHasOverlayUi called on unknown pid: 11117
06-29 17:42:08.588  1611  1919 D AS.MultiSoundManager: mForegroundUid = 10134
06-29 17:42:08.588  2599  2599 I VRI[LauncherActivity]@9b4dae5: stopped(false) old = true
06-29 17:42:08.588  1611  1650 D SGM:FgCheckThread: getForegroundApp(), foregroundPkgName=com.sec.android.app.launcher
06-29 17:42:08.589  1611  1784 I ActivityManager: Changes in 10235 19 to 8, 0 to 128
06-29 17:42:08.589  1611  1784 I ActivityManager: Changes in 10134 5 to 2, 184 to 255
06-29 17:42:08.590  1611  1951 D BackgroundInstallControlService: Package event received: 0
06-29 17:42:08.591  1611  1650 D SGM:FgCheckThread: pkgName: com.aistudio.nexiumhealth.qptwyx is not in foreground
06-29 17:42:08.591  1611  1650 D SGM:FgCheckThread: noteStopComponent(), received pkgName: com.aistudio.nexiumhealth.qptwyx, focusedPkgName: com.sec.android.app.launcher, userId: 0
06-29 17:42:08.591  1611  1648 D SGM:GameManager: identifyForegroundApp. com.sec.android.app.launcher, mCurrentUserId: 0, callerUserId: 0
06-29 17:42:08.591  1611  1648 D SGM:SemGameManager: isForegroundGame(), ret=false
06-29 17:42:08.593  2599  2599 I HoneySpace.Launcher: !@Boot_EBS_D: Launcher.onStart()
06-29 17:42:08.593 21745  8806 I enyd    : (REDACTED) HDM. appOpsListener %s %s
06-29 17:42:08.593  2599  2599 I HoneySpace.Launcher: !@Boot_EBS_D: Launcher.onResume()
06-29 17:42:08.593  1611  1648 D SGM:GameManager: identifyForegroundApp. com.sec.android.app.launcher, mCurrentUserId: 0, callerUserId: 0
06-29 17:42:08.593  1611  1648 D SGM:SemGameManager: isForegroundGame(), ret=false
06-29 17:42:08.594  1611  1648 D PkgPredictorService-SecIpmManagerServiceImpl: onForegroundActivitiesChanged pid:2599 uid:10134
06-29 17:42:08.594  2599  2599 I HoneySpace.Launcher: updateLauncherShowing false -> true
06-29 17:42:08.594 21745  8806 I enyd    : (REDACTED) HDM. Ignoring irrelevant audio permission changes for package %s
06-29 17:42:08.594  2085  2190 I WindowManager: WindowManagerGlobal#removeView, ty=2041, view=android.view.View{240e8a0 G.ED..... ......I. 0,0-150,42}, caller=android.view.WindowManagerGlobal.removeView:655 android.view.WindowManagerImpl.removeViewImmediate:216 com.android.wm.shell.windowdecor.additionalviewcontainer.AdditionalSystemViewContainer.releaseView:7 
06-29 17:42:08.594  2599  8774 I HoneySpace.Memory-Monitor: cancelTrimIfNeeded
06-29 17:42:08.594  2599  2599 I HoneySpace.HotseatAdapter: updateDragOperator - HotseatOnTaskbarDragOperator
06-29 17:42:08.594  2599  2599 I HoneySpace.HistoryTaskView@48250998@OneUI: resolveDragOperator launcherShowing = true  parentType = TASKBAR dexInfo = false
06-29 17:42:08.594  2599  8774 I HoneySpace.Memory-Monitor: trimMemJob is canceled
06-29 17:42:08.594  2599  2599 I HoneySpace.HotseatAdapter: updateDragOperator - HotseatOnHomeDragOperator
06-29 17:42:08.594  2599  2599 I HoneySpace.HistoryTaskView@35327792@OneUI: resolveDragOperator launcherShowing = true  parentType = HOTSEATBAR dexInfo = false
06-29 17:42:08.595  1611  2953 V PkgPredictorService-SecIpmManagerServiceImpl: discard foreground app:com.sec.android.app.launcher 1|true
06-29 17:42:08.595  2599  2599 I HoneySpace.CapturedBlurManager: capturedBlurView: resume(224791663)
06-29 17:42:08.595  2085  2085 I {OngoingActivityController}: onTaskFocusChanged but OA data is empty
06-29 17:42:08.595  2599  2599 I HoneySpace.ShellTransitionManager: myHomeResumed
06-29 17:42:08.595  2599  2599 I HoneySpace.ResumeTimer: last resume updated : 9795549
06-29 17:42:08.595  2599  4537 I HoneySpace.TaskbarVisibilityController@71619404@OneUI: launcher showing: true, recent showing: false, recent entering: false
06-29 17:42:08.595  2085  2190 I VRI[Additional view container of Task=215]@843fc59: dispatchDetachedFromWindow
06-29 17:42:08.595  2599  4537 I HoneySpace.PredictionDataSourceImpl: requestPredictionUpdate 0 true
06-29 17:42:08.595  2599  2599 I SearchHoneyPot: onViewCreated: onResume
06-29 17:42:08.596  2599 31236 I HoneySpace.HoneyAppWidgetHost: called startListening, host: 2ac7511, hostId: 1024
06-29 17:42:08.596  1611  1650 D SGM:GameManager: identifyGamePackage. com.sec.android.app.launcher, mCurrentUserId: 0, callingMethodInfo: com.samsung.android.game.SemGameManager.isGamePackage(SemGameManager.java:106)
06-29 17:42:08.596  2599  4538 I HoneySpace.TaskbarVisibilityController@71619404@OneUI: updateRules() isDock:false occlude:true needToHide:false hideFlag:false forceMinusOnePage:false launcher:true recent:false minus:false homePackage:false AppPicker:false
06-29 17:42:08.596  1611  1650 D SGM:SemGameManager: isGamePackage(), pkgName=com.sec.android.app.launcher, ret=false
06-29 17:42:08.596  1611  3642 D InputTransport: Input channel destroyed: '6d538ea', fd=965
06-29 17:42:08.596  2599 10951 I HoneySpace.LiveIconSupplier: time tick - 73, CLOCK, 17:42 - 17:41, view: #c81768b, parent: ApplistCellLayout#c8d85b4
06-29 17:42:08.596  2599 31236 I AppWidgetHost: semStartListening()
06-29 17:42:08.596  2599  8774 I HoneySpace.Memory-Monitor: updateMaxHeap isHighScreenSize=false
06-29 17:42:08.596  1611  3642 V WindowManager: Remove Window{6d538ea u0 Handle Input Layer of task 215}: mSurfaceControl=null mAnimatingExit=false mRemoveOnExit=false mHasSurface=false surfaceShowing=false animating=false app-animation=false callers=com.android.server.wm.Session.remove:16 android.view.IWindowSession$Stub.onTransact:804 com.android.server.wm.Session.onTransact:1 android.os.Binder.execTransactInternal:1462 android.os.Binder.execTransact:1401 <bottom of call stack> 
06-29 17:42:08.596  2599  8774 I HoneySpace.Memory-Monitor: PROPERTY_HOME_MEMORY_CACHE_LEVEL: -1
06-29 17:42:08.596  2599  8774 I HoneySpace.Memory-Monitor: updateGraphicResourceCache curMemoryCacheLevel=1
06-29 17:42:08.597  1611  1650 D SGM:FgCheckThread: noteResumeComponent(), received pkgName: com.sec.android.app.launcher, userId: 0
06-29 17:42:08.597  1611  1942 I CocktailBarManagerServiceContainer: handleMessage: entry what = 5
06-29 17:42:08.597  1611  1842 D SGM:FgCheckThread: onLooperPrepared(), msg: MSG_APP_RESUME, pkgName: com.sec.android.app.launcher, userid: 0
06-29 17:42:08.597  1611  1842 D SGM:FgCheckThread: handleResume().
06-29 17:42:08.597  1611  3647 I AppWidgetServiceImpl: startListening() 
06-29 17:42:08.597  1611  1842 D SGM:FgCheckThread: sendFocusOutConditionally() - mPrevNotiPkg: (unknown), userId: 0
06-29 17:42:08.597  1611  1842 D SGM:FgCheckThread:   handleResume(). pkgName: com.sec.android.app.launcher, userId: 0, category: non-game
06-29 17:42:08.597  1611  1842 D SGM:FgCheckThread: notifyFocusInOut(). of pkg: com.sec.android.app.launcher, type: 4, isSecGameFamily: false, userId: 0
06-29 17:42:08.597  1611  1842 D SGM:FgCheckThread:   notifyFocusInOut(). unexpected mPrevNotiType: -1
06-29 17:42:08.597  1611  1842 D SGM:SystemHelper: callReleaseBlock needReleaseBlock:false
06-29 17:42:08.597  1611  3647 I AppWidgetServiceImpl: startListening callbacks : com.android.internal.appwidget.IAppWidgetHost$Stub$Proxy@b174b90 intervalEnsure:9795551 intervalHostLock:9795551 LhostId:HostId{user:0, app:10134, hostId:1024, pkg:com.sec.android.app.launcher}
06-29 17:42:08.597  1611  3647 I AppWidgetServiceImpl: startListening() finish
06-29 17:42:08.597  2599 31236 I HoneySpace.HoneyAppWidgetHost: success hidden_semStartListening - result: true, host: 2ac7511, hostId: 1024
06-29 17:42:08.598  2599 10952 I HoneySpace.HistoryViewModel@264438248@OneUI: loadItems(HOTSEATBAR) called - delay=200, reason=Resumed
06-29 17:42:08.598  2599  4537 I HoneySpace.PredictionDataSourceImpl: requestPredictionUpdate 1 true
06-29 17:42:08.598  2599  2599 I HoneySpace.HistoryTaskView@35327792@OneUI: loading ? true
06-29 17:42:08.599  2599 10951 I LauncherActivityInfo: Trying to load live icon for com.sec.android.app.clockpackage
06-29 17:42:08.599  2996  3045 I RequestManager_FLP: onOpChanged, op=0 / packageName=com.android.vending
06-29 17:42:08.599  1611  3642 D BLASTSyncEngine: SyncGroup 81:  Unfinished container: ActivityRecord{231188647 u0 com.sec.android.app.launcher/.activities.LauncherActivity t201} mSyncState=2
06-29 17:42:08.600  2085  2190 D InputTransport: Input channel destroyed: '6d538ea', fd=803
06-29 17:42:08.601  2599 10951 I ApplicationPackageManager: package : com.sec.android.app.clockpackage, useAppIconResources : false
06-29 17:42:08.601  2599 10951 I LiveIconUtil: getLiveIcon was called in ClockPackage
06-29 17:42:08.601  8891  8891 I Finsky  : [2] SCH: job service start with id 9376.
06-29 17:42:08.601  1140  1140 I SurfaceFlinger: [LayerHierarchy{RequestedLayerState{ImeContainer#15 parentId=1413 relativeParentId=1413 z=1} 1 children}] RelativeParent to null
06-29 17:42:08.601  1140  1140 I SurfaceFlinger: [LayerHierarchy{RequestedLayerState{SurfaceControlViewHostAdapter surface#64 parentId=1418 z=-1} 1 children}] reparent to LayerHierarchy{RequestedLayerState{Decor container of Task=215#1418 parentId=1412 z=30000} 1 children}
06-29 17:42:08.602  1140  1140 I BufferQueueProducer: [TaskbarWindow$_2599#123](this:0xb4000070f583d948,id:-1,api:0,p:-1,c:1140) queueBuffer: fps=0.11 dur=17634.24 max=17623.72 min=10.51
06-29 17:42:08.602  2085  2190 I VRI[View root of ReusableWindowDecorViewHost#1]@baec560: Relayout returned: old=(0,0,150,42) new=(0,0,150,42) relayoutAsync=false req=(150,42)8 dur=1 res=0x0 s={false 0x0} ch=false seqId=0
06-29 17:42:08.602  2599 10951 I LiveIconUtil: getLiveIcon res = com.sec.android.app.clockpackage
06-29 17:42:08.602  1280  5524 I CameraService: onUidStateChanged: uid=10236, procState is changed. (5 -> 3)
06-29 17:42:08.603 31240 31240 I caww    : onStart
06-29 17:42:08.604  1611  3647 I WindowManager: Relayout Window{50ec89e u0 com.sec.android.app.launcher/com.sec.android.app.launcher.activities.LauncherActivity}: viewVisibility=0 req=1920x1200 ty=1 d0
06-29 17:42:08.604 31240 31240 I caww    : onResume
06-29 17:42:08.604  2599 10951 I LiveIconUtil: stdIconSize : 72 , targetIconSize : 87
06-29 17:42:08.604  2599 10951 I LiveIconUtil: iconDpi : 320 , mTargetIconDpi : 240
06-29 17:42:08.605  3501  7679 I SDHMS:k : handleResumeComponent : put = com.sec.android.app.launcher, userid = 0 instanceid =244582898
06-29 17:42:08.605  1140  1225 I SurfaceFlinger: id=1438 createSurf, flag=44004, com.sec.android.app.launcher/com.sec.android.app.launcher.activities.LauncherActivity$_2599#1438
06-29 17:42:08.607  1611 12759 D PerProcessNandswap$NandswapHandler: nandswap start for non-activity com.android.vending(pid 8891) action:3 adj:250 type:2
06-29 17:42:08.607  2599  4538 I HoneySpace.SPayHandler: updateSpayHandler, show = false, defaultPage = true
06-29 17:42:08.607  1611  1951 D BackgroundInstallControlService: Package event received: 0
06-29 17:42:08.607  1611  1951 D BackgroundInstallControlService: Package event received: 0
06-29 17:42:08.607  1611  1951 D BackgroundInstallControlService: Package event received: 0
06-29 17:42:08.609  1611  3647 D WindowManager: makeSurface duration=5 name=com.sec.android.app.launcher/com.sec.android.app.launcher.activities.LauncherActivity$_2599
06-29 17:42:08.610  8891 11006 I Finsky  : [126] SCH: Satisfied jobs for 9376 are: 12-1
06-29 17:42:08.610  1611  3647 D BLASTSyncEngine: SyncGroup 81:  Unfinished container: ActivityRecord{231188647 u0 com.sec.android.app.launcher/.activities.LauncherActivity t201} mSyncState=2
06-29 17:42:08.611  8891 11283 I Finsky  : [135] SCH: Job 12-1 starting
06-29 17:42:08.611  1611  3647 D WindowManager: Changing focus from null to Window{50ec89e u0 com.sec.android.app.launcher/com.sec.android.app.launcher.activities.LauncherActivity} displayId=0 Callers=com.android.server.wm.WindowManagerService.relayoutWindow:1386 com.android.server.wm.Session.relayout:27 android.view.IWindowSession$Stub.onTransact:829 com.android.server.wm.Session.onTransact:1 
06-29 17:42:08.611  1611  3647 I WindowManager: Cancelling animation restarting=true, leash=Surface(name=Surface(name=46dc6f8 StatusBar)/@0x7930b12 - animation-leash of insets_animation)/@0x7c9550
06-29 17:42:08.611  1611  3647 I WindowManager: Reparenting to original parent: Surface(name=WindowToken{2ad996a type=2000 android.os.BinderProxy@c5b560c})/@0x8e762e3, destroy=false, surface=Surface(name=46dc6f8 StatusBar)/@0x7930b12
06-29 17:42:08.611  1611  3647 I WindowManager: Reparenting to leash, surface=Surface(name=46dc6f8 StatusBar)/@0x7930b12, leashParent=Surface(name=WindowToken{2ad996a type=2000 android.os.BinderProxy@c5b560c})/@0x8e762e3
06-29 17:42:08.611  1140  2938 I SurfaceFlinger: id=1439 createSurf, flag=24004, Surface(name=46dc6f8 StatusBar)/@0x7930b12 - animation-leash of insets_animation#1439
06-29 17:42:08.612  8891  8891 I Finsky  : [2] WM::SCH: Logging work start for 12-1
06-29 17:42:08.612  1611  3647 D WindowManager: makeSurface duration=1 leash=Surface(name=Surface(name=46dc6f8 StatusBar)/@0x7930b12 - animation-leash of insets_animation)/@0x48fd616
06-29 17:42:08.612  1611  3647 D InsetsSourceProvider: updateControlForTarget: control=InsetsSourceControl: {f8550000 mType=statusBars mSurfacePosition=Point(0, 0) mInsetsHint=Insets{left=0, top=45, right=0, bottom=0}}, target=Window{50ec89e u0 com.sec.android.app.launcher/com.sec.android.app.launcher.activities.LauncherActivity}, from=com.android.server.wm.InsetsStateController.onControlTargetChanged:83 com.android.server.wm.InsetsPolicy.updateBarControlTarget:212 com.android.server.wm.DisplayPolicy.updateSystemBarAttributes:262 com.android.server.wm.WindowManagerService.updateFocusedWindowLocked:372 com.android.server.wm.WindowManagerService.relayoutWindow:1386 
06-29 17:42:08.612  8891  8891 I Finsky  : [2] [ContentSync] job started
06-29 17:42:08.612  1611  3647 I WindowManager: Cancelling animation restarting=true, leash=Surface(name=Surface(name=1b044df TaskbarWindow)/@0x10a53e2 - animation-leash of insets_animation)/@0x567744e
06-29 17:42:08.612  1611  3647 I WindowManager: Reparenting to original parent: Surface(name=WindowToken{1b47bf5 type=2024 android.os.BinderProxy@c158b1e})/@0x9c0c373, destroy=false, surface=Surface(name=1b044df TaskbarWindow)/@0x10a53e2
06-29 17:42:08.612  1611  3647 I WindowManager: Reparenting to leash, surface=Surface(name=1b044df TaskbarWindow)/@0x10a53e2, leashParent=Surface(name=WindowToken{1b47bf5 type=2024 android.os.BinderProxy@c158b1e})/@0x9c0c373
06-29 17:42:08.612  1140  1140 I SurfaceFlinger: [LayerHierarchy{RequestedLayerState{WindowToken{6efe8d5 type=2041 android.os.BinderProxy@bc7098c}#1421} 1 children}] reparent to OffscreenRoot
06-29 17:42:08.612  1140  1140 I SurfaceFlinger: [LayerHierarchy{RequestedLayerState{WindowToken{6efe8d5 type=2041 android.os.BinderProxy@bc7098c}#1421} 1 children}] RelativeParent to null
06-29 17:42:08.612  1140  1140 I SurfaceFlinger: [LayerHierarchy{RequestedLayerState{6d538ea Additional view container of Task=215#1422} no children}] reparent to OffscreenRoot
06-29 17:42:08.612  1140  1140 I SurfaceFlinger: [LayerHierarchy{RequestedLayerState{6d538ea Additional view container of Task=215#1422} no children}] RelativeParent to null
06-29 17:42:08.612  1140  1140 I SurfaceFlinger: [com.sec.android.app.launcher/com.sec.android.app.launcher.activities.LauncherActivity$_2599#1438] attach to parent LayerHierarchy{RequestedLayerState{50ec89e com.sec.android.app.launcher/com.sec.android.app.launcher.activities.LauncherActivity#591 parentId=590} 1 children}
06-29 17:42:08.613  1140  1140 I SurfaceFlinger: [Surface(name=46dc6f8 StatusBar)/@0x7930b12 - animation-leash of insets_animation#1439] attach to parent LayerHierarchy{RequestedLayerState{WindowToken{2ad996a type=2000 android.os.BinderProxy@c5b560c}#94 parentId=17} 2 children}
06-29 17:42:08.613  1140  1225 I SurfaceFlinger: id=1440 createSurf, flag=24004, Surface(name=1b044df TaskbarWindow)/@0x10a53e2 - animation-leash of insets_animation#1440
06-29 17:42:08.613  1140  1140 I SurfaceFlinger: onHandleDestroyed: layerId=1421, name=WindowToken{6efe8d5 type=2041 android.os.BinderProxy@bc7098c}#1421
06-29 17:42:08.613  1140  1140 I SurfaceFlinger: id=1421 Removed WindowToken{6efe8d5 type=2041 android.os.BinderProxy@bc7098c}#1421 (140)
06-29 17:42:08.613  1140  1140 I SurfaceFlinger: onHandleDestroyed: layerId=1422, name=6d538ea Additional view container of Task=215#1422
06-29 17:42:08.613  1140  1140 I SurfaceFlinger: id=1422 Removed 6d538ea Additional view container of Task=215#1422 (140)
06-29 17:42:08.613  1611  3647 D WindowManager: makeSurface duration=1 leash=Surface(name=Surface(name=1b044df TaskbarWindow)/@0x10a53e2 - animation-leash of insets_animation)/@0x7ab3da2
06-29 17:42:08.613  1611  3647 D InsetsSourceProvider: updateControlForTarget: control=InsetsSourceControl: {a2e70001 mType=navigationBars mSurfacePosition=Point(0, 1128) mInsetsHint=Insets{left=0, top=0, right=0, bottom=72}}, target=Window{50ec89e u0 com.sec.android.app.launcher/com.sec.android.app.launcher.activities.LauncherActivity}, from=com.android.server.wm.InsetsStateController.onControlTargetChanged:83 com.android.server.wm.InsetsPolicy.updateBarControlTarget:225 com.android.server.wm.DisplayPolicy.updateSystemBarAttributes:262 com.android.server.wm.WindowManagerService.updateFocusedWindowLocked:372 com.android.server.wm.WindowManagerService.relayoutWindow:1386 
06-29 17:42:08.614  1611  3647 D WindowManager: updateSystemBarAttributes: displayId=0, focusedCanBeNavColorWin=false, win=Window{50ec89e u0 com.sec.android.app.launcher/com.sec.android.app.launcher.activities.LauncherActivity}, navColorWin=null, caller=com.android.server.wm.WindowManagerService.updateFocusedWindowLocked:372 com.android.server.wm.WindowManagerService.relayoutWindow:1386 com.android.server.wm.Session.relayout:27 
06-29 17:42:08.614  1611  3647 D WindowManager: updateSystemBarAttributes, bhv=2, apr=0, statusBarAprRegions=[AppearanceRegion{LIGHT_STATUS_BARS bounds=[0,0][1920,1200]}], requestedVisibilities=-9
06-29 17:42:08.614  1611  3647 V SystemKeyManager: updateFocusedWindow() is called, com.sec.android.app.launcher/com.sec.android.app.launcher.activities.LauncherActivity
06-29 17:42:08.615  1611  3647 I WindowManager: Relayout hash=50ec89e, pid=2599, syncId=-1: mAttrs={(0,0)(fillxfill) sim={adjust=nothing} layoutInDisplayCutoutMode=always ty=BASE_APPLICATION fmt=TRANSPARENT wanim=0x1030306
06-29 17:42:08.615  1611  3647 I WindowManager:   fl=81910100
06-29 17:42:08.615  1611  3647 I WindowManager:   pfl=10008840
06-29 17:42:08.615  1611  3647 I WindowManager:   bhv=2
06-29 17:42:08.615  1611  3647 I WindowManager:   fitSides=0
06-29 17:42:08.615  1611  3647 I WindowManager:   frameRateBoostOnTouch=true
06-29 17:42:08.615  1611  3647 I WindowManager:   dvrrWindowFrameRateHint=true naviIconColor=0}
06-29 17:42:08.615  2085  2085 D Navbar.Store: handleEvent(0) OnNavBarWindowStateShowing(noArguments=true) [Module] NavBarHelper
06-29 17:42:08.615  2599  2599 I InsetsController: onStateChanged: host=com.sec.android.app.launcher/com.sec.android.app.launcher.activities.LauncherActivity, from=android.view.ViewRootImpl.onInsetsStateChanged:3031, state=InsetsState: {mDisplayFrame=Rect(0, 0 - 1920, 1200), mDisplayCutout=DisplayCutout{insets=Rect(0, 0 - 0, 0) waterfall=Insets{left=0, top=0, right=0, bottom=0} boundingRect={Bounds=[Rect(0, 0 - 0, 0), Rect(0, 0 - 0, 0), Rect(0, 0 - 0, 0), Rect(0, 0 - 0, 0)]} cutoutPathParserInfo={CutoutPathParserInfo{displayWidth=0 displayHeight=0 physicalDisplayWidth=0 physicalDisplayHeight=0 density={0.0} cutoutSpec={} rotation={0} scale={0.0} physicalPixelDisplaySizeRatio={0.0}}} sideOverrides=null}, mRoundedCorners=RoundedCorners{[RoundedCorner{position=TopLeft, radius=20, center=Point(20, 20)}, RoundedCorner{position=TopRight, radius=20, center=Point(1900, 20)}, RoundedCorner{position=BottomRight, radius=20, center=Point(1900, 1180)}, RoundedCorner{position=BottomLeft, radius=20, center=Point(20, 1180)}]}  mRoundedCornerFrame=Rect(0, 0 - 1920, 1200), mPrivacyIndicatorBounds=PrivacyIndicatorBounds {static bounds=Rect(1854, 0 - 1920, 45) rotation=1}, mDisplayShape=DisplayShape{ spec=-311912193 displayWidth=1200 displayHeight=1920 physicalPixelDisplaySizeRatio=1.0 rotation=1 offsetX=0 offsetY=0 scale=1.0}, mSources= { InsetsSource: {a2e70001 mType=navigationBars mFrame=[0,1128][1920,1200] mVisible=false mFlags= mSideHint=BOTTOM mBoundingRects=null}, InsetsSource: {a2e70004 mType=systemGestures mFrame=[0,0][0,0] mVisible=true mFlags= mSideHint=NONE mBoundingRects=null}, InsetsSource: {a2e70005 mType=mandatorySystemGestures mFrame=[0,1128][1920,1200] mVisible=true mFlags= mSideHint=BOTTOM mBoundingRects=null}, InsetsSource: {a2e70006 mType=tappableElement mFrame=[0,1128][1920,1200] mVisible=true mFlags= mSideHint=BOTTOM mBoundingRects=null}, InsetsSource: {a2e70024 mType=systemGestures mFrame=[0,0][0,0] mVisible=true mFlags= mSideHint=NONE mBoundingRects=null}, InsetsSource: {f8550000 mType=statusBars mFrame=[0,0][1920,45] mVisible=false mFlags= mSideHint=TOP mBoundingRects=null}, InsetsSource: {f8550005 mType=mandatorySystemGestures mFrame=[0,0][1920,45] mVisible=true mFlags= mSideHint=TOP mBoundingRects=null}, InsetsSource: {f8550006 mType=tappableElement mFrame=[0,0][1920,45] mVisible=true mFlags= mSideHint=TOP mBoundingRects=null}, InsetsSource: {3 mType=ime mFrame=[0,0][0,0] mVisible=false mFlags= mSideHint=NONE mBoundingRects=null} }
06-29 17:42:08.616  2599  2599 I BLASTBufferQueue: [VRI[LauncherActivity]@9b4dae5#53](f:0,a:0,s:0) constructor()
06-29 17:42:08.616  2599  4537 I HoneySpace.SystemUiRepository: systemUiFlags: awake
06-29 17:42:08.616  2599  2599 I BLASTBufferQueue_Java: new BLASTBufferQueue, mName= VRI[LauncherActivity]@9b4dae5 mNativeObject= 0xb4000074ba06cb40 caller= android.view.ViewRootImpl.updateBlastSurfaceIfNeeded:3590 android.view.ViewRootImpl.relayoutWindow:11689 android.view.ViewRootImpl.performTraversals:4808 android.view.ViewRootImpl.doTraversal:3929 android.view.ViewRootImpl$TraversalRunnable.run:12907 android.view.Choreographer$CallbackRecord.run:1901 android.view.Choreographer$CallbackRecord.run:1910 android.view.Choreographer.doCallbacks:1367 android.view.Choreographer.doFrame:1292 android.view.Choreographer$FrameDisplayEventReceiver.run:1870 
06-29 17:42:08.617  2085  2085 D TaskbarDelegate: onSystemBarAttributesChanged() - displayId:0, appearance:0, navbarColorManagedByIme: false, packageName: com.sec.android.app.launcher
06-29 17:42:08.617  2599  2599 I BLASTBufferQueue_Java: update, w= 1920 h= 1200 mName = VRI[LauncherActivity]@9b4dae5 mNativeObject= 0xb4000074ba06cb40 sc.mNativeObject= 0xb4000075f9ef0490 format= -2 caller= android.view.ViewRootImpl.updateBlastSurfaceIfNeeded:3595 android.view.ViewRootImpl.relayoutWindow:11689 android.view.ViewRootImpl.performTraversals:4808 android.view.ViewRootImpl.doTraversal:3929 android.view.ViewRootImpl$TraversalRunnable.run:12907 android.view.Choreographer$CallbackRecord.run:1901 
06-29 17:42:08.617  2599  2599 I BLASTBufferQueue: [VRI[LauncherActivity]@9b4dae5#53](f:0,a:0,s:0) update width=1920 height=1200 format=-2 mTransformHint=7
06-29 17:42:08.617  2599  2599 I VRI[LauncherActivity]@9b4dae5: Relayout returned: old=(0,0,1920,1200) new=(0,0,1920,1200) relayoutAsync=false req=(1920,1200)0 dur=17 res=0x3 s={true 0xb400007599f048f0} ch=true seqId=0
06-29 17:42:08.617  1611 11286 I SystemUiVisibilityPolicyController: handleMessage: entry what = 1
06-29 17:42:08.617  2599  2760 I HoneySpace.TaskbarEventTracker: invokeEvent() called with: event = OnSystemBarAttributesChanged(displayId=0, behavior=2)
06-29 17:42:08.617  1611  1651 V WindowManager: Collecting in transition 81: WallpaperWindowToken{78976e0 showWhenLocked=false}_<system>, caller=com.android.server.wm.TransitionController.collect:7 com.android.server.wm.WallpaperWindowToken.setVisibility:55 com.android.server.wm.WallpaperController.adjustWallpaperWindows:882 com.android.server.wm.RootWindowContainer.applySurfaceChangesTransaction$1:141 com.android.server.wm.RootWindowContainer.performSurfacePlacementNoTrace:59 
06-29 17:42:08.617  1611  1651 V WindowManager: Setting visibility of Window{3a2bb30 u0 com.android.systemui.wallpapers.ImageWallpaper}: true, caller=com.android.server.wm.WindowContainer.sendAppVisibilityToClients:19 com.android.server.wm.WindowToken.setClientVisible:91 com.android.server.wm.WallpaperWindowToken.setVisible$1:3 com.android.server.wm.WallpaperWindowToken.commitVisibility:48 com.android.server.wm.WallpaperWindowToken.setVisibility:138 
06-29 17:42:08.617  2599  2599 I HoneySpace.HoneySpaceManagerContainer: getWindowBounds, key = (com.sec.android.app.launcher.Launcher, 0)
06-29 17:42:08.618  2599  2599 I HoneySpace.WindowBounds: immersiveNavigation? false
06-29 17:42:08.618  2085  7277 I WallpaperService: dispatchAppVisibility: system, visible=true , mLidState = -1
06-29 17:42:08.618  2599  2599 I HoneySpace.WindowBounds: onApplyWindowInsets, Insets{left=0, top=45, right=0, bottom=72} -> Insets{left=0, top=45, right=0, bottom=72}
06-29 17:42:08.618  2599  2599 I HoneySpace.WindowBounds: opposite = WindowInsets{
06-29 17:42:08.618  2599  2599 I HoneySpace.WindowBounds:     statusBars=Insets{left=0, top=45, right=0, bottom=0} max=Insets{left=0, top=45, right=0, bottom=0} vis=true boundingRects=[Rect(0, 0 - 1920, 45)] maxBoundingRects=[Rect(0, 0 - 1920, 45)]
06-29 17:42:08.618  2599  2599 I HoneySpace.WindowBounds:     navigationBars=Insets{left=0, top=0, right=0, bottom=72} max=Insets{left=0, top=0, right=0, bottom=72} vis=true boundingRects=[Rect(0, 1128 - 1920, 1200)] maxBoundingRects=[Rect(0, 1128 - 1920, 1200)]
06-29 17:42:08.618  2599  2599 I HoneySpace.WindowBounds:     captionBar=null max=null vis=false boundingRects=null maxBoundingRects=null
06-29 17:42:08.618  2599  2599 I HoneySpace.WindowBounds:     ime=null max=null vis=false boundingRects=null maxBoundingRects=null
06-29 17:42:08.618  2599  2599 I HoneySpace.WindowBounds:     systemGestures=Insets{left=0, top=45, right=0, bottom=72} max=Insets{left=0, top=45, right=0, bottom=72} vis=true boundingRects=[Rect(0, 0 - 1920, 45), Rect(0, 1128 - 1920, 1200)] maxBoundingRects=[Rect(0, 0 - 1920, 45), Rect(0, 1128 - 1920, 1200)]
06-29 17:42:08.618  2599  2599 I HoneySpace.WindowBounds:     mandatorySystemGestures=Insets{left=0, top=45, right=0, bottom=72} max=Insets{left=0, top=45, right=0, bottom=72} vis=true boundingRects=[Rect(0, 0 - 1920, 45), Rect(0, 1128 - 1920, 1200)] maxBoundingRects=[Rect(0, 0 - 1920, 45), Rect(0, 1128 - 1920, 1200)]
06-29 17:42:08.618  2599  2599 I HoneySpace.WindowBounds:     tappableElement=Insets{left=0, top=45, right=0, bottom=72} max=Insets{left=0, top=45, right=0, bottom=72} vis=true boundingRects=[Rect(0, 0 - 1920, 45), Rect(0, 1128 - 1920, 1200)] maxBoundingRects=[Rect(0, 0 - 1920, 45), Rect(0, 1128 - 1920, 1200)]
06-29 17:42:08.618  2599  2599 I HoneySpace.WindowBounds:     displayCutout=null max=null vis=false boundingRects=null maxBoundingRects=null
06-29 17:42:08.618  2599  2599 I HoneySpace.WindowBounds:     windowDecor=null max=null vis=false boundingRects=null maxBoundingRects=null
06-29 17:42:08.618  2599  2599 I HoneySpace.WindowBounds:     systemOverlays=null max=null vis=false boundingRects=null maxBoundingRects=null
06-29 17:42:08.618  2599  2599 I HoneySpace.WindowBounds:     
06-29 17:42:08.618  2599  2599 I HoneySpace.WindowBounds:     
06-29 17:42:08.618  2599  2599 I HoneySpace.WindowBounds:     roundedCorners=RoundedCorners{[RoundedCorner{position=TopLeft, radius=20, center=Point(20, 20)}, RoundedCorner{position=TopRight, radius=20, center=Point(1900, 20)}, RoundedCorner{position=BottomRight, radius=20, center=Point(1900, 1180)}, RoundedCorner{position=BottomLeft, radius=20, center=Point(20, 1180)}]}
06-29 17:42:08.618  2599  2599 I HoneySpace.WindowBounds:     privacyIndicatorBounds=PrivacyIndicatorBounds {static bounds=Rect(1854, 0 - 1920, 45) rotation=1}
06-29 17:42:08.618  2599  2599 I HoneySpace.WindowBounds:     displayShape=DisplayShape{ spec=-311912193 displayWidth=1200 displayHeight=1920 physicalPixelDisplaySizeRatio=1.0 rotation=1 offsetX=0 offsetY=0 scale=1.0}
06-29 17:42:08.618  2599  2599 I HoneySpace.WindowBounds:     forceConsumingTypes=
06-29 17:42:08.618  2599  2599 I HoneySpace.WindowBounds:     forceConsumingOpaqueCaptionBar=false
06-29 17:42:08.618  2599  2599 I HoneySpace.WindowBounds:     suppressScrimTypes=
06-29 17:42:08.618  2599  2599 I HoneySpace.WindowBounds:     compatInsetsTypes=statusBars navigationBars captionBar displayCutout systemOverlays
06-29 17:42:08.618  2599  2599 I HoneySpace.WindowBounds:     compatIgnoreVisibility=false
06-29 17:42:08.618  2599  2599 I HoneySpace.WindowBounds:     systemWindowInsetsConsumed=false
06-29 17:42:08.618  2599  2599 I HoneySpace.WindowBounds:     stableInsetsConsumed=false
06-29 17:42:08.618  2599  2599 I HoneySpace.WindowBounds:     displayCutoutConsumed=false
06-29 17:42:08.618  2599  2599 I HoneySpace.WindowBounds:     
06-29 17:42:08.618  2599  2599 I HoneySpace.WindowBounds:     frameWidth=1920
06-29 17:42:08.618  2599  2599 I HoneySpace.WindowBounds:     frameHeight=1200}
06-29 17:42:08.618  2599  2599 I HoneySpace.WindowBounds: needToUpdate? false
06-29 17:42:08.618  2599  2760 I HoneySpace.TaskbarEventTracker: invokeEvent() called with: event = HandleNavigationBarEvent(eventData=NavBarEvents(eventType=ON_APPEARANCE_CHANGED, iconType=null, remoteViewBundle=null, iconBitmapBundle=null, orderDefault=true, position=0, rotationLocked=false, transientShowing=false, appearance=0, pluginBundle=null, hiddenByKnox=false, insetsBundle=null, displayId=0))
06-29 17:42:08.618  2085  2463 I WallpaperService: updateSurface system forceRelayout=false forceReport=false redrawNeeded=false myWidth=-1 myHeight=-1 fixedSize=false x = 0 y = 0 mWidth=-1 mHeight=-1
06-29 17:42:08.618  2085  2463 I WallpaperService: reportVisibility: visibility changed. visible=true
06-29 17:42:08.618  2085  2463 I ImageWallpaper_5[Image]:  onVisibilityChanged: visible=true , displayId=0
06-29 17:42:08.618  1611  1651 D BLASTSyncEngine: SyncGroup 81:  Unfinished container: ActivityRecord{231188647 u0 com.sec.android.app.launcher/.activities.LauncherActivity t201} mSyncState=2
06-29 17:42:08.619  1611  1651 D BLASTSyncEngine: SyncGroup 81:  Unfinished container: ActivityRecord{231188647 u0 com.sec.android.app.launcher/.activities.LauncherActivity t201} mSyncState=2
06-29 17:42:08.620  2599 10951 E AppIconSolution: Couldn't get theme package resources, package is null
06-29 17:42:08.620  2599 10951 I AppIconSolution: load= live icon for com.sec.android.app.clockpackage, from overlay = false
06-29 17:42:08.620  2599 10951 I LauncherActivityInfo: packageName: com.sec.android.app.clockpackage, useThemeIcon: false, height: 144, width: 144, density: 320
06-29 17:42:08.621  2599  2599 I HoneySpace.SearchUI: updateInsets Insets{left=0, top=0, right=0, bottom=72}
06-29 17:42:08.621  2599  2599 I HoneySpace.SearchUI: insetsListener keyboardHeight : 2 0 0 false Insets{left=0, top=0, right=0, bottom=72}
06-29 17:42:08.621  2599  2599 I VRI[LauncherActivity]@9b4dae5: Creating new active sync group VRI[LauncherActivity]@9b4dae5#41
06-29 17:42:08.624  1140  1140 I SurfaceFlinger: RequestedLayer [Surface(name=46dc6f8 StatusBar)/@0x7[...]ation-leash of insets_animation#1439] hidden!! flag  from(1) --> to(0)
06-29 17:42:08.624  1140  1140 E SurfaceFlinger: alpha changed 1.000 -> 0.000 - Surface(name=46dc6f8 StatusBar)/@0x7930b12 - animation-leash of insets_animation#1439
06-29 17:42:08.624  1140  1140 I SurfaceFlinger: RequestedLayer [Surface(name=1b044df TaskbarWindow)/[...]ation-leash of insets_animation#1440] hidden!! flag  from(1) --> to(0)
06-29 17:42:08.624  1140  1140 E SurfaceFlinger: alpha changed 1.000 -> 0.000 - Surface(name=1b044df TaskbarWindow)/@0x10a53e2 - animation-leash of insets_animation#1440
06-29 17:42:08.624  1140  1140 I SurfaceFlinger: destroyed WindowToken{6efe8d5 type=2041 android.os.BinderProxy@bc7098c}#1421
06-29 17:42:08.624  1140  1140 I SurfaceFlinger: destroyed 6d538ea Additional view container of Task=215#1422
06-29 17:42:08.624  1140  1140 I SurfaceFlinger: [LayerHierarchy{RequestedLayerState{46dc6f8 StatusBar#95 parentId=1439} 1 children}] reparent to LayerHierarchy{RequestedLayerState{Surface(name=46dc6f8 StatusBar)/@0x7930b12 - animation-leash of insets_animation#1439 parentId=94} 1 children}
06-29 17:42:08.624  1140  1140 I SurfaceFlinger: [LayerHierarchy{RequestedLayerState{1b044df TaskbarWindow#120 parentId=1440} 1 children}] reparent to LayerHierarchy{RequestedLayerState{Surface(name=1b044df TaskbarWindow)/@0x10a53e2 - animation-leash of insets_animation#1440 parentId=119} 1 children}
06-29 17:42:08.624  1140  1140 I SurfaceFlinger: [LayerHierarchy{RequestedLayerState{Surface(name=1b044df TaskbarWindow)/@0x10a53e2 - animation-leash of insets_animation#1430} no children}] reparent to OffscreenRoot
06-29 17:42:08.624  1140  1140 I SurfaceFlinger: [LayerHierarchy{RequestedLayerState{Surface(name=1b044df TaskbarWindow)/@0x10a53e2 - animation-leash of insets_animation#1430} no children}] RelativeParent to null
06-29 17:42:08.624  1140  1140 I SurfaceFlinger: [LayerHierarchy{RequestedLayerState{Surface(name=46dc6f8 StatusBar)/@0x7930b12 - animation-leash of insets_animation#1429} no children}] reparent to OffscreenRoot
06-29 17:42:08.624  1140  1140 I SurfaceFlinger: [LayerHierarchy{RequestedLayerState{Surface(name=46dc6f8 StatusBar)/@0x7930b12 - animation-leash of insets_animation#1429} no children}] RelativeParent to null
06-29 17:42:08.624  1140  1140 I SurfaceFlinger: [Surface(name=1b044df TaskbarWindow)/@0x10a53e2 - animation-leash of insets_animation#1440] attach to parent LayerHierarchy{RequestedLayerState{WindowToken{1b47bf5 type=2024 android.os.BinderProxy@c158b1e}#119 parentId=34} 1 children}
06-29 17:42:08.624  1140  1140 I Layer   : id=1422 Destroyed 6d538ea Additional view container of Task=215#1422
06-29 17:42:08.624  1140  1140 I Layer   : id=1421 Destroyed WindowToken{6efe8d5 type=2041 android.os.BinderProxy@bc7098c}#1421
06-29 17:42:08.625  1140  1500 I SurfaceFlinger: onHandleDestroyed: layerId=1429, name=Surface(name=46dc6f8 StatusBar)/@0x7930b12 - animation-leash of insets_animation#1429
06-29 17:42:08.625  1140  1500 I SurfaceFlinger: id=1429 Removed Surface(name=46dc6f8 StatusBar)/@0x7930b12 - animation-leash of insets_animation#1429 (138)
06-29 17:42:08.625  1140  1500 I SurfaceFlinger: onHandleDestroyed: layerId=1430, name=Surface(name=1b044df TaskbarWindow)/@0x10a53e2 - animation-leash of insets_animation#1430
06-29 17:42:08.625  1140  1500 I SurfaceFlinger: id=1430 Removed Surface(name=1b044df TaskbarWindow)/@0x10a53e2 - animation-leash of insets_animation#1430 (138)
06-29 17:42:08.625  1140  1302 D SurfaceFlinger: [input] setFocusedWindow: 50ec89e com.sec.android.app.launcher/com.sec.android.app.launcher.activities.LauncherActivity
06-29 17:42:08.625  1140  1302 D SurfaceFlinger: updateWinowInfo=1, setFocusedWindow timestamp=9795569445814, windowName=50ec89e com.sec.android.app.launcher/com.sec.android.app.launcher.activities.LauncherActivity
06-29 17:42:08.626  1611  1863 D InputDispatcher: Once focus requested (0): 50ec89e com.sec.android.app.launcher/com.sec.android.app.launcher.activities.LauncherActivity
06-29 17:42:08.626  1611  1863 D InputDispatcher: Focus request (0): 50ec89e com.sec.android.app.launcher/com.sec.android.app.launcher.activities.LauncherActivity but waiting because NOT_VISIBLE
06-29 17:42:08.626  2599 10951 I HoneySpace.LiveIconSupplier: updateIcon - 73, CLOCK, true - 17:42, view: #c81768b, parent: ApplistCellLayout#c8d85b4
06-29 17:42:08.626  2599  4537 I HoneySpace.SearchUI: updateInsets Insets{left=0, top=0, right=0, bottom=72}
06-29 17:42:08.626  2599  4537 I HoneySpace.SearchUI: updateInsetsOnBinding: bind=Insets{left=0, top=0, right=0, bottom=72} Insets{left=0, top=45, right=0, bottom=72}
06-29 17:42:08.626  2599  4537 I HoneySpace.SearchUI: updateInsetsOnBinding: input=Insets{left=0, top=0, right=0, bottom=72} Insets{left=0, top=45, right=0, bottom=72}
06-29 17:42:08.626  2599  4423 I VRI[LauncherActivity]@9b4dae5: mWNT: t=0xb400007459f1f750 mBlastBufferQueue=0xb4000074ba06cb40 fn= 1 HdrRenderState mRenderHdrSdrRatio=1.0 caller= android.view.ViewRootImpl$12.onFrameDraw:15445 android.view.ThreadedRenderer$1.onFrameDraw:718 <bottom of call stack> 
06-29 17:42:08.626  2599  4423 I VRI[LauncherActivity]@9b4dae5: Setting up sync and frameCommitCallback
06-29 17:42:08.628  1611  1651 D InsetsSourceProvider: updateVisibility: serverVisible=true, clientVisible=true, source=InsetsSource: {f8550000 mType=statusBars mFrame=[0,0][1920,45] mVisible=true mFlags= mSideHint=TOP mBoundingRects=null}, controlTarget=Window{50ec89e u0 com.sec.android.app.launcher/com.sec.android.app.launcher.activities.LauncherActivity}, from=com.android.server.wm.InsetsSourceProvider.setClientVisible:8 com.android.server.wm.InsetsSourceProvider.updateClientVisibility:20 com.android.server.wm.InsetsStateController.onRequestedVisibleTypesChanged:44 com.android.server.wm.InsetsStateController$$ExternalSyntheticLambda1.run:172 com.android.server.wm.WindowAnimator$$ExternalSyntheticLambda2.onTransactionCommitted:26 android.view.SurfaceControl$Transaction$$ExternalSyntheticLambda4.run:0 android.os.Handler.handleCallback:995 android.os.Handler.dispatchMessage:103 android.os.Looper.loopOnce:273 android.os.Looper.loop:363 
06-29 17:42:08.628  1611  1651 D InsetsSourceProvider: updateVisibility: serverVisible=true, clientVisible=true, source=InsetsSource: {a2e70001 mType=navigationBars mFrame=[0,1128][1920,1200] mVisible=true mFlags= mSideHint=BOTTOM mBoundingRects=null}, controlTarget=Window{50ec89e u0 com.sec.android.app.launcher/com.sec.android.app.launcher.activities.LauncherActivity}, from=com.android.server.wm.InsetsSourceProvider.setClientVisible:8 com.android.server.wm.InsetsSourceProvider.updateClientVisibility:20 com.android.server.wm.InsetsStateController.onRequestedVisibleTypesChanged:44 com.android.server.wm.InsetsStateController$$ExternalSyntheticLambda1.run:172 com.android.server.wm.WindowAnimator$$ExternalSyntheticLambda2.onTransactionCommitted:26 android.view.SurfaceControl$Transaction$$ExternalSyntheticLambda4.run:0 android.os.Handler.handleCallback:995 android.os.Handler.dispatchMessage:103 android.os.Looper.loopOnce:273 android.os.Looper.loop:363 
06-29 17:42:08.629  1611  1651 D BLASTSyncEngine: SyncGroup 81:  Unfinished container: ActivityRecord{231188647 u0 com.sec.android.app.launcher/.activities.LauncherActivity t201} mSyncState=2
06-29 17:42:08.630  2085  2085 I WallpaperService: resized: system, reportDraw=false, forceLayout=false, displayId=0
06-29 17:42:08.630  2085  2085 I VRI[StatusBar]@c53d26a: handleResized, frames=ClientWindowFrames{frame=[0,0][1920,45] display=[0,0][1920,1200] parentFrame=[0,0][0,0]} displayId=0 dragResizing=false compatScale=1.0 frameChanged=false attachedFrameChanged=false configChanged=false displayChanged=false compatScaleChanged=false dragResizingChanged=false
06-29 17:42:08.630  2085  2463 I WallpaperService: handleResized: which=5, reportDraw=false
06-29 17:42:08.630  2085  2463 I WallpaperService: updateSurface system forceRelayout=true forceReport=false redrawNeeded=false myWidth=-1 myHeight=-1 fixedSize=false x = 0 y = 0 mWidth=-1 mHeight=-1
06-29 17:42:08.630  2085  2463 I WallpaperService: maxBounds : Rect(0, 0 - 1920, 1200) , mDeviceHeight : 1200, mDeviceWidth : 1920,mDeviceRotation  : 1
06-29 17:42:08.630  2085  2463 I WallpaperService: updateSurface: invoke Session.relayout
06-29 17:42:08.633  2085  2190 E CellUtil: calcBoundsForPosition. dockSide invalid. 
06-29 17:42:08.633  2085  2190 E CellUtil: calcBoundsForPosition. dockSide invalid. 
06-29 17:42:08.634  1611  2828 I WindowManager: Relayout Window{3a2bb30 u0 com.android.systemui.wallpapers.ImageWallpaper}: viewVisibility=0 req=-1x-1 ty=2013 d0
06-29 17:42:08.634  2599  4424 I BLASTBufferQueue: [VRI[LauncherActivity]@9b4dae5#53](f:0,a:0,s:0) onFrameAvailable the first frame is available
06-29 17:42:08.634  2085  2190 D BufferQueueConsumer: [](id:82500000087,api:0,p:-1,c:2085) connect: controlledByApp=false
06-29 17:42:08.635  1140  1140 I SurfaceFlinger: RequestedLayer [com.android.systemui.wallpapers.ImageWallpaper$_2085#82] hidden!! flag  from(1) --> to(0)
06-29 17:42:08.635  1140  1140 I SurfaceFlinger: RequestedLayer [View root of ReusableWindowDecorViewHost#1Leash#65] hidden!! flag  from(1) --> to(0)
06-29 17:42:08.635  1140  1140 I SurfaceFlinger: destroyed Surface(name=1b044df TaskbarWindow)/@0x10a53e2 - animation-leash of insets_animation#1430
06-29 17:42:08.635  1140  1140 I SurfaceFlinger: destroyed Surface(name=46dc6f8 StatusBar)/@0x7930b12 - animation-leash of insets_animation#1429
06-29 17:42:08.635  1140  1140 I SurfaceFlinger: [LayerHierarchy{RequestedLayerState{SurfaceControlViewHostAdapter surface#64 parentId=1418 z=-1} 1 children}] reparent to LayerHierarchy{RequestedLayerState{Decor container of Task=215#1418 parentId=1412 z=30000} 1 children}
06-29 17:42:08.635  2599  4424 I BLASTBufferQueue: [VRI[LauncherActivity]@9b4dae5#53](f:0,a:1,s:0) acquireNextBufferLocked size=1920x1200 mFrameNumber=1 applyTransaction=true mTimestamp=9795588641429(auto) mPendingTransactions.size=0 graphicBufferId=11162620002854 transform=4
06-29 17:42:08.635  2085  2190 I BLASTBufferQueue: [VRI[View root of ReusableWindowDecorViewHost#1]@baec560#135](f:0,a:0,s:0) constructor()
06-29 17:42:08.635  2599  4424 I VRI[LauncherActivity]@9b4dae5: Received frameCommittedCallback lastAttemptedDrawFrameNum=1 didProduceBuffer=true
06-29 17:42:08.635  2085  2190 I BLASTBufferQueue_Java: new BLASTBufferQueue, mName= VRI[View root of ReusableWindowDecorViewHost#1]@baec560 mNativeObject= 0xb4000074b9fbb770 caller= android.view.ViewRootImpl.updateBlastSurfaceIfNeeded:3590 android.view.ViewRootImpl.relayoutWindow:11689 android.view.ViewRootImpl.performTraversals:4808 android.view.ViewRootImpl.doTraversal:3929 android.view.ViewRootImpl$TraversalRunnable.run:12907 android.view.Choreographer$CallbackRecord.run:1901 android.view.Choreographer$CallbackRecord.run:1910 android.view.Choreographer.doCallbacks:1367 android.view.Choreographer.doFrame:1292 android.view.Choreographer$FrameDisplayEventReceiver.run:1870 
06-29 17:42:08.635  1140  1140 I Layer   : id=1430 Destroyed Surface(name=1b044df TaskbarWindow)/@0x10a53e2 - animation-leash of insets_animation#1430
06-29 17:42:08.635  1140  1140 I Layer   : id=1429 Destroyed Surface(name=46dc6f8 StatusBar)/@0x7930b12 - animation-leash of insets_animation#1429
06-29 17:42:08.635  2085  2190 I BLASTBufferQueue_Java: update, w= 150 h= 42 mName = VRI[View root of ReusableWindowDecorViewHost#1]@baec560 mNativeObject= 0xb4000074b9fbb770 sc.mNativeObject= 0xb4000075f9f653d0 format= -2 caller= android.view.ViewRootImpl.updateBlastSurfaceIfNeeded:3595 android.view.ViewRootImpl.relayoutWindow:11689 android.view.ViewRootImpl.performTraversals:4808 android.view.ViewRootImpl.doTraversal:3929 android.view.ViewRootImpl$TraversalRunnable.run:12907 android.view.Choreographer$CallbackRecord.run:1901 
06-29 17:42:08.635  2085  2190 I BLASTBufferQueue: [VRI[View root of ReusableWindowDecorViewHost#1]@baec560#135](f:0,a:0,s:0) update width=150 height=42 format=-2 mTransformHint=7
06-29 17:42:08.636  2085  2190 I VRI[View root of ReusableWindowDecorViewHost#1]@baec560: Relayout returned: old=(0,0,150,42) new=(0,0,150,42) relayoutAsync=false req=(150,42)0 dur=0 res=0x0 s={true 0xb400007599fcf570} ch=true seqId=0
06-29 17:42:08.636  2085  2190 D VRI[View root of ReusableWindowDecorViewHost#1]@baec560: mThreadedRenderer.initialize() mSurface={isValid=true 0xb400007599fcf570} hwInitialized=true
06-29 17:42:08.636  1611 12759 D PerProcessNandswapNative: enable WriteBooster
06-29 17:42:08.636  2085  2190 D VRI[View root of ReusableWindowDecorViewHost#1]@baec560: Start draw after previous draw not visible
06-29 17:42:08.636  2085  2190 I VRI[View root of ReusableWindowDecorViewHost#1]@baec560: registerCallbackForPendingTransactions
06-29 17:42:08.636  1611  2828 D BLASTSyncEngine: SyncGroup 81:  Unfinished container: ActivityRecord{231188647 u0 com.sec.android.app.launcher/.activities.LauncherActivity t201} mSyncState=2
06-29 17:42:08.637  2599  2599 I HoneySpace.HistoryViewModel@264438248@OneUI: Block stack change
06-29 17:42:08.637  2599  2599 I HoneySpace.HistoryViewModel@30801294@OneUI: Block stack change
06-29 17:42:08.637  2085  2326 I VRI[View root of ReusableWindowDecorViewHost#1]@baec560: mWNT: t=0xb400007459f606d0 mBlastBufferQueue=0xb4000074b9fbb770 fn= 1 HdrRenderState mRenderHdrSdrRatio=1.0 caller= android.view.ViewRootImpl$10.onFrameDraw:6540 android.view.ViewRootImpl$4.onFrameDraw:2494 android.view.ThreadedRenderer$1.onFrameDraw:718 
06-29 17:42:08.637  2599  2599 I HoneySpace.EdgePanel.CocktailHostRepositoryImpl: onNoteResume
06-29 17:42:08.637  1611  1650 I DisplayDeviceRepository: Display device changed render timings: "╨Т╤Б╤В╤А╨╛╨╡╨╜╨╜╤Л╨╣ ╤Н╨║╤А╨░╨╜", renderFrameRate=90.0, presentationDeadlineNanos=14100000, appVsyncOffsetNanos=5633333, frameRateOverrides=[{uid=10060 frameRateHz=90.0}, {uid=10329 frameRateHz=90.0}]
06-29 17:42:08.637  2599  2599 I HoneySpace.EdgePanel.EdgePanelContainerViewModel: cocktailHostRepository.edgePanelOperation NoteResumeComponent(componentName=ComponentInfo{com.sec.android.app.launcher/com.sec.android.app.launcher.Launcher})
06-29 17:42:08.637  2599  2599 I HoneySpace.EdgePanel.ActivityUtils: HomePackage : com.sec.android.app.launcher, resumePackageName : com.sec.android.app.launcher, className : com.sec.android.app.launcher.Launcher
06-29 17:42:08.637  2599  2762 I HoneySpace.TopTaskSource: onTaskFocusChanged(): taskId = 201
06-29 17:42:08.637  2599  2599 I HoneySpace.TaskbarVisibilityController@71619404@OneUI: onTaskbarIconVisibleChangeRequest occlude:false cn:null, isResume:true, isGestureTransition : false, isDock : false
06-29 17:42:08.637  1140  1140 D SurfaceFlinger: Display 4627039422300187648 HWC layers:
06-29 17:42:08.637  1140  1140 D SurfaceFlinger:        DEVICE |           47747151429641 | 00002100 | RGBA_8888    |    0.0    0.0 1200.0 1920.0 |    0    0 1200 1920 | com.aistudio.nexiumhealth.qptwyx/com.example.MainActivity$_11117#1428 (1264)
06-29 17:42:08.637  1140  1140 D SurfaceFlinger:        DEVICE |            8955006813659 | 00002100 | RGBA_8888    |    0.0    0.0   42.0  150.0 |    0  883   42 1033 | View root of ReusableWindowDecorViewHost#1#66 (24)
06-29 17:42:08.637  1140  1140 D SurfaceFlinger: 
06-29 17:42:08.638  2599 10952 I HoneySpace.HistoryViewModel@264438248@OneUI: loadItemJob canceled
06-29 17:42:08.638  2599  2760 I HoneySpace.TaskbarEventTracker: invokeEvent() called with: event = SystemUiStateChanged(stateFlags=268435456)
06-29 17:42:08.638  2599 11071 I HoneySpace.HistoryViewModel@30801294@OneUI: loadItemJob canceled
06-29 17:42:08.638  2599 11071 I HoneySpace.HistoryViewModel@30801294@OneUI: task bar is not showing. skip load history items
