06-29 17:42:08.957  2599  2599 I HoneySpace.HistoryViewModel@30801294@OneUI: task bar is not showing. skip load history items
06-29 17:42:08.957  2085  2190 V ShellDesktopMode: Task Vanished: #215 closed=true
06-29 17:42:08.958  2599  2599 I HoneySpace.HistoryViewModel@30801294@OneUI: launcherShowing : true, recentShowing : false, isInteractive : true, state : 0, minusOne : false
06-29 17:42:08.958  2085  2270 D StackScroller: onDisplayChanged for predraw skip to 2
06-29 17:42:08.958  2599  2599 I HoneySpace.TaskListViewModel[139123854]: taskRemoveId, 215
06-29 17:42:08.958  2599  2599 W HoneySpace.TaskListViewModel[139123854]: task is already removed: 215
06-29 17:42:08.958  2599  2599 I HoneySpace.TaskListViewModel[139123854]: taskRemoveId, 215
06-29 17:42:08.958  2599  2599 W HoneySpace.TaskListViewModel[139123854]: task is already removed: 215
06-29 17:42:08.959  1140  1226 I SurfaceFlinger: onHandleDestroyed: layerId=1443, name=Surface(name=Task=215)/@0x8943380_transition-leash#1443
06-29 17:42:08.959  2085  2085 D DisplayLifecycle: updateDisplay id = 0
06-29 17:42:08.959  1140  1226 I SurfaceFlinger: id=1443 Removed Surface(name=Task=215)/@0x8943380_transition-leash#1443 (142)
06-29 17:42:08.959  1140  1226 I SurfaceFlinger: onHandleDestroyed: layerId=1442, name=Surface(name=Task=200)/@0x8fb12bd_transition-leash#1442
06-29 17:42:08.959  1140  1226 I SurfaceFlinger: id=1442 Removed Surface(name=Task=200)/@0x8fb12bd_transition-leash#1442 (142)
06-29 17:42:08.959  2599  4537 I HoneySpace.HistoryViewModel@264438248@OneUI: loadItems(HOTSEATBAR) called - delay=200, reason=Update
06-29 17:42:08.959  2599  2599 I HoneySpace.HistoryTaskView@35327792@OneUI: loading ? true
06-29 17:42:08.959  2599  3241 I HoneySpace.Memory-Monitor: current state = 2, didTrim = false
06-29 17:42:08.959  1611  1863 D WifiDisplayAdapter: isFitToActiveDisplayLocked : false
06-29 17:42:08.960  2599  4537 I HoneySpace.RecentTasks: onRunningTaskVanished
06-29 17:42:08.960  2599  2925 I HoneySpace.RecentTasks: onRecentTasksChanged l:242130277
06-29 17:42:08.960  2599  2762 I HoneySpace.TopTaskSource: onTaskRemoved: 215
06-29 17:42:08.962  2085  2085 D SystemUIService: SYSUI_RAM_OPTIMIZATION onTrimMemory=20
06-29 17:42:08.962  2599  2599 I HoneySpace.WallpaperAnimator: destroyWallpaperSurface Surface(name=Surface(name=RemoteWallpaperAnim:1:1)/@0xf3ae3b5 - animation-leash of remote_wallpaper)/@0x40833e3
06-29 17:42:08.962  2599  2599 I HoneySpace.WallpaperAnimator: wallpaper animation end [199193056]
06-29 17:42:08.962  2085  2085 D CentralSurfaces: SYSUI_RAM_OPTIMIZATION onTrimMemory=20
06-29 17:42:08.962  1611  2828 I WindowManager: Cancelling animation restarting=false, leash=Surface(name=Surface(name=RemoteWallpaperAnim:1:1)/@0xf3ae3b5 - animation-leash of remote_wallpaper)/@0x547cbcb
06-29 17:42:08.962  1611  2828 I WindowManager: Reparenting to original parent: Surface(name=OneHanded:0:14)/@0x724a4a, destroy=false, surface=Surface(name=RemoteWallpaperAnim:1:1)/@0xf3ae3b5
06-29 17:42:08.963  2599  4537 I HoneySpace.HistoryViewModel@264438248@OneUI: loadItemJob canceled
06-29 17:42:08.963  2599  3241 I HoneySpace.HistoryViewModel@30801294@OneUI: task bar is not showing. skip load history items
06-29 17:42:08.963  1611  2828 D WindowManager: mRunner#onAnimationCancelled, leash=Surface(name=Surface(name=RemoteWallpaperAnim:1:1)/@0xf3ae3b5 - animation-leash of remote_wallpaper)/@0x547cbcb, caller=com.android.server.wm.SurfaceAnimator.cancelAnimation:14 com.android.server.wm.SurfaceAnimator.cancelAnimation:1 com.android.server.wm.WindowContainer.cancelAnimation:3 com.android.server.wm.WindowManagerService.finishRemoteWallpaperAnimation:81 android.view.IWindowManager$Stub.onTransact:4336 
06-29 17:42:08.963  2599  2599 I HoneySpace.HistoryTaskView@35327792@OneUI: loading ? false
06-29 17:42:08.963  2599  2599 I HoneySpace.HistoryTaskView@35327792@OneUI: current state com.honeyspace.sdk.HomeScreen$Normal@d82e63e
06-29 17:42:08.963  2085  2328 D HWUI    : CacheManager::trimMemory(20)
06-29 17:42:08.963  2599  3241 I HoneySpace.HistoryViewModel@30801294@OneUI: launcherShowing : true, recentShowing : false, isInteractive : true, state : 0, minusOne : false
06-29 17:42:08.963  2599  8612 I HoneySpace.WallpaperAnimator: onAnimationCancelled
06-29 17:42:08.963  2599  4537 I HoneySpace.HistoryViewModel@264438248@OneUI: loadItems(HOTSEATBAR) called - delay=200, reason=Update
06-29 17:42:08.963  1611  2828 D WindowManager: finishRemoteWallpaperAnimation, success=true
06-29 17:42:08.963  2599  2599 I HoneySpace.HistoryTaskView@35327792@OneUI: loading ? true
06-29 17:42:08.965  1140  1140 I SurfaceFlinger: destroyed Decor container of Task=215#1418
06-29 17:42:08.965  1140  1140 I SurfaceFlinger: destroyed Transition Root: Task=200#1441
06-29 17:42:08.965  1140  1140 I SurfaceFlinger: destroyed Surface(name=Task=200)/@0x8fb12bd_transition-leash#1442
06-29 17:42:08.965  1140  1140 I SurfaceFlinger: destroyed Surface(name=Task=215)/@0x8943380_transition-leash#1443
06-29 17:42:08.965  1140  1140 I SurfaceFlinger: [LayerHierarchy{RequestedLayerState{com.aistudio.nexiumhealth.qptwyx/com.example.MainActivity$_11117#1428} 1 children}] reparent to OffscreenRoot
06-29 17:42:08.965  1140  1140 I SurfaceFlinger: [LayerHierarchy{RequestedLayerState{com.aistudio.nexiumhealth.qptwyx/com.example.MainActivity$_11117#1428} 1 children}] RelativeParent to null
06-29 17:42:08.965  1140  1140 I SurfaceFlinger: [LayerHierarchy{RequestedLayerState{Task=215#1412 z=7} 1 children}] reparent to OffscreenRoot
06-29 17:42:08.965  1140  1140 I SurfaceFlinger: [LayerHierarchy{RequestedLayerState{Task=215#1412 z=7} 1 children}] RelativeParent to null
06-29 17:42:08.965  1140  1140 I SurfaceFlinger: [LayerHierarchy{RequestedLayerState{ActivityRecord{125129199 u0 com.aistudio.nexiumhealth.qptwyx/com.example.MainActivity t215}#1413} 2 children}] reparent to OffscreenRoot
06-29 17:42:08.965  1140  1140 I SurfaceFlinger: [LayerHierarchy{RequestedLayerState{ActivityRecord{125129199 u0 com.aistudio.nexiumhealth.qptwyx/com.example.MainActivity t215}#1413} 2 children}] RelativeParent to null
06-29 17:42:08.965  1140  1140 I SurfaceFlinger: [LayerHierarchy{RequestedLayerState{3e74c76 com.aistudio.nexiumhealth.qptwyx/com.example.MainActivity#1427} no children}] reparent to OffscreenRoot
06-29 17:42:08.965  1140  1140 I SurfaceFlinger: [LayerHierarchy{RequestedLayerState{3e74c76 com.aistudio.nexiumhealth.qptwyx/com.example.MainActivity#1427} no children}] RelativeParent to null
06-29 17:42:08.965  1140  1140 I SurfaceFlinger: [LayerHierarchy{RequestedLayerState{Task=215#1447 z=7} no children}] reparent to OffscreenRoot
06-29 17:42:08.965  1140  1140 I SurfaceFlinger: [LayerHierarchy{RequestedLayerState{Task=215#1447 z=7} no children}] RelativeParent to null
06-29 17:42:08.966  1140  1140 I Layer   : id=1442 Destroyed Surface(name=Task=200)/@0x8fb12bd_transition-leash#1442
06-29 17:42:08.966  1140  1140 I Layer   : id=1443 Destroyed Surface(name=Task=215)/@0x8943380_transition-leash#1443
06-29 17:42:08.966  1140  1140 I Layer   : id=1418 Destroyed Decor container of Task=215#1418
06-29 17:42:08.966  1140  1140 I Layer   : id=1441 Destroyed Transition Root: Task=200#1441
06-29 17:42:08.966  1140  1140 I SurfaceFlinger: onHandleDestroyed: layerId=1447, name=Task=215#1447
06-29 17:42:08.966  1140  1140 I SurfaceFlinger: id=1447 Removed Task=215#1447 (138)
06-29 17:42:08.966  1140  1140 I SurfaceFlinger: onHandleDestroyed: layerId=1413, name=ActivityRecord{125129199 u0 com.aistudio.nexiumhealth.qptwyx/com.example.MainActivity t215}#1413
06-29 17:42:08.966  1140  1140 I SurfaceFlinger: id=1413 Removed ActivityRecord{125129199 u0 com.aistudio.nexiumhealth.qptwyx/com.example.MainActivity t215}#1413 (138)
06-29 17:42:08.966  1140  1140 I SurfaceFlinger: onHandleDestroyed: layerId=1427, name=3e74c76 com.aistudio.nexiumhealth.qptwyx/com.example.MainActivity#1427
06-29 17:42:08.966  1140  1140 I SurfaceFlinger: id=1427 Removed 3e74c76 com.aistudio.nexiumhealth.qptwyx/com.example.MainActivity#1427 (138)
06-29 17:42:08.966  1140  1140 I SurfaceFlinger: onHandleDestroyed: layerId=1428, name=com.aistudio.nexiumhealth.qptwyx/com.example.MainActivity$_11117#1428
06-29 17:42:08.966  1140  1140 I SurfaceFlinger: id=1428 Removed com.aistudio.nexiumhealth.qptwyx/com.example.MainActivity$_11117#1428 (138)
06-29 17:42:08.976  1140  1140 I SurfaceFlinger: destroyed Bounds for - com.aistudio.nexiumhealth.qptwyx/com.example.MainActivity@0#1433
06-29 17:42:08.976  1140  1140 I SurfaceFlinger: destroyed com.aistudio.nexiumhealth.qptwyx/com.example.MainActivity$_11117#1428
06-29 17:42:08.976  1140  1140 I SurfaceFlinger: destroyed ActivityRecord{125129199 u0 com.aistudio.nexiumhealth.qptwyx/com.example.MainActivity t215}#1413
06-29 17:42:08.976  1140  1140 I SurfaceFlinger: destroyed Task=215#1447
06-29 17:42:08.976  1140  1140 I SurfaceFlinger: destroyed c2827c9 ActivityRecordInputSink com.aistudio.nexiumhealth.qptwyx/com.example.MainActivity#1417
06-29 17:42:08.976  1140  1140 I SurfaceFlinger: destroyed 3e74c76 com.aistudio.nexiumhealth.qptwyx/com.example.MainActivity#1427
06-29 17:42:08.976  1140  1140 I SurfaceFlinger: [LayerHierarchy{RequestedLayerState{RemoteWallpaperAnim:1:1#7 parentId=4 z=1} 1 children}] reparent to LayerHierarchy{RequestedLayerState{OneHanded:0:14#4 parentId=3} 4 children}
06-29 17:42:08.976  1140  1140 I SurfaceFlinger: [LayerHierarchy{RequestedLayerState{Surface(name=RemoteWallpaperAnim:1:1)/@0xf3ae3b5 - animation-leash of remote_wallpaper#1445 z=1} no children}] reparent to OffscreenRoot
06-29 17:42:08.976  1140  1140 I SurfaceFlinger: [LayerHierarchy{RequestedLayerState{Surface(name=RemoteWallpaperAnim:1:1)/@0xf3ae3b5 - animation-leash of remote_wallpaper#1445 z=1} no children}] RelativeParent to null
06-29 17:42:08.977  1140  1140 I Layer   : id=1433 Destroyed Bounds for - com.aistudio.nexiumhealth.qptwyx/com.example.MainActivity@0#1433
06-29 17:42:08.977  1140  1140 I Layer   : id=1417 Destroyed c2827c9 ActivityRecordInputSink com.aistudio.nexiumhealth.qptwyx/com.example.MainActivity#1417
06-29 17:42:08.977  1140  1140 E BpTransactionCompletedListener: Failed to transact (-32)
06-29 17:42:08.977  1140  1140 I Layer   : id=1428 Destroyed com.aistudio.nexiumhealth.qptwyx/com.example.MainActivity$_11117#1428
06-29 17:42:08.977  1140  1140 I Layer   : id=1427 Destroyed 3e74c76 com.aistudio.nexiumhealth.qptwyx/com.example.MainActivity#1427
06-29 17:42:08.977  1140  1140 I Layer   : id=1413 Destroyed ActivityRecord{125129199 u0 com.aistudio.nexiumhealth.qptwyx/com.example.MainActivity t215}#1413
06-29 17:42:08.977  1140  1140 I Layer   : id=1447 Destroyed Task=215#1447
06-29 17:42:08.977  1140  1140 I SurfaceFlinger: onHandleDestroyed: layerId=1445, name=Surface(name=RemoteWallpaperAnim:1:1)/@0xf3ae3b5 - animation-leash of remote_wallpaper#1445
06-29 17:42:08.977  1140  1140 I SurfaceFlinger: id=1445 Removed Surface(name=RemoteWallpaperAnim:1:1)/@0xf3ae3b5 - animation-leash of remote_wallpaper#1445 (132)
06-29 17:42:08.987  1140  1140 I SurfaceFlinger: destroyed Surface(name=RemoteWallpaperAnim:1:1)/@0xf3ae3b5 - animation-leash of remote_wallpaper#1445
06-29 17:42:08.988  1140  1140 I Layer   : id=1445 Destroyed Surface(name=RemoteWallpaperAnim:1:1)/@0xf3ae3b5 - animation-leash of remote_wallpaper#1445
06-29 17:42:08.988  1140  1230 E SfCpu   :  sched_setaffinity return fail 1140
06-29 17:42:08.988  1140  1230 E SfCpu   :  sched_setaffinity return fail 1234
06-29 17:42:08.988  1140  1230 E SfCpu   :  sched_setaffinity return fail 1230
06-29 17:42:08.988  1140  1230 E SfCpu   :  sched_setaffinity return fail 1084
06-29 17:42:08.988  1140  1230 E SfCpu   :  sched_setaffinity return fail 1064
06-29 17:42:09.002  8891  8891 W Finsky  : [2] STU: Failed to get storage stats for package 'com.android.apex.cts.shim' (1601: Error getting stats: android.content.pm.PackageManager.NameNotFoundException)
06-29 17:42:09.010  1611  1650 W ActivityTaskManager: Activity top resumed state loss timeout for ActivityRecord{125129199 u0 com.aistudio.nexiumhealth.qptwyx/com.example.MainActivity t-1 f}}
06-29 17:42:09.010  1611  1650 D ActivityTaskManager: scheduleTopResumedActivityChanged, onTop=true, r=ActivityRecord{231188647 u0 com.sec.android.app.launcher/.activities.LauncherActivity t201}, caller=com.android.server.wm.ActivityTaskSupervisor.scheduleTopResumedActivityStateIfNeeded:18 com.android.server.wm.ActivityTaskSupervisor.handleTopResumedStateReleased:44 com.android.server.wm.ActivityTaskSupervisor$ActivityTaskSupervisorHandler.handleMessageInner:42 com.android.server.wm.ActivityTaskSupervisor$ActivityTaskSupervisorHandler.handleMessage:11 android.os.Handler.dispatchMessage:110 android.os.Looper.loopOnce:273 
06-29 17:42:09.022  8891  8891 W Finsky  : [2] STU: Failed to get storage stats for package 'com.google.android.appsearch' (1601: Error getting stats: android.content.pm.PackageManager.NameNotFoundException)
06-29 17:42:09.025  8891  8891 W Finsky  : [2] STU: Failed to get storage stats for package 'com.google.android.art' (1601: Error getting stats: android.content.pm.PackageManager.NameNotFoundException)
06-29 17:42:09.029  8891  8891 W Finsky  : [2] STU: Failed to get storage stats for package 'com.android.bt' (1601: Error getting stats: android.content.pm.PackageManager.NameNotFoundException)
06-29 17:42:09.045  8891  8891 W Finsky  : [2] STU: Failed to get storage stats for package 'com.google.android.mediaprovider' (1601: Error getting stats: android.content.pm.PackageManager.NameNotFoundException)
06-29 17:42:09.052  8891  8891 W Finsky  : [2] STU: Failed to get storage stats for package 'com.android.virt' (1601: Error getting stats: android.content.pm.PackageManager.NameNotFoundException)
06-29 17:42:09.054  1064  1273 I hwcomposer: [HWC] (0)fire a callback of refresh to SF[4]  
06-29 17:42:09.055  8891  8891 W Finsky  : [2] STU: Failed to get storage stats for package 'com.google.android.resolv' (1601: Error getting stats: android.content.pm.PackageManager.NameNotFoundException)
06-29 17:42:09.061  8891  8891 W Finsky  : [2] STU: Failed to get storage stats for package 'com.google.android.configinfrastructure' (1601: Error getting stats: android.content.pm.PackageManager.NameNotFoundException)
06-29 17:42:09.061  8891  8891 W Finsky  : [2] STU: Failed to get storage stats for package 'com.google.android.media' (1601: Error getting stats: android.content.pm.PackageManager.NameNotFoundException)
06-29 17:42:09.071  8891  8891 W Finsky  : [2] STU: Failed to get storage stats for package 'com.android.vndk.v34' (1601: Error getting stats: android.content.pm.PackageManager.NameNotFoundException)
06-29 17:42:09.085  8891  8891 W Finsky  : [2] STU: Failed to get storage stats for package 'com.google.android.sdkext' (1601: Error getting stats: android.content.pm.PackageManager.NameNotFoundException)
06-29 17:42:09.088  8891  8891 W Finsky  : [2] STU: Failed to get storage stats for package 'com.samsung.android.biometrics.face' (1601: Error getting stats: android.content.pm.PackageManager.NameNotFoundException)
06-29 17:42:09.089  8891  8891 W Finsky  : [2] STU: Failed to get storage stats for package 'com.google.android.adservices' (1601: Error getting stats: android.content.pm.PackageManager.NameNotFoundException)
06-29 17:42:09.089  8891  8891 W Finsky  : [2] STU: Failed to get storage stats for package 'com.google.android.tethering' (1601: Error getting stats: android.content.pm.PackageManager.NameNotFoundException)
06-29 17:42:09.102  8891  8891 W Finsky  : [2] STU: Failed to get storage stats for package 'com.android.runtime' (1601: Error getting stats: android.content.pm.PackageManager.NameNotFoundException)
06-29 17:42:09.115  8891  8891 W Finsky  : [2] STU: Failed to get storage stats for package 'com.google.android.cellbroadcast' (1601: Error getting stats: android.content.pm.PackageManager.NameNotFoundException)
06-29 17:42:09.118  8891  8891 W Finsky  : [2] STU: Failed to get storage stats for package 'com.google.android.rkpd' (1601: Error getting stats: android.content.pm.PackageManager.NameNotFoundException)
06-29 17:42:09.133   673   673 D io_stats: !@   8,32 r 564403 21073752 w 305025 11370416 d 37144 7445688 f 13883 34166 iot 120660 0 th 0 0 0 pt 0 inp 0 0 9796.087
06-29 17:42:09.164  2599  3241 I HoneySpace.HistoryRepositoryImpl88344969@OneUI: loadHistoryItems() displayId:0, deskId:-1, rawTasks:8
06-29 17:42:09.165  2599  3241 I HoneySpace.GroupTask: userId:0, isDeviceLocked:false
06-29 17:42:09.167  8891  8891 W Finsky  : [2] STU: Failed to get storage stats for package 'com.samsung.android.vital' (1601: Error getting stats: android.content.pm.PackageManager.NameNotFoundException)
06-29 17:42:09.179  2599  3241 I HoneySpace.BadgeDataSourceImpl: Get notification count. PK(p='com.android.vending', u=UserHandle{0}) - forceBadgeCount: false, notification listener: 1, badge provider: 0
06-29 17:42:09.179  8891  8891 W Finsky  : [2] STU: Failed to get storage stats for package 'com.samsung.android.media.swcodec.vendor' (1601: Error getting stats: android.content.pm.PackageManager.NameNotFoundException)
06-29 17:42:09.182  2599  3241 I HoneySpace.HistoryRepositoryImpl88344969@OneUI: [Add] displayId:-1, deskId:-1 item:[0], (#-1,#-1,#1), item=id:-2 label:Nexium Health componnet:com.aistudio.nexiumhealth.qptwyx/com.example.MainActivity#UserHandle{0} badgeCount:0  drag:false iconState:NONE, tasks=[[id=215 windowingMode=1 user=0 lastActiveTime=9795463] null], [RecentApp], showRunningCue=false, isRunning=false, isMinimized=false, [215]
06-29 17:42:09.182  2599  3241 I HoneySpace.HistoryRepositoryImpl88344969@OneUI: [Add] displayId:0, deskId:-1 item:[0], (#0,#-1,#1), item=id:-2 label:Bluetooth componnet:com.android.settings/.Settings$BluetoothSettingsActivity#UserHandle{0} badgeCount:0  drag:false iconState:NONE, tasks=[[id=192 windowingMode=1 user=0 lastActiveTime=5469733] null], [RecentApp], showRunningCue=false, isRunning=true, isMinimized=false, [192]
06-29 17:42:09.182  2599  3241 I HoneySpace.HistoryRepositoryImpl88344969@OneUI: [Add] displayId:-1, deskId:-1 item:[0], (#-1,#-1,#1), item=id:-2 label:Browser componnet:com.sec.android.app.sbrowser/.SBrowserMainActivity#UserHandle{0} badgeCount:0  drag:false iconState:NONE, tasks=[[id=195 windowingMode=1 user=0 lastActiveTime=3443064] null], [RecentApp], showRunningCue=false, isRunning=false, isMinimized=false, [195]
06-29 17:42:09.182  2599  3241 I HoneySpace.HistoryRepositoryImpl88344969@OneUI: [Add] displayId:-1, deskId:-1 item:[0], (#-1,#-1,#1), item=id:-2 label:YouTube componnet:com.google.android.youtube/.app.honeycomb.Shell$HomeActivity#UserHandle{0} badgeCount:0  drag:false iconState:NONE, tasks=[[id=188 windowingMode=0 user=0 lastActiveTime=21972] null], [RecentApp], showRunningCue=false, isRunning=false, isMinimized=false, [188]
06-29 17:42:09.182  2599  3241 I HoneySpace.HistoryRepositoryImpl88344969@OneUI: [Add] displayId:-1, deskId:-1 item:[0], (#-1,#-1,#1), item=id:-2 label:Google Play componnet:com.android.vending/.AssetBrowserActivity#UserHandle{0} badgeCount:1  drag:false iconState:NONE, tasks=[[id=161 windowingMode=0 user=0 lastActiveTime=21970] null], [RecentApp], showRunningCue=false, isRunning=false, isMinimized=false, [161]
06-29 17:42:09.183  2599  3241 I HoneySpace.HistoryRepositoryImpl88344969@OneUI: result : 5
06-29 17:42:09.183  2599  3241 I HoneySpace.HistoryViewModel@264438248@OneUI: getSuggestedAppsData
06-29 17:42:09.183  2599  3241 I HoneySpace.SuggestedAppsRepositoryImpl: fetchSuggestedApps()
06-29 17:42:09.184  2599  3241 I HoneySpace.GroupTask: userId:0, isDeviceLocked:false
06-29 17:42:09.184  2599  3241 I HoneySpace.SuggestedAppsRepositoryImpl: getTaskListData() collected: 8
06-29 17:42:09.184  2599  3241 I HoneySpace.SuggestedItemsFacade: updateTaskList : 8
06-29 17:42:09.184  2599  3241 I HoneySpace.BadgeDataSourceImpl: Get notification count. PK(p='com.android.vending', u=UserHandle{0}) - forceBadgeCount: false, notification listener: 1, badge provider: 0
06-29 17:42:09.185  2599  3241 I HoneySpace.SuggestedAppsRepositoryImpl: getDPSData() collected: 9
06-29 17:42:09.185  2599  3241 I HoneySpace.SuggestedItemsFacade: updateItems :  9
06-29 17:42:09.185  2599  3241 I HoneySpace.SuggestedItemsFacade: DPS items : Chrome, com.android.chrome/com.google.android.apps.chrome.Main#UserHandle{0}
06-29 17:42:09.185  2599  3241 I HoneySpace.SuggestedItemsFacade: DPS items : ╨б╨╛╨╛╨▒╤Й╨╡╨╜╨╕╤П, com.google.android.apps.messaging/.ui.ConversationListActivity#UserHandle{0}
06-29 17:42:09.185  2599  3241 I HoneySpace.SuggestedItemsFacade: DPS items : Google Play, com.android.vending/.AssetBrowserActivity#UserHandle{0}
06-29 17:42:09.185  2599  3241 I HoneySpace.SuggestedItemsFacade: DPS items : Gmail, com.google.android.gm/.ConversationListActivityGmail#UserHandle{0}
06-29 17:42:09.185  2599  3241 I HoneySpace.SuggestedItemsFacade: DPS items : YouTube, com.google.android.youtube/.app.honeycomb.Shell$HomeActivity#UserHandle{0}
06-29 17:42:09.185  2599  3241 I HoneySpace.SuggestedItemsFacade: DPS items : ╨Э╨░╤Б╤В╤А╨╛╨╣╨║╨╕, com.android.settings/.Settings#UserHandle{0}
06-29 17:42:09.185  2599  3241 I HoneySpace.SuggestedItemsFacade: DPS items : ╨д╨╛╤В╨╛, com.google.android.apps.photos/.home.HomeActivity#UserHandle{0}
06-29 17:42:09.185  2599  3241 I HoneySpace.SuggestedItemsFacade: DPS items : Outlook, com.microsoft.office.outlook/.MainActivity#UserHandle{0}
06-29 17:42:09.185  2599  3241 I HoneySpace.SuggestedItemsFacade: DPS items : ╨Ъ╨░╤А╤В╤Л, com.google.android.apps.maps/com.google.android.maps.MapsActivity#UserHandle{0}
06-29 17:42:09.185  8891  8891 W Finsky  : [2] STU: Failed to get storage stats for package 'com.android.compos' (1601: Error getting stats: android.content.pm.PackageManager.NameNotFoundException)
06-29 17:42:09.185  2599  3241 I HoneySpace.FilteredItemProvider: collect filtered items o, [PK(p='com.aistudio.nexiumhealth.qptwyx', u=UserHandle{0}), PK(p='com.google.android.gms', u=UserHandle{0}), PK(p='com.android.settings', u=UserHandle{0}), PK(p='com.sec.android.app.sbrowser', u=UserHandle{0})]
06-29 17:42:09.185  2599  3241 I HoneySpace.FilteredItemProvider: collect filtered items i, [PK(p='com.sec.android.app.camera', u=UserHandle{0}), PK(p='com.samsung.android.app.notes', u=UserHandle{0}), PK(p='com.sec.android.app.sbrowser', u=UserHandle{0}), PK(p='com.google.android.apps.messaging', u=UserHandle{0}), PK(p='com.sec.android.app.myfiles', u=UserHandle{0})]
06-29 17:42:09.185  2599  3241 I HoneySpace.FilteredItemProvider: collect filtered items e, [PK(p='com.samsung.android.appseparation', u=UserHandle{0})]
06-29 17:42:09.185  2599  3241 I HoneySpace.FilteredItemProvider: collect filtered items g, []
06-29 17:42:09.185  2599  3241 I HoneySpace.FilteredItemProvider: collect filtered items m, []
06-29 17:42:09.185  2599  3241 I HoneySpace.FilteredItemProvider: collect filtered items b, []
06-29 17:42:09.186  2599  3241 I HoneySpace.FilteredItemProvider: collect filtered items d, []
06-29 17:42:09.186  2599  3241 I HoneySpace.SuggestedItemsFacade: filteredItem : PK(p='com.aistudio.nexiumhealth.qptwyx', u=UserHandle{0})
06-29 17:42:09.186  2599  3241 I HoneySpace.SuggestedItemsFacade: filteredItem : PK(p='com.google.android.gms', u=UserHandle{0})
06-29 17:42:09.186  2599  3241 I HoneySpace.SuggestedItemsFacade: filteredItem : PK(p='com.android.settings', u=UserHandle{0})
06-29 17:42:09.186  2599  3241 I HoneySpace.SuggestedItemsFacade: item removed by filter - PK(p='com.android.settings', u=UserHandle{0})
06-29 17:42:09.186  2599  3241 I HoneySpace.SuggestedItemsFacade: filteredItem : PK(p='com.sec.android.app.sbrowser', u=UserHandle{0})
06-29 17:42:09.186  2599  3241 I HoneySpace.SuggestedItemsFacade: filteredItem : PK(p='com.sec.android.app.camera', u=UserHandle{0})
06-29 17:42:09.186  2599  3241 I HoneySpace.SuggestedItemsFacade: filteredItem : PK(p='com.samsung.android.app.notes', u=UserHandle{0})
06-29 17:42:09.186  2599  3241 I HoneySpace.SuggestedItemsFacade: filteredItem : PK(p='com.google.android.apps.messaging', u=UserHandle{0})
06-29 17:42:09.186  2599  3241 I HoneySpace.SuggestedItemsFacade: item removed by filter - PK(p='com.google.android.apps.messaging', u=UserHandle{0})
06-29 17:42:09.186  2599  3241 I HoneySpace.SuggestedItemsFacade: filteredItem : PK(p='com.sec.android.app.myfiles', u=UserHandle{0})
06-29 17:42:09.186  2599  3241 I HoneySpace.SuggestedItemsFacade: filteredItem : PK(p='com.samsung.android.appseparation', u=UserHandle{0})
06-29 17:42:09.186  2599  3241 I HoneySpace.BadgeDataSourceImpl: Get notification count. PK(p='com.android.vending', u=UserHandle{0}) - forceBadgeCount: false, notification listener: 1, badge provider: 0
06-29 17:42:09.187  2599  3241 I HoneySpace.SuggestedItemsFacade: after getFilteredDPSItems: 7 / max: 18
06-29 17:42:09.187  2599  3241 I HoneySpace.SuggestedAppsProvider[InstalledItems]: Initialized time=Mon Apr 13 17:03:39 GMT+05:00 2026
06-29 17:42:09.191  2599  5105 I Kumiho-Kumiho: getPackageName: com.sec.android.app.launcher
06-29 17:42:09.192  2599  5105 I Kumiho-Kumiho: getPackageName: com.sec.android.app.launcher
06-29 17:42:09.192  1611  1628 I BpBinder: onLastStrongRef automatically unlinking death recipients: 
06-29 17:42:09.193  2599  5105 I Kumiho-Kumiho: getPackageName: com.sec.android.app.launcher
06-29 17:42:09.193  1611  1629 W System  : A resource failed to call release. 
06-29 17:42:09.194  2599  5105 I Kumiho-Kumiho: getPackageName: com.sec.android.app.launcher
06-29 17:42:09.194  2599  5105 I Kumiho-Kumiho: getPackageName: com.sec.android.app.launcher
06-29 17:42:09.195  2599  5105 I Kumiho-Kumiho: getPackageName: com.sec.android.app.launcher
06-29 17:42:09.195  2599  5105 I Kumiho-Kumiho: getPackageName: com.sec.android.app.launcher
06-29 17:42:09.196  2599  5105 I Kumiho-Kumiho: getPackageName: com.sec.android.app.launcher
06-29 17:42:09.196  2599  5105 I Kumiho-Kumiho: getPackageName: com.sec.android.app.launcher
06-29 17:42:09.197  2599  5105 I Kumiho-Kumiho: getPackageName: com.sec.android.app.launcher
06-29 17:42:09.197  2599  5105 I Kumiho-Kumiho: getPackageName: com.sec.android.app.launcher
06-29 17:42:09.197  2599  5105 I Kumiho-Kumiho: getPackageName: com.sec.android.app.launcher
06-29 17:42:09.197  2599  5105 I Kumiho-Kumiho: getPackageName: com.sec.android.app.launcher
06-29 17:42:09.198  2599  5105 I Kumiho-Kumiho: getPackageName: com.sec.android.app.launcher
06-29 17:42:09.198  2599  5105 I Kumiho-Kumiho: getPackageName: com.sec.android.app.launcher
06-29 17:42:09.198  8891  8891 W Finsky  : [2] STU: Failed to get storage stats for package 'com.google.android.tzdata6' (1601: Error getting stats: android.content.pm.PackageManager.NameNotFoundException)
06-29 17:42:09.198  2599  5105 I Kumiho-Kumiho: getPackageName: com.sec.android.app.launcher
06-29 17:42:09.199  2599  5105 I Kumiho-Kumiho: getPackageName: com.sec.android.app.launcher
06-29 17:42:09.199  2599  5105 I Kumiho-Kumiho: getPackageName: com.sec.android.app.launcher
06-29 17:42:09.199  2599  5105 I Kumiho-Kumiho: getPackageName: com.sec.android.app.launcher
06-29 17:42:09.200  2599  5105 I Kumiho-Kumiho: getPackageName: com.sec.android.app.launcher
06-29 17:42:09.200  2599  5105 I Kumiho-Kumiho: getPackageName: com.sec.android.app.launcher
06-29 17:42:09.200  2599  5105 I Kumiho-Kumiho: getPackageName: com.sec.android.app.launcher
06-29 17:42:09.201  2599  5105 I Kumiho-Kumiho: getPackageName: com.sec.android.app.launcher
06-29 17:42:09.201  2599  5105 I Kumiho-Kumiho: getPackageName: com.sec.android.app.launcher
06-29 17:42:09.201  2599  5105 I Kumiho-Kumiho: getPackageName: com.sec.android.app.launcher
06-29 17:42:09.202  2599  5105 I Kumiho-Kumiho: getPackageName: com.sec.android.app.launcher
06-29 17:42:09.202  2599  5105 I Kumiho-Kumiho: getPackageName: com.sec.android.app.launcher
06-29 17:42:09.202  2599  5105 I Kumiho-Kumiho: getPackageName: com.sec.android.app.launcher
06-29 17:42:09.203  2599  5105 I Kumiho-Kumiho: getPackageName: com.sec.android.app.launcher
06-29 17:42:09.203  2599  5105 I Kumiho-Kumiho: getPackageName: com.sec.android.app.launcher
06-29 17:42:09.203  2599  5105 I Kumiho-Kumiho: getPackageName: com.sec.android.app.launcher
06-29 17:42:09.204  2599  5105 I Kumiho-Kumiho: getPackageName: com.sec.android.app.launcher
06-29 17:42:09.204  2599  5105 I Kumiho-Kumiho: getPackageName: com.sec.android.app.launcher
06-29 17:42:09.204  2599  5105 I Kumiho-Kumiho: getPackageName: com.sec.android.app.launcher
06-29 17:42:09.204  2599  5105 I Kumiho-Kumiho: getPackageName: com.sec.android.app.launcher
06-29 17:42:09.205  2599  5105 I Kumiho-Kumiho: getPackageName: com.sec.android.app.launcher
06-29 17:42:09.205  2599  5105 I Kumiho-Kumiho: getPackageName: com.sec.android.app.launcher
06-29 17:42:09.205  2599  5105 I Kumiho-Kumiho: getPackageName: com.sec.android.app.launcher
06-29 17:42:09.206  2599  5105 I Kumiho-Kumiho: getPackageName: com.sec.android.app.launcher
06-29 17:42:09.206  2599  5105 I Kumiho-Kumiho: getPackageName: com.sec.android.app.launcher
06-29 17:42:09.206  2599  5105 I Kumiho-Kumiho: getPackageName: com.sec.android.app.launcher
06-29 17:42:09.207  2599  5105 I Kumiho-Kumiho: getPackageName: com.sec.android.app.launcher
06-29 17:42:09.207  2599  5105 I Kumiho-Kumiho: getPackageName: com.sec.android.app.launcher
06-29 17:42:09.207  2599  5105 I Kumiho-Kumiho: getPackageName: com.sec.android.app.launcher
06-29 17:42:09.207  2599  5105 I Kumiho-Kumiho: getPackageName: com.sec.android.app.launcher
06-29 17:42:09.208  2599  5105 I Kumiho-Kumiho: getPackageName: com.sec.android.app.launcher
06-29 17:42:09.209  2599 11072 I HoneySpace.FilteredItemProvider: collect filtered items o, [PK(p='com.aistudio.nexiumhealth.qptwyx', u=UserHandle{0}), PK(p='com.google.android.gms', u=UserHandle{0}), PK(p='com.android.settings', u=UserHandle{0}), PK(p='com.sec.android.app.sbrowser', u=UserHandle{0})]
06-29 17:42:09.210  2599 11072 I HoneySpace.FilteredItemProvider: collect filtered items i, [PK(p='com.sec.android.app.camera', u=UserHandle{0}), PK(p='com.samsung.android.app.notes', u=UserHandle{0}), PK(p='com.sec.android.app.sbrowser', u=UserHandle{0}), PK(p='com.google.android.apps.messaging', u=UserHandle{0}), PK(p='com.sec.android.app.myfiles', u=UserHandle{0})]
06-29 17:42:09.210  2599 11072 I HoneySpace.FilteredItemProvider: collect filtered items e, [PK(p='com.samsung.android.appseparation', u=UserHandle{0})]
06-29 17:42:09.210  2599 11072 I HoneySpace.FilteredItemProvider: collect filtered items g, []
06-29 17:42:09.210  2599 11072 I HoneySpace.FilteredItemProvider: collect filtered items m, []
06-29 17:42:09.210  2599 11072 I HoneySpace.FilteredItemProvider: collect filtered items b, []
06-29 17:42:09.210  2599 11072 I HoneySpace.FilteredItemProvider: collect filtered items d, []
06-29 17:42:09.210  2599 11072 I HoneySpace.SuggestedAppsProvider: Collecting Start : Q5.f@31a8b62
06-29 17:42:09.210  2599 11072 I HoneySpace.SuggestedAppsProvider: Collecting Start : Q5.z@89164f3
06-29 17:42:09.210  8891  8891 W Finsky  : [2] STU: Failed to get storage stats for package 'com.google.android.permission' (1601: Error getting stats: android.content.pm.PackageManager.NameNotFoundException)
06-29 17:42:09.212  2599 11072 I HoneySpace.SuggestedAppsProvider[UsedCountItems]: usageStats: 5, filter: 9, 18
06-29 17:42:09.212  2599 11072 W HoneySpace.SuggestedAppsItemMaker: Fail to create ItemInfo from com.wssyncmldm
06-29 17:42:09.212  2599 11072 W HoneySpace.SuggestedAppsItemMaker: Fail to get item com.wssyncmldm
06-29 17:42:09.212  2599 11072 I HoneySpace.SuggestedAppsProvider: Collecting Start : Q5.j@99c35b0
06-29 17:42:09.213  2599 11072 I HoneySpace.SuggestedAppsProvider: Collecting Start : Q5.n@5feac29
06-29 17:42:09.213  2599 11072 I HoneySpace.SuggestedItemsFacade: getFinalItems() : 15 / 17, 18
06-29 17:42:09.213  2599 11072 I HoneySpace.SuggestedItemsFacade: getFinalItems : Chrome, com.android.chrome/com.google.android.apps.chrome.Main#UserHandle{0}
06-29 17:42:09.213  2599 11072 I HoneySpace.SuggestedItemsFacade: getFinalItems : Google Play, com.android.vending/.AssetBrowserActivity#UserHandle{0}
06-29 17:42:09.213  2599 11072 I HoneySpace.SuggestedItemsFacade: getFinalItems : ╨д╨╛╤В╨╛, com.google.android.apps.photos/.home.HomeActivity#UserHandle{0}
06-29 17:42:09.213  2599 11072 I HoneySpace.SuggestedItemsFacade: getFinalItems : Outlook, com.microsoft.office.outlook/.MainActivity#UserHandle{0}
06-29 17:42:09.213  2599 11072 I HoneySpace.SuggestedItemsFacade: getFinalItems : ╨Ъ╨░╤А╤В╤Л, com.google.android.apps.maps/com.google.android.maps.MapsActivity#UserHandle{0}
06-29 17:42:09.213  2599 11072 I HoneySpace.SuggestedItemsFacade: getFinalItems : ╨Ъ╨░╨╗╤М╨║╤Г╨╗╤П╤В╨╛╤А, com.sec.android.app.popupcalculator/.Calculator#UserHandle{0}
06-29 17:42:09.213  2599 11072 I HoneySpace.SuggestedItemsFacade: getFinalItems : ╨У╨░╨╗╨╡╤А╨╡╤П, com.sec.android.gallery3d/com.samsung.android.gallery.app.activity.GalleryActivity#UserHandle{0}
06-29 17:42:09.213  2599 11072 I HoneySpace.SuggestedItemsFacade: getFinalItems : ╨Ъ╨░╨╗╨╡╨╜╨┤╨░╤А╤М, com.samsung.android.calendar/com.samsung.android.app.calendar.activity.MainActivity#UserHandle{0}
06-29 17:42:09.213  2599 11072 I HoneySpace.SuggestedItemsFacade: getFinalItems : ╨з╨░╤Б╤Л, com.sec.android.app.clockpackage/.ClockPackage#UserHandle{0}
06-29 17:42:09.213  2599 11072 I HoneySpace.SuggestedItemsFacade: getFinalItems : Health, com.sec.android.app.shealth/com.samsung.android.app.shealth.home.HomeMainActivity#UserHandle{0}
06-29 17:42:09.213  2599 11072 I HoneySpace.SuggestedItemsFacade: getFinalItems : ╨Ъ╨╛╨╜╤В╨░╨║╤В╤Л, com.samsung.android.app.contacts/com.samsung.android.contacts.contactslist.PeopleActivity#UserHandle{0}
06-29 17:42:09.213  2599 11072 I HoneySpace.SuggestedItemsFacade: getFinalItems : Store, com.sec.android.app.samsungapps/.SamsungAppsMainActivity#UserHandle{0}
06-29 17:42:09.214  2599 11072 I HoneySpace.SuggestedItemsFacade: getFinalItems : Gmail, com.google.android.gm/.ConversationListActivityGmail#UserHandle{0}
06-29 17:42:09.214  2599 11072 I HoneySpace.SuggestedItemsFacade: getFinalItems : ╨в╨╡╨╗╨╡╤Д╨╛╨╜, com.samsung.android.dialer/.DialtactsActivity#UserHandle{0}
06-29 17:42:09.214  2599 11072 I HoneySpace.SuggestedItemsFacade: getFinalItems : YouTube, com.google.android.youtube/.app.honeycomb.Shell$HomeActivity#UserHandle{0}
06-29 17:42:09.214  2599 11072 I HoneySpace.SuggestedAppsRepositoryImpl: fetchSuggestedApps() end: 15, isDPSAvailable: true
06-29 17:42:09.214  2599 11072 I HoneySpace.HistoryViewModel@264438248@OneUI: classify subHotseat items, mode:Base
06-29 17:42:09.221  2599 11072 I HoneySpace.BadgeDataSourceImpl: Get notification count. PK(p='com.android.vending', u=UserHandle{0}) - forceBadgeCount: false, notification listener: 1, badge provider: 0
06-29 17:42:09.224  2599 11072 I HoneySpace.MultiWindowUtils: isMultiInstanceComponent() isSingleInstancePerTask = true
06-29 17:42:09.238  1611 11302 D SemInputDeviceManager: setProperty: (0) CMD,GRIP_DATA,2,1,0,0,4,4,25,25
06-29 17:42:09.238  1611 11302 D TspStateManager: wrote command: cmd=2,1,0,0,4,4,25,25, type=2
06-29 17:42:09.239  1611  1947 D SemInputDevice:TSP: SetPropertyTask: CMD,set_grip_data,2,1,0,0,4,4,25,25 [06-29 17:42:09.238]
06-29 17:42:09.240  2599  2599 I HoneySpace.HistoryViewModel@264438248@OneUI: loadItem(HOTSEATBAR) : recentApp=id:-1025 label:Nexium Health componnet:com.aistudio.nexiumhealth.qptwyx/com.example.MainActivity#UserHandle{0} badgeCount:0  drag:false iconState:NONE, displayId:-1, deskId:-1, taskInfo=[[id=215 windowingMode=1 user=0 lastActiveTime=9795463] null], isRunning=false, isMinimized=false, [215]
06-29 17:42:09.240  2599  2599 I HoneySpace.HistoryViewModel@264438248@OneUI: loadItem(HOTSEATBAR) : recentApp=id:-1037 label:Bluetooth componnet:com.android.settings/.Settings$BluetoothSettingsActivity#UserHandle{0} badgeCount:0  drag:false iconState:NONE, displayId:0, deskId:-1, taskInfo=[[id=192 windowingMode=1 user=0 lastActiveTime=5469733] null], isRunning=true, isMinimized=false, [192]
06-29 17:42:09.240  2599  2599 I HoneySpace.HistoryViewModel@264438248@OneUI: loadItem(HOTSEATBAR) : recentApp=id:-1024 label:YouTube componnet:com.google.android.youtube/.app.honeycomb.Shell$HomeActivity#UserHandle{0} badgeCount:0  drag:false iconState:NONE, displayId:-1, deskId:-1, taskInfo=[[id=188 windowingMode=0 user=0 lastActiveTime=21972] null], isRunning=false, isMinimized=false, [188]
06-29 17:42:09.241  2599  2599 I HoneySpace.HistoryTaskView@35327792@OneUI: loading ? false
06-29 17:42:09.241  2599  2599 I HoneySpace.HistoryTaskView@35327792@OneUI: current state com.honeyspace.sdk.HomeScreen$Normal@d82e63e
06-29 17:42:09.256  8891  8891 W Finsky  : [2] STU: Failed to get storage stats for package 'com.google.android.media.swcodec' (1601: Error getting stats: android.content.pm.PackageManager.NameNotFoundException)
06-29 17:42:09.258  8891  8891 W Finsky  : [2] STU: Failed to get storage stats for package 'com.android.uprobestats' (1601: Error getting stats: android.content.pm.PackageManager.NameNotFoundException)
06-29 17:42:09.263  8891  8891 W Finsky  : [2] STU: Failed to get storage stats for package 'com.android.profiling' (1601: Error getting stats: android.content.pm.PackageManager.NameNotFoundException)
06-29 17:42:09.270  1109  1129 I sysinput:aidl: onReportInformation:91, 1, cmd@set_grip_data,2,1,0,0,4,4,
06-29 17:42:09.270  1109  1129 I sysinput:Touch1: operator():237, OK
06-29 17:42:09.270  1611  1947 D SysinputHAL_AIDL: setProperty(TSP(1)): CMD, set_grip_data,2,1,0,0,4,4,25,25 ret=0
06-29 17:42:09.270  7120  7120 I InputMethodService: removeImeSurface
06-29 17:42:09.270  7120  7120 I InputMethodService: cancelImeSurfaceRemoval: removeCallbacks
06-29 17:42:09.271  8891  8891 W Finsky  : [2] STU: Failed to get storage stats for package 'com.samsung.android.media.extractor' (1601: Error getting stats: android.content.pm.PackageManager.NameNotFoundException)
06-29 17:42:09.284  8891  8891 W Finsky  : [2] STU: Failed to get storage stats for package 'com.samsung.android.media.imagecodec.system' (1601: Error getting stats: android.content.pm.PackageManager.NameNotFoundException)
06-29 17:42:09.286  8891  8891 W Finsky  : [2] STU: Failed to get storage stats for package 'com.google.android.adbd' (1601: Error getting stats: android.content.pm.PackageManager.NameNotFoundException)
06-29 17:42:09.290  8891  8891 W Finsky  : [2] STU: Failed to get storage stats for package 'com.android.i18n' (1601: Error getting stats: android.content.pm.PackageManager.NameNotFoundException)
06-29 17:42:09.293  8891  8891 W Finsky  : [2] STU: Failed to get storage stats for package 'com.samsung.android.spqr' (1601: Error getting stats: android.content.pm.PackageManager.NameNotFoundException)
06-29 17:42:09.293  8891  8891 W Finsky  : [2] STU: Failed to get storage stats for package 'com.google.android.conscrypt' (1601: Error getting stats: android.content.pm.PackageManager.NameNotFoundException)
06-29 17:42:09.304  8891  8891 W Finsky  : [2] STU: Failed to get storage stats for package 'com.google.android.neuralnetworks' (1601: Error getting stats: android.content.pm.PackageManager.NameNotFoundException)
06-29 17:42:09.307  8891  8891 W Finsky  : [2] STU: Failed to get storage stats for package 'com.google.android.ipsec' (1601: Error getting stats: android.content.pm.PackageManager.NameNotFoundException)
06-29 17:42:09.309  8891  8891 W Finsky  : [2] STU: Failed to get storage stats for package 'com.android.devicelock' (1601: Error getting stats: android.content.pm.PackageManager.NameNotFoundException)
06-29 17:42:09.314  8891  8891 W Finsky  : [2] STU: Failed to get storage stats for package 'com.google.android.ondevicepersonalization' (1601: Error getting stats: android.content.pm.PackageManager.NameNotFoundException)
06-29 17:42:09.318  8891  8891 W Finsky  : [2] STU: Failed to get storage stats for package 'com.google.android.healthfitness' (1601: Error getting stats: android.content.pm.PackageManager.NameNotFoundException)
06-29 17:42:09.334  8891  8891 W Finsky  : [2] STU: Failed to get storage stats for package 'com.android.uwb' (1601: Error getting stats: android.content.pm.PackageManager.NameNotFoundException)
06-29 17:42:09.335  8891  8891 W Finsky  : [2] STU: Failed to get storage stats for package 'com.google.android.extservices' (1601: Error getting stats: android.content.pm.PackageManager.NameNotFoundException)
06-29 17:42:09.346  8891  8891 W Finsky  : [2] STU: Failed to get storage stats for package 'com.google.android.os.statsd' (1601: Error getting stats: android.content.pm.PackageManager.NameNotFoundException)
06-29 17:42:09.358  8891  8891 W Finsky  : [2] STU: Failed to get storage stats for package 'com.google.android.scheduling' (1601: Error getting stats: android.content.pm.PackageManager.NameNotFoundException)
06-29 17:42:09.361  8891  8891 W Finsky  : [2] STU: Failed to get storage stats for package 'com.samsung.android.lifeguard' (1601: Error getting stats: android.content.pm.PackageManager.NameNotFoundException)
06-29 17:42:09.365  8891  8891 I Finsky  : [2] App states replicator found 11 unowned apps
06-29 17:42:09.380  8891  8955 I Finsky  : [60] Completed 0 account content syncs with 0 successful.
06-29 17:42:09.380  8891  8891 I Finsky  : [2] [ContentSync] Installation state replication succeeded.
06-29 17:42:09.380  8891  8891 I Finsky  : [2] SCH: jobFinished: 12-1. TimeElapsed: 769ms.
06-29 17:42:09.380  8891  8891 I Finsky  : [2] WM::SCH: Logging work end for 12-1
06-29 17:42:09.383  1079 11281 I mtkpower_client: perf_lock_rel, hdl:877, tid:11281
06-29 17:42:09.384  1079 11281 I mtkpower_client: perf_lock_rel, hdl:878, tid:11281
06-29 17:42:09.384  1096  1166 I libPowerHal: [perfLockRel] hdl:877, idx:0
06-29 17:42:09.384  1096  1166 I libPowerHal: [set_cpuidle] enable:1, fd:15, scn:0xb40000769e7a3800
06-29 17:42:09.384  1096  1166 I libPowerHal: [PD] vendor.samsung. update cmd:1c3c100 param:1
06-29 17:42:09.385  1096  1166 I libPowerHal: [perfLockRel] hdl:878, idx:1
06-29 17:42:09.385  1079 11281 I HYPER-HAL: [RequestManager.cpp]releaseLocked(): Released ID : 1344008
06-29 17:42:09.385  1096  1166 I libPowerHal: [setClusterFreq]  set cpu_ctrl cpufreq: -1 -1 -1 -1 
06-29 17:42:09.388  8891  8960 I Finsky  : [63] SCH: Scheduling phonesky job Id: 1-1337, CT: 1782727326553, Constraints: [{ L: 14399998, D: 50836416, C: CHARGING_NONE, I: IDLE_NONE, N: NET_ANY, B: BATTERY_ANY }]
06-29 17:42:09.388  8891  8960 I Finsky  : [63] SCH: Scheduling phonesky job Id: 34-17, CT: 1782727329156, Constraints: [{ L: 604800000, D: 2591895159, C: CHARGING_NONE, I: IDLE_NONE, N: NET_ANY, B: BATTERY_ANY }]
06-29 17:42:09.388  8891  8960 I Finsky  : [63] SCH: Scheduling phonesky job Id: 34-20, CT: 1782727329157, Constraints: [{ L: 79094489, D: 1375094489, C: CHARGING_NONE, I: IDLE_NONE, N: NET_ANY, B: BATTERY_ANY }]
06-29 17:42:09.391  8891  8958 I Finsky  : [62] SCH: Scheduling 1 system job(s)
06-29 17:42:09.393  8891  8958 I Finsky  : [62] SCH: Scheduling system job Id: 9381, L: 4797160, D: 41233578, C: false, I: false, N: 1
06-29 17:42:09.399  8891 11283 I Finsky  : [135] SCH: job service finished with id 9376.
06-29 17:42:09.403  1611  1863 I ActivityManager: Changes in 10235 8 to 10, 128 to 0
06-29 17:42:09.406  8891  8891 I Finsky  : [2] Memory trim requested to level 40
06-29 17:42:09.406  8891  8891 I Finsky  : [2] Flushing in-memory image cache
06-29 17:42:09.578  1140  1294 D DisplayModeController: setDesiredMode 4627039422300187648 {mode={fps=60.00 Hz, modePtr={id=1, vsyncRate=60.00 Hz, peakRefreshRate=60.00 Hz}}, emitEvent=false, force=false}
06-29 17:42:09.579  1140  1294 D Scheduler: MtkOverrideDuration: update vsync 60
06-29 17:42:09.579  1140  1294 E SurfaceFlinger: MtkDuration override mode is disabled
06-29 17:42:09.579  1140  1294 D Scheduler: MtkOverrideDuration: reset override duration
06-29 17:42:09.579  1140  1294 I PowerHalWrapper: updateFps(): 60
06-29 17:42:09.584  1140  1140 I LayerHistory: com.sec.android.app.launcher/com.sec.android.app.launcher.activities.LauncherActivity$_2599#1438 Max (can't resolve refresh rate)
06-29 17:42:09.584  1140  1140 I LayerHistory: com.sec.android.app.launcher/com.samsung.app.honeyspace.edge.edgepanel.app.CocktailBarService$_2599#1444 Max (can't resolve refresh rate)
06-29 17:42:09.584  1140  1140 I LayerHistory: TaskbarWindow$_2599#123 Max (can't resolve refresh rate)
06-29 17:42:09.584  1140  1140 I LayerHistory: StatusBar$_2085#100 voted NoVote (0.00 Hz)
06-29 17:42:09.584  1140  1140 I SurfaceFlinger: Idle - choose 60.00 Hz
06-29 17:42:09.585  1140  1140 I HWComposer: [4627039422300187648] ActiveConfigToHWC, ID : 1
06-29 17:42:09.586  1064  1084 I hwcomposer: [HWCDisplay] (0) setActiveConfigWithConstraints config:1  
06-29 17:42:09.586  1064  1084 I hwcomposer: [HWCDisplay] setActiveConfigWithConstraints(), now 9796540317199, diff 1949847, estimated_applied_time 11111111 queued_size:0  
06-29 17:42:09.586  1064  1084 I hwcomposer: [HWCDisplay] Current VRR MODE is 1 | config=1  
06-29 17:42:09.586  1064  1084 I hwcomposer: [DPY] HFR match - Display config: 1, base: 1, try: 0  
06-29 17:42:09.587  1140  1226 I VSyncReactor: Current= 90, Period= 60, hwcPeriod= 90
06-29 17:42:09.591  1140  1230 E SfCpu   :  sched_setaffinity return fail 1140
06-29 17:42:09.591  1140  1230 E SfCpu   :  sched_setaffinity return fail 1234
06-29 17:42:09.591  1140  1230 E SfCpu   :  sched_setaffinity return fail 1230
06-29 17:42:09.591  1140  1230 E SfCpu   :  sched_setaffinity return fail 1084
06-29 17:42:09.591  1140  1230 E SfCpu   :  sched_setaffinity return fail 1064
06-29 17:42:09.596  1140  1226 I VSyncReactor: Current= 90, Period= 60, hwcPeriod= 60
06-29 17:42:09.597  1064  1299 I hwcomposer: [HWCDisplay] updateAppliedConfigState: applied config complete[idx:1557, config:1]  
06-29 17:42:09.597  1140  1140 I PowerHalWrapper: updateFps(): 60
06-29 17:42:09.597  1140  1140 D SurfaceFlinger: finalizeDisplayModeChange: display size = 1
06-29 17:42:09.597  1140  1140 I PowerHalWrapper: mEnableMultiDisplayMode enable=0 fps=60
06-29 17:42:09.597  1140  1140 I mtkpower_client: PowerHal_Wrap_EnableMultiDisplayMode, enable:0 fps:60 CurMultiDisplayMode:-1
06-29 17:42:09.597  1140  1140 I PowerHalWrapper: updateFps(): 60
06-29 17:42:09.608  3501  3923 I N0      : limitCPUFreq:: freq = -1
06-29 17:42:09.611  3501  3923 I SemDvfsHyPerManager: acquire hyper - TABaseBoost/3501@20, type = -999
06-29 17:42:09.611  1079  1122 I HYPER-HAL: [RequestManager.cpp]releaseLocked(): Released ID : 6140763
06-29 17:42:09.612  1079  1122 I HYPER-HAL: [RequestManager.cpp]acquire(): Acquired ID : 6200501  [3501 / 20]    HINT :      list : [TABoost / 0] 
06-29 17:42:09.758  2039  2040 D WifiHAL : WifiRequest::create vendor command to iface 50, vendor_id=0x1a11, subcmd=0x1200, res=0
06-29 17:42:09.763  2039  2040 I WifiHAL : LLS RSP: data=0xb40000711530b240, len=4500
06-29 17:42:09.763  2039  2040 I WifiHAL : LLS check_data_sanity: 1819: current_radio_stat->num_channels=38
06-29 17:42:09.763  2039  2040 I WifiHAL : LLS check_data_sanity: 1819: current_radio_stat->num_channels=0
06-29 17:42:09.763  2039  2040 I WifiHAL : LLS check_data_sanity: confirmed_size=4500, len=4500
06-29 17:42:09.781  1611  3840 D SemWifiUsabilityStatsMonitor: onWifiUsabilityStats - seqNum 3228, isSameBssidAndFreq true
06-29 17:42:09.784  2599  2760 I HoneySpace.StatusIconTracker: invokeEvent() called with: event = Wifi(visible=true, resId=2131236020, activityId=2131236045)
06-29 17:42:09.805  1140  1294 D DisplayModeController: setDesiredMode 4627039422300187648 {mode={fps=90.00 Hz, modePtr={id=0, vsyncRate=90.00 Hz, peakRefreshRate=90.00 Hz}}, emitEvent=true, force=false}
06-29 17:42:09.805  1140  1294 D Scheduler: MtkOverrideDuration: update vsync 90
06-29 17:42:09.805  1140  1294 E SurfaceFlinger: MtkDuration override mode is disabled
06-29 17:42:09.805  1140  1294 D Scheduler: MtkOverrideDuration: reset override duration
06-29 17:42:09.806  1140  1294 I PowerHalWrapper: updateFps(): 90
06-29 17:42:09.806  1064  1273 I hwcomposer: [HWC] (0)fire a callback of refresh to SF[4]  
06-29 17:42:09.811  1140  1226 I VSyncReactor: Current= 60, Period= 90, hwcPeriod= 60
06-29 17:42:09.816  1140  1140 I BufferQueueProducer: [StatusBar$_2085#100](this:0xb4000070f58188f8,id:-1,api:0,p:-1,c:1140) queueBuffer: fps=10.55 dur=1137.42 max=1016.20 min=10.86
06-29 17:42:09.817  1140  1140 I LayerHistory: com.sec.android.app.launcher/com.sec.android.app.launcher.activities.LauncherActivity$_2599#1438 Max (can't resolve refresh rate)
06-29 17:42:09.817  1140  1140 I LayerHistory: com.sec.android.app.launcher/com.samsung.app.honeyspace.edge.edgepanel.app.CocktailBarService$_2599#1444 Max (can't resolve refresh rate)
06-29 17:42:09.817  1140  1140 I LayerHistory: TaskbarWindow$_2599#123 Max (can't resolve refresh rate)
06-29 17:42:09.817  1140  1140 I LayerHistory: StatusBar$_2085#100 voted NoVote (0.00 Hz)
06-29 17:42:09.817  1140  1140 I SurfaceFlinger: Weight ignores com.sec.android.app.launcher/com.samsung.app.honeyspace.edge.edgepanel.app.CocktailBarService$_2599#1444 (type=Max, weight=0.00, seamlessness=Default) 0.00 Hz's 90.00 Hz
06-29 17:42:09.817  1140  1140 I SurfaceFlinger: Weight ignores TaskbarWindow$_2599#123 (type=Max, weight=0.06, seamlessness=Default) 0.00 Hz's 90.00 Hz
06-29 17:42:09.817  1140  1140 I SurfaceFlinger: scored - choose 90.00 Hz
06-29 17:42:09.818  1140  1140 I HWComposer: [4627039422300187648] ActiveConfigToHWC, ID : 0
06-29 17:42:09.818  1064  1084 I hwcomposer: [HWCDisplay] (0) setActiveConfigWithConstraints config:0  
06-29 17:42:09.819  1064  1084 I hwcomposer: [HWCDisplay] setActiveConfigWithConstraints(), now 9796772953199, diff 1431154, estimated_applied_time 16666667 queued_size:0  
06-29 17:42:09.819  1064  1084 I hwcomposer: [HWCDisplay] Current VRR MODE is 1 | config=0  
